###############################################################################
#
# IAR ELF Linker V7.30.3.8024/W32 for ARM                 21/Oct/2016  13:46:18
# Copyright 2007-2014 IAR Systems AB.
#
#    Output file  =  
#        D:\BLE_Lock\Sentry\examples\ble_peripheral\ble_app_gls\pca10028\s130\iar\_build\ble_app_gls_pca10028_s130.out
#    Map file     =  
#        D:\BLE_Lock\Sentry\examples\ble_peripheral\ble_app_gls\pca10028\s130\iar\_build\ble_app_gls_pca10028_s130.map
#    Command line =  
#        D:\BLE_Lock\Sentry\examples\ble_peripheral\ble_app_gls\pca10028\s130\iar\_build\app_button.o
#        D:\BLE_Lock\Sentry\examples\ble_peripheral\ble_app_gls\pca10028\s130\iar\_build\app_error.o
#        D:\BLE_Lock\Sentry\examples\ble_peripheral\ble_app_gls\pca10028\s130\iar\_build\app_error_weak.o
#        D:\BLE_Lock\Sentry\examples\ble_peripheral\ble_app_gls\pca10028\s130\iar\_build\app_fifo.o
#        D:\BLE_Lock\Sentry\examples\ble_peripheral\ble_app_gls\pca10028\s130\iar\_build\app_timer.o
#        D:\BLE_Lock\Sentry\examples\ble_peripheral\ble_app_gls\pca10028\s130\iar\_build\app_uart_fifo.o
#        D:\BLE_Lock\Sentry\examples\ble_peripheral\ble_app_gls\pca10028\s130\iar\_build\app_util_platform.o
#        D:\BLE_Lock\Sentry\examples\ble_peripheral\ble_app_gls\pca10028\s130\iar\_build\ble_advdata.o
#        D:\BLE_Lock\Sentry\examples\ble_peripheral\ble_app_gls\pca10028\s130\iar\_build\ble_advertising.o
#        D:\BLE_Lock\Sentry\examples\ble_peripheral\ble_app_gls\pca10028\s130\iar\_build\ble_bas.o
#        D:\BLE_Lock\Sentry\examples\ble_peripheral\ble_app_gls\pca10028\s130\iar\_build\ble_conn_params.o
#        D:\BLE_Lock\Sentry\examples\ble_peripheral\ble_app_gls\pca10028\s130\iar\_build\ble_conn_state.o
#        D:\BLE_Lock\Sentry\examples\ble_peripheral\ble_app_gls\pca10028\s130\iar\_build\ble_dis.o
#        D:\BLE_Lock\Sentry\examples\ble_peripheral\ble_app_gls\pca10028\s130\iar\_build\ble_gls.o
#        D:\BLE_Lock\Sentry\examples\ble_peripheral\ble_app_gls\pca10028\s130\iar\_build\ble_gls_db.o
#        D:\BLE_Lock\Sentry\examples\ble_peripheral\ble_app_gls\pca10028\s130\iar\_build\ble_racp.o
#        D:\BLE_Lock\Sentry\examples\ble_peripheral\ble_app_gls\pca10028\s130\iar\_build\ble_srv_common.o
#        D:\BLE_Lock\Sentry\examples\ble_peripheral\ble_app_gls\pca10028\s130\iar\_build\bsp.o
#        D:\BLE_Lock\Sentry\examples\ble_peripheral\ble_app_gls\pca10028\s130\iar\_build\bsp_btn_ble.o
#        D:\BLE_Lock\Sentry\examples\ble_peripheral\ble_app_gls\pca10028\s130\iar\_build\crc16.o
#        D:\BLE_Lock\Sentry\examples\ble_peripheral\ble_app_gls\pca10028\s130\iar\_build\fds.o
#        D:\BLE_Lock\Sentry\examples\ble_peripheral\ble_app_gls\pca10028\s130\iar\_build\fstorage.o
#        D:\BLE_Lock\Sentry\examples\ble_peripheral\ble_app_gls\pca10028\s130\iar\_build\gatt_cache_manager.o
#        D:\BLE_Lock\Sentry\examples\ble_peripheral\ble_app_gls\pca10028\s130\iar\_build\gatts_cache_manager.o
#        D:\BLE_Lock\Sentry\examples\ble_peripheral\ble_app_gls\pca10028\s130\iar\_build\hardfault_implementation.o
#        D:\BLE_Lock\Sentry\examples\ble_peripheral\ble_app_gls\pca10028\s130\iar\_build\iar_startup_nrf51.o
#        D:\BLE_Lock\Sentry\examples\ble_peripheral\ble_app_gls\pca10028\s130\iar\_build\id_manager.o
#        D:\BLE_Lock\Sentry\examples\ble_peripheral\ble_app_gls\pca10028\s130\iar\_build\main.o
#        D:\BLE_Lock\Sentry\examples\ble_peripheral\ble_app_gls\pca10028\s130\iar\_build\nrf_assert.o
#        D:\BLE_Lock\Sentry\examples\ble_peripheral\ble_app_gls\pca10028\s130\iar\_build\nrf_drv_clock.o
#        D:\BLE_Lock\Sentry\examples\ble_peripheral\ble_app_gls\pca10028\s130\iar\_build\nrf_drv_common.o
#        D:\BLE_Lock\Sentry\examples\ble_peripheral\ble_app_gls\pca10028\s130\iar\_build\nrf_drv_gpiote.o
#        D:\BLE_Lock\Sentry\examples\ble_peripheral\ble_app_gls\pca10028\s130\iar\_build\nrf_drv_uart.o
#        D:\BLE_Lock\Sentry\examples\ble_peripheral\ble_app_gls\pca10028\s130\iar\_build\nrf_log_backend_serial.o
#        D:\BLE_Lock\Sentry\examples\ble_peripheral\ble_app_gls\pca10028\s130\iar\_build\nrf_log_frontend.o
#        D:\BLE_Lock\Sentry\examples\ble_peripheral\ble_app_gls\pca10028\s130\iar\_build\peer_data.o
#        D:\BLE_Lock\Sentry\examples\ble_peripheral\ble_app_gls\pca10028\s130\iar\_build\peer_data_storage.o
#        D:\BLE_Lock\Sentry\examples\ble_peripheral\ble_app_gls\pca10028\s130\iar\_build\peer_database.o
#        D:\BLE_Lock\Sentry\examples\ble_peripheral\ble_app_gls\pca10028\s130\iar\_build\peer_id.o
#        D:\BLE_Lock\Sentry\examples\ble_peripheral\ble_app_gls\pca10028\s130\iar\_build\peer_manager.o
#        D:\BLE_Lock\Sentry\examples\ble_peripheral\ble_app_gls\pca10028\s130\iar\_build\pm_buffer.o
#        D:\BLE_Lock\Sentry\examples\ble_peripheral\ble_app_gls\pca10028\s130\iar\_build\pm_mutex.o
#        D:\BLE_Lock\Sentry\examples\ble_peripheral\ble_app_gls\pca10028\s130\iar\_build\RTT_Syscalls_IAR.o
#        D:\BLE_Lock\Sentry\examples\ble_peripheral\ble_app_gls\pca10028\s130\iar\_build\sdk_mapped_flags.o
#        D:\BLE_Lock\Sentry\examples\ble_peripheral\ble_app_gls\pca10028\s130\iar\_build\security_dispatcher.o
#        D:\BLE_Lock\Sentry\examples\ble_peripheral\ble_app_gls\pca10028\s130\iar\_build\security_manager.o
#        D:\BLE_Lock\Sentry\examples\ble_peripheral\ble_app_gls\pca10028\s130\iar\_build\SEGGER_RTT.o
#        D:\BLE_Lock\Sentry\examples\ble_peripheral\ble_app_gls\pca10028\s130\iar\_build\SEGGER_RTT_printf.o
#        D:\BLE_Lock\Sentry\examples\ble_peripheral\ble_app_gls\pca10028\s130\iar\_build\sensorsim.o
#        D:\BLE_Lock\Sentry\examples\ble_peripheral\ble_app_gls\pca10028\s130\iar\_build\softdevice_handler.o
#        D:\BLE_Lock\Sentry\examples\ble_peripheral\ble_app_gls\pca10028\s130\iar\_build\system_nrf51.o
#        --redirect _Printf=_PrintfFull --redirect _Scanf=_ScanfFull -o
#        D:\BLE_Lock\Sentry\examples\ble_peripheral\ble_app_gls\pca10028\s130\iar\_build\ble_app_gls_pca10028_s130.out
#        --map
#        D:\BLE_Lock\Sentry\examples\ble_peripheral\ble_app_gls\pca10028\s130\iar\_build\ble_app_gls_pca10028_s130.map
#        --config
#        D:\BLE_Lock\Sentry\examples\ble_peripheral\ble_app_gls\pca10028\s130\iar\ble_app_gls_iar_nRF5x.icf
#        --warnings_are_errors --entry __iar_program_start --inline --vfe
#
###############################################################################

*******************************************************************************
*** RUNTIME MODEL ATTRIBUTES
***

CppFlavor                     = *
__Heap_Handler                = Basic
__SystemLibrary               = DLib
__dlib_dynamic_initialization = normal


*******************************************************************************
*** PLACEMENT SUMMARY
***

"A1":  place at 0x0001b000 { ro section .intvec };
"P1":  place in [from 0x0001b000 to 0x0003ffff] { ro };
"P2":  place in [from 0x20001fe8 to 0x20007fff] { rw, block CSTACK, block HEAP };

  Section             Kind        Address    Size  Object
  -------             ----        -------    ----  ------
"A1":                                        0xc0
  .intvec             ro code  0x0001b000    0xc0  iar_startup_nrf51.o [1]
                             - 0x0001b0c0    0xc0

"P1":                                      0xa200
  .text               ro code  0x0001b0c0  0x12c2  xprintffull.o [3]
  .text               ro code  0x0001c382    0x1c  xmbtowc.o [3]
  .text               ro code  0x0001c39e    0x14  strchr.o [5]
  .text               ro code  0x0001c3b2    0x10  strlen.o [5]
  .text               ro code  0x0001c3c2    0x18  memchr.o [5]
  .text               ro code  0x0001c3da     0xa  xmbcurmax.o [3]
  .text               ro code  0x0001c3e4    0xb8  xxmemxmalloc.o [3]
  .text               ro code  0x0001c49c    0x18  xwctomb.o [3]
  .text               ro code  0x0001c4b4    0x5c  ABImemcpy.o [5]
  .text               ro code  0x0001c510    0x88  xxmemxfree.o [3]
  .text               ro code  0x0001c598    0x6a  I64DivMod.o [5]
  .text               ro code  0x0001c602    0x44  xdnorm.o [4]
  .text               ro code  0x0001c646    0x32  DblCmpLe.o [4]
  .text               ro code  0x0001c678    0x32  DblCmpGe.o [4]
  .text               ro code  0x0001c6aa    0x2a  zero_init3.o [5]
  .text               ro code  0x0001c6d4   0x11c  xdscale.o [4]
  .text               ro code  0x0001c7f0    0x52  DblToI32.o [4]
  .text               ro code  0x0001c842     0xa  xsprout.o [3]
  .text               ro code  0x0001c84c    0x34  I32ToDbl.o [4]
  .text               ro code  0x0001c880   0x1a8  DblAddSub.o [4]
  .text               ro code  0x0001ca28    0xe0  I32DivModFast.o [5]
  .text               ro code  0x0001cb08   0x184  DblMul.o [4]
  .text               ro code  0x0001cc8c    0xc2  DblDiv.o [4]
  .text               ro code  0x0001cd4e     0x2  iar_startup_nrf51.o [1]
  .text               ro code  0x0001cd50    0x68  localeconv.o [3]
  .text               ro code  0x0001cdb8    0x20  div.o [3]
  .text               ro code  0x0001cdd8    0x14  setlocale.o [3]
  .text               ro code  0x0001cdec    0x50  xencoding_sb.o [3]
  .text               ro code  0x0001ce3c    0x2c  xgetmemchunk.o [3]
  .text               ro code  0x0001ce68   0xd68  fds.o [1]
  .text               ro code  0x0001dbd0   0x3b0  fstorage.o [1]
  .text               ro code  0x0001df80    0x58  ABImemset.o [5]
  .text               ro code  0x0001dfd8   0x88c  ble_gls.o [1]
  .text               ro code  0x0001e864    0x90  ble_gls_db.o [1]
  .text               ro code  0x0001e8f4    0x5a  ble_racp.o [1]
  .text               ro code  0x0001e94e    0x40  ble_srv_common.o [1]
  .text               ro code  0x0001e98e     0x2  iar_startup_nrf51.o [1]
  .text               ro code  0x0001e990   0x7f0  main.o [1]
  .text               ro code  0x0001f180   0x5e4  app_timer.o [1]
  .text               ro code  0x0001f764    0x20  app_error.o [1]
  .text               ro code  0x0001f784   0x6c0  peer_manager.o [1]
  .text               ro code  0x0001fe44    0x6a  sensorsim.o [1]
  .text               ro code  0x0001feae     0x2  iar_startup_nrf51.o [1]
  .text               ro code  0x0001feb0   0x264  ble_bas.o [1]
  .text               ro code  0x00020114   0x260  ble_dis.o [1]
  .text               ro code  0x00020374   0x468  bsp.o [1]
  .text               ro code  0x000207dc   0x128  bsp_btn_ble.o [1]
  .text               ro code  0x00020904   0x35c  nrf_log_frontend.o [1]
  .text               ro code  0x00020c60   0x1f0  ble_conn_state.o [1]
  .text               ro code  0x00020e50   0x1a4  ble_conn_params.o [1]
  .text               ro code  0x00020ff4   0x3e8  ble_advertising.o [1]
  .text               ro code  0x000213dc   0x348  softdevice_handler.o [1]
  .text               ro code  0x00021724    0x6c  app_util_platform.o [1]
  .text               ro code  0x00021790    0x4c  app_error_weak.o [1]
  .text               ro code  0x000217dc   0x420  id_manager.o [1]
  .text               ro code  0x00021bfc   0x554  peer_database.o [1]
  .text               ro code  0x00022150   0x41e  security_manager.o [1]
  .text               ro code  0x0002256e     0x2  iar_startup_nrf51.o [1]
  .text               ro code  0x00022570   0x3cc  gatt_cache_manager.o [1]
  .text               ro code  0x0002293c   0x45e  peer_data_storage.o [1]
  .text               ro code  0x00022d9a     0x2  iar_startup_nrf51.o [1]
  .text               ro code  0x00022d9c   0x750  security_dispatcher.o [1]
  .text               ro code  0x000234ec   0x1f8  gatts_cache_manager.o [1]
  .text               ro code  0x000236e4   0x148  app_button.o [1]
  .text               ro code  0x0002382c   0x31c  nrf_log_backend_serial.o [1]
  .text               ro code  0x00023b48    0xf0  sdk_mapped_flags.o [1]
  .text               ro code  0x00023c38   0x56c  ble_advdata.o [1]
  .text               ro code  0x000241a4    0xfc  nrf_drv_clock.o [1]
  .text               ro code  0x000242a0    0x28  memcmp.o [5]
  .text               ro code  0x000242c8   0x100  pm_buffer.o [1]
  .text               ro code  0x000243c8   0x140  peer_id.o [1]
  .text               ro code  0x00024508   0x410  nrf_drv_gpiote.o [1]
  .text               ro code  0x00024918   0x4fc  nrf_drv_uart.o [1]
  .text               ro code  0x00024e14    0x38  sprintf.o [3]
  .text               ro code  0x00024e4c    0x54  nrf_drv_common.o [1]
  .text               ro code  0x00024ea0    0xe8  pm_mutex.o [1]
  .text               ro code  0x00024f88    0xd8  packbits_init.o [5]
  .text               ro code  0x00025060     0xa  abort.o [3]
  .text               ro code  0x0002506a     0x2  iar_startup_nrf51.o [1]
  .text               ro code  0x0002506c     0xc  XXexit.o [5]
  .text               ro code  0x00025078    0xc4  system_nrf51.o [1]
  .text               ro code  0x0002513c    0x2c  iar_startup_nrf51.o [1]
  .rodata             const    0x00025168    0x28  xprintffull.o [3]
  .text               ro code  0x00025190    0x28  data_init.o [5]
  .iar.init_table     const    0x000251b8    0x48  - Linker created -
  .text               ro code  0x00025200    0x1a  cmain.o [5]
  .text               ro code  0x0002521a     0x8  exit.o [3]
  .text               ro code  0x00025222     0x2  iar_startup_nrf51.o [1]
  .text               ro code  0x00025224     0xa  cexit.o [5]
  .text               ro code  0x0002522e     0xc  cstartup_M.o [5]
  .text               ro code  0x0002523a     0x2  iar_startup_nrf51.o [1]
  .rodata             const    0x0002523c     0x8  gatts_cache_manager.o [1]
  .text               ro code  0x00025244     0x2  iar_startup_nrf51.o [1]
  .text               ro code  0x00025246     0x2  iar_startup_nrf51.o [1]
  .text               ro code  0x00025248     0x2  iar_startup_nrf51.o [1]
  .text               ro code  0x0002524a     0x2  iar_startup_nrf51.o [1]
  .text               ro code  0x0002524c     0x2  iar_startup_nrf51.o [1]
  .text               ro code  0x0002524e     0x2  iar_startup_nrf51.o [1]
  .text               ro code  0x00025250     0x2  iar_startup_nrf51.o [1]
  .text               ro code  0x00025252     0x2  iar_startup_nrf51.o [1]
  .text               ro code  0x00025254     0x2  iar_startup_nrf51.o [1]
  .text               ro code  0x00025256     0x2  iar_startup_nrf51.o [1]
  .text               ro code  0x00025258     0x2  iar_startup_nrf51.o [1]
  .text               ro code  0x0002525a     0x2  iar_startup_nrf51.o [1]
  .text               ro code  0x0002525c     0x2  iar_startup_nrf51.o [1]
  .text               ro code  0x0002525e     0x2  iar_startup_nrf51.o [1]
  .text               ro code  0x00025260     0x2  iar_startup_nrf51.o [1]
  .text               ro code  0x00025262     0x2  iar_startup_nrf51.o [1]
  .rodata             const    0x00025264     0x0  zero_init3.o [5]
  .rodata             const    0x00025264     0x0  packbits_init.o [5]
  Initializer bytes   ro data  0x00025264     0xb  <for fs_data-1>
  Initializer bytes   ro data  0x0002526f    0x51  <for P2 s0>
                             - 0x000252c0  0xa200

"P2":                                      0x1f80
  fs_data                      0x20001fe8    0x10  <Block>
    fs_data-1                  0x20001fe8    0x10  <Init block>
      fs_data         inited   0x20001fe8    0x10  fds.o [1]
  CSTACK                       0x20001ff8   0x800  <Block>
    CSTACK            uninit   0x20001ff8   0x800  <Block tail>
  HEAP                         0x200027f8   0x200  <Block>
    HEAP              uninit   0x200027f8   0x200  <Block tail>
  P2 s0                        0x200029f8   0x3cf  <Init block>
    .data             inited   0x200029f8   0x168  main.o [1]
    .data             inited   0x20002b60   0x10c  nrf_log_backend_serial.o [1]
    __DLIB_PERTHREAD  inited   0x20002c6c    0x88  localeconv.o [3]
    __DLIB_PERTHREAD  inited   0x20002cf4    0x74  setlocale.o [3]
    .data             inited   0x20002d68    0x2c  ble_advertising.o [1]
    .data             inited   0x20002d94    0x14  security_manager.o [1]
    .data             inited   0x20002da8     0xc  fstorage.o [1]
    .data             inited   0x20002db4     0xc  main.o [1]
    .data             inited   0x20002dc0     0x4  system_nrf51.o [1]
    .data             inited   0x20002dc4     0x3  security_dispatcher.o [1]
  .bss                zero     0x20002dc8   0x418  nrf_log_frontend.o [1]
  .bss                zero     0x200031e0   0x370  ble_gls_db.o [1]
  .bss                zero     0x20003550   0x334  peer_database.o [1]
  .bss                zero     0x20003884   0x114  ble_advertising.o [1]
  .bss                zero     0x20003998    0x84  bsp.o [1]
  .bss                zero     0x20003a1c    0x78  fds.o [1]
  .bss                zero     0x20003a94    0x68  fstorage.o [1]
  .bss                zero     0x20003afc    0x60  id_manager.o [1]
  .bss                zero     0x20003b5c    0x4c  ble_dis.o [1]
  .bss                zero     0x20003ba8    0x48  fds.o [1]
  .bss                zero     0x20003bf0    0x48  nrf_drv_gpiote.o [1]
  .bss                zero     0x20003c38    0x40  ble_conn_params.o [1]
  .bss                zero     0x20003c78    0x40  peer_id.o [1]
  .bss                zero     0x20003cb8    0x40  security_dispatcher.o [1]
  .bss                zero     0x20003cf8    0x38  ble_advertising.o [1]
  .bss                zero     0x20003d30    0x34  app_button.o [1]
  .bss                zero     0x20003d64    0x34  ble_conn_state.o [1]
  .bss                zero     0x20003d98    0x34  fds.o [1]
  .bss                zero     0x20003dcc    0x24  fds.o [1]
  .bss                zero     0x20003df0    0x20  app_timer.o [1]
  .bss                zero     0x20003e10    0x20  ble_advertising.o [1]
  .bss                zero     0x20003e30    0x20  ble_advertising.o [1]
  .bss                zero     0x20003e50    0x20  ble_advertising.o [1]
  .bss                zero     0x20003e70    0x1c  fds.o [1]
  .bss                zero     0x20003e8c    0x1c  nrf_drv_uart.o [1]
  .bss                zero     0x20003ea8    0x1c  peer_manager.o [1]
  .bss                zero     0x20003ec4    0x16  ble_gls_db.o [1]
  .bss                zero     0x20003eda     0x2  gatts_cache_manager.o [1]
  .bss                zero     0x20003edc    0x14  ble_gls.o [1]
  .bss                zero     0x20003ef0    0x14  nrf_drv_clock.o [1]
  .bss                zero     0x20003f04    0x14  softdevice_handler.o [1]
  .bss                zero     0x20003f18     0xc  id_manager.o [1]
  .bss                zero     0x20003f24     0x8  app_util_platform.o [1]
  .bss                zero     0x20003f2c     0x8  ble_conn_params.o [1]
  .bss                zero     0x20003f34     0x8  ble_conn_params.o [1]
  .bss                zero     0x20003f3c     0x8  bsp_btn_ble.o [1]
  .bss                zero     0x20003f44     0x8  peer_data_storage.o [1]
  .bss                zero     0x20003f4c     0x8  xxmemxmalloc.o [3]
  .bss                zero     0x20003f54     0x4  gatt_cache_manager.o [1]
  .bss                zero     0x20003f58     0x4  peer_database.o [1]
  .bss                zero     0x20003f5c     0x4  xgetmemchunk.o [3]
  .bss                zero     0x20003f60     0x2  gatts_cache_manager.o [1]
  .bss                zero     0x20003f62     0x2  peer_data_storage.o [1]
  .bss                zero     0x20003f64     0x1  fds.o [1]
                             - 0x20003f65  0x1f7d


*******************************************************************************
*** INIT TABLE
***

          Address     Size
          -------     ----
Zero (__iar_zero_init3)
    1 destination range, total size 0x119d:
          0x20002dc8  0x119d

Copy/packbits (__iar_packbits_init3)
    1 source range, total size 0xb (68% of destination):
          0x00025264     0xb
    1 destination range, total size 0x10:
          0x20001fe8    0x10

Copy/packbits (__iar_packbits_init3)
    1 source range, total size 0x51 (8% of destination):
          0x0002526f    0x51
    1 destination range, total size 0x3cf:
          0x200029f8   0x3cf



*******************************************************************************
*** MODULE SUMMARY
***

    Module                    ro code  ro data  rw data
    ------                    -------  -------  -------
D:\BLE_Lock\Sentry\examples\ble_peripheral\ble_app_gls\pca10028\s130\iar\_build: [1]
    app_button.o                  328                52
    app_error.o                    32
    app_error_weak.o               76
    app_timer.o                 1 508                32
    app_util_platform.o           108                 8
    ble_advdata.o               1 388
    ble_advertising.o           1 000        3      472
    ble_bas.o                     612
    ble_conn_params.o             420                80
    ble_conn_state.o              496                52
    ble_dis.o                     608                76
    ble_gls.o                   2 188                20
    ble_gls_db.o                  144               902
    ble_racp.o                     90
    ble_srv_common.o               64
    bsp.o                       1 128               132
    bsp_btn_ble.o                 296                 8
    fds.o                       3 432       11      325
    fstorage.o                    944        1      116
    gatt_cache_manager.o          972                 4
    gatts_cache_manager.o         504        8        4
    iar_startup_nrf51.o           284
    id_manager.o                1 056               108
    main.o                      2 032       30      372
    nrf_drv_clock.o               252                20
    nrf_drv_common.o               84
    nrf_drv_gpiote.o            1 040                72
    nrf_drv_uart.o              1 276                28
    nrf_log_backend_serial.o      796       23      268
    nrf_log_frontend.o            860             1 048
    peer_data_storage.o         1 118                10
    peer_database.o             1 364               824
    peer_id.o                     320                64
    peer_manager.o              1 728                28
    pm_buffer.o                   256
    pm_mutex.o                    232
    sdk_mapped_flags.o            240
    security_dispatcher.o       1 872        1       67
    security_manager.o          1 054        2       20
    sensorsim.o                   106
    softdevice_handler.o          840                20
    system_nrf51.o                196                 4
    ---------------------------------------------------
    Total:                     33 344       79    5 236

command line: [2]
    ---------------------------------------------------
    Total:

dl6M_tlf.a: [3]
    abort.o                        10
    div.o                          32
    exit.o                          8
    localeconv.o                  104       11      136
    setlocale.o                    20       10      116
    sprintf.o                      56
    xencoding_sb.o                 80
    xgetmemchunk.o                 44                 4
    xmbcurmax.o                    10
    xmbtowc.o                      28
    xprintffull.o               4 802       40
    xsprout.o                      10
    xwctomb.o                      24
    xxmemxfree.o                  136
    xxmemxmalloc.o                184                 8
    ---------------------------------------------------
    Total:                      5 548       61      264

m6M_tl.a: [4]
    DblAddSub.o                   424
    DblCmpGe.o                     50
    DblCmpLe.o                     50
    DblDiv.o                      194
    DblMul.o                      388
    DblToI32.o                     82
    I32ToDbl.o                     52
    xdnorm.o                       68
    xdscale.o                     284
    ---------------------------------------------------
    Total:                      1 592

rt6M_tl.a: [5]
    ABImemcpy.o                    92
    ABImemset.o                    88
    I32DivModFast.o               224
    I64DivMod.o                   106
    XXexit.o                       12
    cexit.o                        10
    cmain.o                        26
    cstartup_M.o                   12
    data_init.o                    40
    memchr.o                       24
    memcmp.o                       40
    packbits_init.o               216
    strchr.o                       20
    strlen.o                       16
    zero_init3.o                   42
    ---------------------------------------------------
    Total:                        968

    Gaps                                              1
    Linker created                          72    2 560
-------------------------------------------------------
    Grand Total:               41 452      212    8 061


*******************************************************************************
*** ENTRY LIST
***

Entry                      Address   Size  Type      Object
-----                      -------   ----  ----      ------
?main                   0x00025201         Code  Gb  cmain.o [5]
CSTACK$$Base            0x20001ff8          --   Gb  - Linker created -
CSTACK$$Limit           0x200027f8          --   Gb  - Linker created -
GPIOTE_IRQHandler       0x000247b1  0x14e  Code  Gb  nrf_drv_gpiote.o [1]
HEAP$$Base              0x200027f8          --   Gb  - Linker created -
HEAP$$Limit             0x200029f8          --   Gb  - Linker created -
InStream_Read           0x00024f89   0x22  Code  Lc  packbits_init.o [5]
LoadInt                 0x0001b721   0x68  Code  Lc  xprintffull.o [3]
NVIC_ClearPendingIRQ    0x0001f19d    0xe  Code  Lc  app_timer.o [1]
NVIC_DisableIRQ         0x000213eb    0xe  Code  Lc  softdevice_handler.o [1]
NVIC_EnableIRQ          0x0001f181    0xe  Code  Lc  app_timer.o [1]
NVIC_EnableIRQ          0x000213dd    0xe  Code  Lc  softdevice_handler.o [1]
NVIC_SetPendingIRQ      0x0001f18f    0xe  Code  Lc  app_timer.o [1]
NVIC_SetPriority        0x0001f1ab   0x32  Code  Lc  app_timer.o [1]
POWER_CLOCK_IRQHandler  0x00024211   0x44  Code  Gb  nrf_drv_clock.o [1]
RTC1_IRQHandler         0x0001f601   0x18  Code  Gb  app_timer.o [1]
Region$$Table$$Base     0x000251b8          --   Gb  - Linker created -
Region$$Table$$Limit    0x00025200          --   Gb  - Linker created -
SWI0_IRQHandler         0x0001f619    0x8  Code  Gb  app_timer.o [1]
SWI2_IRQHandler         0x00021573   0x1c  Code  Gb  softdevice_handler.o [1]
SystemCoreClock         0x20002dc0    0x4  Data  Gb  system_nrf51.o [1]
SystemInit              0x00025079   0xa6  Code  Gb  system_nrf51.o [1]
UART0_IRQHandler        0x00024dff    0xc  Code  Gb  nrf_drv_uart.o [1]
_EncodingSb_Mbtowc      0x0001ce01   0x2c  Code  Gb  xencoding_sb.o [3]
_EncodingSb_Wctomb      0x0001cded   0x14  Code  Gb  xencoding_sb.o [3]
_GenldFull              0x0001c079  0x2d6  Code  Lc  xprintffull.o [3]
_IsdstStr               0x20002cf8    0x4  Data  Gb  setlocale.o [3]
_LdtobFull              0x0001bbf1  0x474  Code  Lc  xprintffull.o [3]
_LitobFull              0x0001babd  0x12e  Code  Lc  xprintffull.o [3]
_LocaleEncoding         0x0001cdd9    0xc  Code  Gb  setlocale.o [3]
_LocaleReturnString     0x20002d18   0x50  Data  Lc  setlocale.o [3]
_Locale_Profile         0x20002cfc   0x1c  Data  Gb  setlocale.o [3]
_Locale_aeabi_lconv     0x20002cbc   0x38  Data  Gb  localeconv.o [3]
_Locale_lconv           0x20002c6c   0x50  Data  Gb  localeconv.o [3]
_Mbtowc                 0x0001c383   0x1c  Code  Gb  xmbtowc.o [3]
_PrintfFull             0x0001b0c1  0x660  Code  Gb  xprintffull.o [3]
_PutcharsFull           0x0001c353   0x30  Code  Lc  xprintffull.o [3]
_PutstrFull             0x0001b789  0x334  Code  Lc  xprintffull.o [3]
_SProut                 0x0001c843    0xa  Code  Gb  xsprout.o [3]
_TzoneStr               0x20002cf4    0x4  Data  Gb  setlocale.o [3]
_Wctomb                 0x0001c49d   0x18  Code  Gb  xwctomb.o [3]
__ICFEDIT_region_RAM_end__ {Abs}
                        0x20007fff          --   Gb  command line/config [2]
__ICFEDIT_region_RAM_start__ {Abs}
                        0x20001fe8          --   Gb  command line/config [2]
__Vectors               0x0001b000          --   Gb  iar_startup_nrf51.o [1]
__Vectors_End           0x0001b0c0         Data  Gb  iar_startup_nrf51.o [1]
__Vectors_Size {Abs}    0x000000c0          --   Gb  iar_startup_nrf51.o [1]
__aeabi_cdcmple         0x0001c647         Code  Gb  DblCmpLe.o [4]
__aeabi_cdrcmple        0x0001c679         Code  Gb  DblCmpGe.o [4]
__aeabi_d2iz            0x0001c7f1         Code  Gb  DblToI32.o [4]
__aeabi_d2uiz           0x0001c815         Code  Gb  DblToI32.o [4]
__aeabi_ddiv            0x0001cc8d         Code  Gb  DblDiv.o [4]
__aeabi_dmul            0x0001cb09         Code  Gb  DblMul.o [4]
__aeabi_dsub            0x0001c93b         Code  Gb  DblAddSub.o [4]
__aeabi_i2d             0x0001c84d         Code  Gb  I32ToDbl.o [4]
__aeabi_idiv            0x0001ca55         Code  Gb  I32DivModFast.o [5]
__aeabi_idivmod         0x0001ca55         Code  Gb  I32DivModFast.o [5]
__aeabi_memclr          0x0001dfd1         Code  Gb  ABImemset.o [5]
__aeabi_memclr4         0x0001dfd5         Code  Gb  ABImemset.o [5]
__aeabi_memclr8         0x0001dfd5         Code  Gb  ABImemset.o [5]
__aeabi_memcpy          0x0001c4b5         Code  Gb  ABImemcpy.o [5]
__aeabi_memcpy4         0x0001c4dd         Code  Wk  ABImemcpy.o [5]
__aeabi_memset          0x0001df81         Code  Gb  ABImemset.o [5]
__aeabi_ui2d            0x0001c861         Code  Gb  I32ToDbl.o [4]
__aeabi_uidiv           0x0001ca5b         Code  Gb  I32DivModFast.o [5]
__aeabi_uidivmod        0x0001ca5b         Code  Gb  I32DivModFast.o [5]
__aeabi_uldivmod        0x0001c599         Code  Gb  I64DivMod.o [5]
__cmain                 0x00025201         Code  Gb  cmain.o [5]
__data_Aldata           0x20003f4c    0x8  Data  Gb  xxmemxmalloc.o [3]
__data_GetMemChunk      0x0001ce3d   0x2c  Code  Gb  xgetmemchunk.o [3]
__exit                  0x0002506d         Code  Gb  XXexit.o [5]
__iar_Dnorm             0x0001c603   0x44  Code  Gb  xdnorm.o [4]
__iar_Dscale            0x0001c6d5  0x11c  Code  Gb  xdscale.o [4]
__iar_Locale_lconv_init
                        0x0001cd51   0x32  Code  Gb  localeconv.o [3]
__iar_Mbcurmax          0x0001c3db    0xa  Code  Gb  xmbcurmax.o [3]
__iar_Memchr            0x0001c3c3   0x18  Code  Gb  memchr.o [5]
__iar_Memset4_word      0x0001dfa1         Code  Gb  ABImemset.o [5]
__iar_Memset_word       0x0001df8d         Code  Gb  ABImemset.o [5]
__iar_Strchr            0x0001c39f   0x14  Code  Gb  strchr.o [5]
__iar_d2uiz             0x0001c819         Code  Gb  DblToI32.o [4]
__iar_data_init3        0x00025191   0x28  Code  Gb  data_init.o [5]
__iar_packbits_init3    0x00024fab   0xb6  Code  Gb  packbits_init.o [5]
__iar_program_start     0x0002522f         Code  Gb  cstartup_M.o [5]
__iar_ui2d              0x0001c865         Code  Gb  I32ToDbl.o [4]
__iar_zero_init3        0x0001c6ab   0x2a  Code  Gb  zero_init3.o [5]
__sd_nvic_app_accessible_irq
                        0x000213f9   0x12  Code  Lc  softdevice_handler.o [1]
__sd_nvic_irq_disable   0x00021725    0x8  Code  Lc  app_util_platform.o [1]
__vector_table          0x0001b000         Data  Gb  iar_startup_nrf51.o [1]
_call_main              0x0002520d         Code  Gb  cmain.o [5]
_exit                   0x00025225         Code  Gb  cexit.o [5]
_main                   0x00025217         Code  Gb  cmain.o [5]
abort                   0x00025061    0xa  Code  Gb  abort.o [3]
addr_compare            0x000218a9   0x28  Code  Gb  id_manager.o [1]
adv_data_encode         0x00023fa7  0x196  Code  Gb  ble_advdata.o [1]
advertising_buttons_configure
                        0x000207dd   0x3c  Code  Lc  bsp_btn_ble.o [1]
advertising_init        0x0001ee79   0x52  Code  Lc  main.o [1]
advertising_start       0x0001eed9    0xa  Code  Lc  main.o [1]
ah                      0x00021b75   0x48  Code  Gb  id_manager.o [1]
alert_timer_handler     0x00020651   0x14  Code  Lc  bsp.o [1]
app_button_enable       0x000237f9   0x20  Code  Gb  app_button.o [1]
app_button_init         0x00023791   0x68  Code  Gb  app_button.o [1]
app_buttons             0x000207bc   0x20  Data  Lc  bsp.o [1]
app_error_fault_handler
                        0x00021791   0x2a  Code  Wk  app_error_weak.o [1]
app_error_handler_bare  0x0001f765   0x1c  Code  Gb  app_error.o [1]
app_timer_create        0x0001f675   0x2a  Code  Gb  app_timer.o [1]
app_timer_init          0x0001f621   0x54  Code  Gb  app_timer.o [1]
app_timer_start         0x0001f6a5   0x82  Code  Gb  app_timer.o [1]
app_timer_stop          0x0001f727   0x24  Code  Gb  app_timer.o [1]
app_util_critical_region_enter
                        0x0002172d   0x2c  Code  Gb  app_util_platform.o [1]
app_util_critical_region_exit
                        0x00021759   0x24  Code  Gb  app_util_platform.o [1]
apply_config            0x000249e1   0x5e  Code  Lc  nrf_drv_uart.o [1]
auth_status_success_process
                        0x00022f05   0x9e  Code  Lc  security_dispatcher.o [1]
battery_level_char_add  0x0001ff0f  0x138  Code  Lc  ble_bas.o [1]
battery_level_meas_timeout_handler
                        0x0001ea6d   0x32  Code  Lc  main.o [1]
ble_advdata_set         0x0002413d   0x68  Code  Gb  ble_advdata.o [1]
ble_advertising_init    0x00021007  0x13c  Code  Gb  ble_advertising.o [1]
ble_advertising_on_ble_evt
                        0x0002131d   0x54  Code  Gb  ble_advertising.o [1]
ble_advertising_on_sys_evt
                        0x00021371   0x2a  Code  Gb  ble_advertising.o [1]
ble_advertising_restart_without_whitelist
                        0x000213a5   0x30  Code  Gb  ble_advertising.o [1]
ble_advertising_start   0x00021151  0x1be  Code  Gb  ble_advertising.o [1]
ble_bas_battery_level_update
                        0x0002008b   0x7a  Code  Gb  ble_bas.o [1]
ble_bas_init            0x00020047   0x44  Code  Gb  ble_bas.o [1]
ble_bas_on_ble_evt      0x0001feb1   0x5e  Code  Gb  ble_bas.o [1]
ble_conn_params_init    0x00020ebd   0x4a  Code  Gb  ble_conn_params.o [1]
ble_conn_params_on_ble_evt
                        0x00020f61   0x7c  Code  Gb  ble_conn_params.o [1]
ble_conn_state_conn_handles
                        0x00020dc7    0x8  Code  Gb  ble_conn_state.o [1]
ble_conn_state_encrypted
                        0x00020dad    0x8  Code  Gb  ble_conn_state.o [1]
ble_conn_state_mitm_protected
                        0x00020dbd    0xa  Code  Gb  ble_conn_state.o [1]
ble_conn_state_on_ble_evt
                        0x00020c61   0xf0  Code  Gb  ble_conn_state.o [1]
ble_conn_state_role     0x00020d51   0x2e  Code  Gb  ble_conn_state.o [1]
ble_conn_state_status   0x00020d7f   0x2e  Code  Gb  ble_conn_state.o [1]
ble_conn_state_user_flag_acquire
                        0x00020dd7   0x24  Code  Gb  ble_conn_state.o [1]
ble_conn_state_user_flag_collection
                        0x00020e33   0x14  Code  Gb  ble_conn_state.o [1]
ble_conn_state_user_flag_get
                        0x00020dfb   0x1a  Code  Gb  ble_conn_state.o [1]
ble_conn_state_user_flag_set
                        0x00020e15   0x1e  Code  Gb  ble_conn_state.o [1]
ble_device_addr_encode  0x00023c43   0x5c  Code  Lc  ble_advdata.o [1]
ble_dis_init            0x000201b3  0x196  Code  Gb  ble_dis.o [1]
ble_evt_dispatch        0x0001ed79   0x3e  Code  Lc  main.o [1]
ble_gls_are_cccd_configured
                        0x0001e645   0x52  Code  Gb  ble_gls.o [1]
ble_gls_db_init         0x0001e865   0x1e  Code  Gb  ble_gls_db.o [1]
ble_gls_db_num_records_get
                        0x0001e883    0x6  Code  Gb  ble_gls_db.o [1]
ble_gls_db_record_add   0x0001e8b1   0x3c  Code  Gb  ble_gls_db.o [1]
ble_gls_db_record_get   0x0001e889   0x28  Code  Gb  ble_gls_db.o [1]
ble_gls_glucose_new_meas
                        0x0001e849   0x14  Code  Gb  ble_gls.o [1]
ble_gls_init            0x0001e265   0x86  Code  Gb  ble_gls.o [1]
ble_gls_on_ble_evt      0x0001e77d   0xcc  Code  Gb  ble_gls.o [1]
ble_racp_decode         0x0001e8f5   0x2c  Code  Gb  ble_racp.o [1]
ble_racp_encode         0x0001e921   0x2e  Code  Gb  ble_racp.o [1]
ble_srv_ascii_to_utf8   0x0001e97d   0x12  Code  Gb  ble_srv_common.o [1]
ble_srv_is_indication_enabled
                        0x0001e965    0xc  Code  Gb  ble_srv_common.o [1]
ble_srv_is_notification_enabled
                        0x0001e959    0xc  Code  Gb  ble_srv_common.o [1]
ble_srv_report_ref_encode
                        0x0001e971    0xc  Code  Gb  ble_srv_common.o [1]
bsp_btn_ble_init        0x000208a3   0x5c  Code  Gb  bsp_btn_ble.o [1]
bsp_btn_ble_on_ble_evt  0x0002082d   0x76  Code  Gb  bsp_btn_ble.o [1]
bsp_btn_ble_sleep_mode_prepare
                        0x00020819   0x14  Code  Gb  bsp_btn_ble.o [1]
bsp_button_event_handler
                        0x00020395   0x80  Code  Lc  bsp.o [1]
bsp_button_is_pressed   0x00020375   0x20  Code  Gb  bsp.o [1]
bsp_event_handler       0x0001edd5   0xa4  Code  Lc  main.o [1]
bsp_event_to_button_action_assign
                        0x00020711   0x3c  Code  Gb  bsp.o [1]
bsp_indication_set      0x00020665   0x16  Code  Gb  bsp.o [1]
bsp_init                0x00020685   0x84  Code  Gb  bsp.o [1]
bsp_led_indication      0x00020421  0x214  Code  Lc  bsp.o [1]
bsp_wakeup_buttons_set  0x0002074d   0x36  Code  Gb  bsp.o [1]
buf_len_update          0x000238d5   0x12  Code  Lc  nrf_log_backend_serial.o [1]
buf_prealloc            0x00020951   0x54  Code  Lc  nrf_log_frontend.o [1]
buffer_is_empty         0x00020af1   0x12  Code  Gb  nrf_log_frontend.o [1]
button_timer_handler    0x00020415    0xc  Code  Lc  bsp.o [1]
channel_free            0x000245ed   0x16  Code  Lc  nrf_drv_gpiote.o [1]
channel_handler_get     0x0002459b    0x8  Code  Lc  nrf_drv_gpiote.o [1]
channel_port_alloc      0x000245a3   0x4a  Code  Lc  nrf_drv_gpiote.o [1]
channel_port_get        0x00024591    0xa  Code  Lc  nrf_drv_gpiote.o [1]
char_add                0x0002011f   0x94  Code  Lc  ble_dis.o [1]
check_config            0x0001dc19   0x1a  Code  Lc  fstorage.o [1]
chunk_queue_next        0x0001d121   0x16  Code  Gb  fds.o [1]
claim                   0x000243ed   0x36  Code  Lc  peer_id.o [1]
clock_clk_started_notify
                        0x000241ef   0x22  Code  Lc  nrf_drv_clock.o [1]
conn_int_encode         0x00023e17   0x98  Code  Lc  ble_advdata.o [1]
conn_params_error_handler
                        0x0001ebad    0x8  Code  Lc  main.o [1]
conn_params_negotiation
                        0x00020f07   0x5a  Code  Lc  ble_conn_params.o [1]
delete_execute          0x0001d5a1   0x94  Code  Lc  fds.o [1]
detection_delay_timeout_handler
                        0x000236e5   0x5e  Code  Lc  app_button.o [1]
div                     0x0001cdb9   0x20  Code  Gb  div.o [3]
encryption_failure      0x00022fa5   0x24  Code  Lc  security_dispatcher.o [1]
event_send              0x0001ce99   0x1e  Code  Lc  fds.o [1]
events_send_from_err_code
                        0x000221b9   0x34  Code  Lc  security_manager.o [1]
evt_send                0x00022579    0x8  Code  Lc  gatt_cache_manager.o [1]
evt_send                0x000217dd   0x10  Code  Lc  id_manager.o [1]
evt_send                0x0001f785   0x1e  Code  Lc  peer_manager.o [1]
evt_send                0x00022d9d   0x10  Code  Lc  security_dispatcher.o [1]
evt_send                0x00022159    0x8  Code  Lc  security_manager.o [1]
exit                    0x0002521b    0x8  Code  Gb  exit.o [3]
fds_evt_handler         0x00022a37  0x100  Code  Lc  peer_data_storage.o [1]
fds_file_delete         0x0001daf5   0x44  Code  Gb  fds.o [1]
fds_gc                  0x0001db3d   0x40  Code  Gb  fds.o [1]
fds_init                0x0001d941   0x96  Code  Gb  fds.o [1]
fds_record_close        0x0001da17   0x3e  Code  Gb  fds.o [1]
fds_record_find         0x0001db81    0xe  Code  Gb  fds.o [1]
fds_record_find_by_key  0x0001db8f   0x10  Code  Gb  fds.o [1]
fds_record_find_in_file
                        0x0001db9f   0x10  Code  Gb  fds.o [1]
fds_record_id_from_desc
                        0x0001dbaf   0x14  Code  Gb  fds.o [1]
fds_record_open         0x0001d9d7   0x40  Code  Gb  fds.o [1]
fds_record_update       0x0001dae1    0xc  Code  Gb  fds.o [1]
fds_record_write        0x0001dacd    0x6  Code  Gb  fds.o [1]
fds_record_write_reserved
                        0x0001dad3    0xe  Code  Gb  fds.o [1]
fds_register            0x0001d91d   0x1a  Code  Gb  fds.o [1]
fds_reserve             0x0001da55   0x32  Code  Gb  fds.o [1]
fds_reserve_cancel      0x0001da87   0x40  Code  Gb  fds.o [1]
file_id_within_pm_range
                        0x00022945   0x16  Code  Lc  peer_data_storage.o [1]
flag_clear              0x0001ce7f    0xa  Code  Lc  fds.o [1]
flag_id_init            0x00023081   0x12  Code  Lc  security_dispatcher.o [1]
flag_id_init            0x00022431   0x12  Code  Lc  security_manager.o [1]
flag_is_set             0x0001ce89   0x10  Code  Lc  fds.o [1]
flag_set                0x0001ce75    0xa  Code  Lc  fds.o [1]
flags_set_from_err_code
                        0x00022161   0x58  Code  Lc  security_manager.o [1]
free                    0x0001c511   0x82  Code  Gb  xxmemxfree.o [3]
fs_config               0x20001fe8   0x10  Data  Gb  fds.o [1]
fs_data$$Base           0x20001fe8          --   Gb  - Linker created -
fs_data$$Limit          0x20001ff8          --   Gb  - Linker created -
fs_erase                0x0001de31   0x82  Code  Gb  fstorage.o [1]
fs_event_handler        0x0001d80b    0xa  Code  Lc  fds.o [1]
fs_init                 0x0001dd01   0xa4  Code  Gb  fstorage.o [1]
fs_queued_op_count_get  0x0001deb3   0x12  Code  Gb  fstorage.o [1]
fs_store                0x0001dda5   0x8c  Code  Gb  fstorage.o [1]
fs_sys_event_handler    0x0001ded1   0x98  Code  Gb  fstorage.o [1]
fw_rev_handles          0x20003b80    0x8  Data  Lc  ble_dis.o [1]
gc_execute              0x0001d635   0x98  Code  Lc  fds.o [1]
gc_page_erase           0x0001d2c5   0x38  Code  Lc  fds.o [1]
gc_record_copy          0x0001d305   0x1e  Code  Lc  fds.o [1]
gc_record_find_next     0x0001d323   0x1c  Code  Lc  fds.o [1]
gc_state_advance        0x0001d33f   0x78  Code  Lc  fds.o [1]
gcm_ble_evt_handler     0x00022805   0xe2  Code  Gb  gatt_cache_manager.o [1]
gcm_gscm_evt_handler    0x00022649   0x5c  Code  Gb  gatt_cache_manager.o [1]
gcm_im_evt_handler      0x000226a5   0x28  Code  Gb  gatt_cache_manager.o [1]
gcm_init                0x000226df   0x3a  Code  Gb  gatt_cache_manager.o [1]
gcm_local_database_has_changed
                        0x000228e7   0x44  Code  Gb  gatt_cache_manager.o [1]
gcm_smd_evt_handler     0x000226cd   0x12  Code  Gb  gatt_cache_manager.o [1]
get_connection_by_conn_handle
                        0x00021815   0x30  Code  Gb  id_manager.o [1]
get_free_connection     0x000217ed   0x28  Code  Gb  id_manager.o [1]
gls_meas_encode         0x0001dfe3   0xb4  Code  Lc  ble_gls.o [1]
glucose_feature_char_add
                        0x0001e155   0x7c  Code  Lc  ble_gls.o [1]
glucose_meas_send       0x0001e38d   0x5c  Code  Lc  ble_gls.o [1]
glucose_measurement_char_add
                        0x0001e097   0xbe  Code  Lc  ble_gls.o [1]
gpiote_event_handler    0x00023743   0x4e  Code  Lc  app_button.o [1]
gscm_db_change_notification_done
                        0x000236bd   0x16  Code  Gb  gatts_cache_manager.o [1]
gscm_init               0x00023561    0xa  Code  Gb  gatts_cache_manager.o [1]
gscm_local_database_has_changed
                        0x00023659   0x12  Code  Gb  gatts_cache_manager.o [1]
gscm_local_db_cache_apply
                        0x000235eb   0x6e  Code  Gb  gatts_cache_manager.o [1]
gscm_local_db_cache_update
                        0x0002356b   0x80  Code  Gb  gatts_cache_manager.o [1]
gscm_pdb_evt_handler    0x00023521   0x40  Code  Gb  gatts_cache_manager.o [1]
gscm_service_changed_ind_needed
                        0x0002366b   0x1e  Code  Gb  gatts_cache_manager.o [1]
gscm_service_changed_ind_send
                        0x00023689   0x1e  Code  Gb  gatts_cache_manager.o [1]
header_is_valid         0x0001ceb7   0x18  Code  Lc  fds.o [1]
hw_rev_handles          0x20003b78    0x8  Data  Lc  ble_dis.o [1]
iar_fs_data_end         0x20002db0    0x4  Data  Gb  fstorage.o [1]
iar_fs_data_start       0x20002dac    0x4  Data  Gb  fstorage.o [1]
im_address_resolve      0x00021bbd   0x40  Code  Gb  id_manager.o [1]
im_ble_addr_get         0x00021a4d   0x28  Code  Gb  id_manager.o [1]
im_ble_evt_handler      0x000218d1   0x98  Code  Gb  id_manager.o [1]
im_conn_handle_get      0x00021ae9   0x1e  Code  Gb  id_manager.o [1]
im_init                 0x00021a03   0x32  Code  Gb  id_manager.o [1]
im_is_duplicate_bonding_data
                        0x00021969   0x30  Code  Gb  id_manager.o [1]
im_master_id_is_valid   0x00021b0d   0x1c  Code  Gb  id_manager.o [1]
im_master_ids_compare   0x00021a79   0x2c  Code  Gb  id_manager.o [1]
im_new_peer_id          0x00021b3f    0x8  Code  Gb  id_manager.o [1]
im_pdb_evt_handler      0x00021999   0x6a  Code  Gb  id_manager.o [1]
im_peer_free            0x00021b47   0x26  Code  Gb  id_manager.o [1]
im_peer_id_get_by_conn_handle
                        0x00021a35   0x18  Code  Gb  id_manager.o [1]
im_peer_id_get_by_master_id
                        0x00021aa5   0x40  Code  Gb  id_manager.o [1]
init_execute            0x0001d3c5   0xa6  Code  Lc  fds.o [1]
intern_softdevice_events_execute
                        0x00021481   0x7c  Code  Gb  softdevice_handler.o [1]
is_conn_params_ok       0x00020e51   0x18  Code  Lc  ble_conn_params.o [1]
is_request_to_be_executed
                        0x0001e515   0x9e  Code  Lc  ble_gls.o [1]
is_valid_irk            0x00021893   0x16  Code  Gb  id_manager.o [1]
is_word_aligned         0x0001ce69    0xc  Code  Lc  fds.o [1]
leds_timer_handler      0x00020639   0x14  Code  Lc  bsp.o [1]
link_secure             0x000221ed   0x96  Code  Lc  security_manager.o [1]
link_secure_central     0x000232c5   0xfe  Code  Lc  security_dispatcher.o [1]
link_secure_central_existing_peer
                        0x000231ed   0xd8  Code  Lc  security_dispatcher.o [1]
link_secure_failure     0x00022fd5   0x9e  Code  Lc  security_dispatcher.o [1]
link_secure_pending_process
                        0x00022367   0x60  Code  Lc  security_manager.o [1]
list_deletions_handler  0x0001f2b7   0x8a  Code  Lc  app_timer.o [1]
list_insertions_handler
                        0x0001f341   0xe4  Code  Lc  app_timer.o [1]
local_db_apply_in_evt   0x00022581   0x64  Code  Lc  gatt_cache_manager.o [1]
local_db_update_in_evt  0x000225e5   0x64  Code  Lc  gatt_cache_manager.o [1]
localeconv              0x0001cd83   0x18  Code  Gb  localeconv.o [3]
lock_by_mask            0x00024ea1   0x34  Code  Lc  pm_mutex.o [1]
m_adv_evt               0x20002d82    0x1  Data  Lc  ble_advertising.o [1]
m_adv_mode_current      0x20002d83    0x1  Data  Lc  ble_advertising.o [1]
m_adv_modes_config      0x20003e10   0x20  Data  Lc  ble_advertising.o [1]
m_adv_uuids             0x20002db4    0xc  Data  Lc  main.o [1]
m_advdata               0x20003cf8   0x38  Data  Lc  ble_advertising.o [1]
m_advertising_start_pending
                        0x20002d81    0x1  Data  Lc  ble_advertising.o [1]
m_alert_mask            0x200039b4    0x4  Data  Lc  bsp.o [1]
m_alert_timer_id        0x000207a4    0x4  Data  Lc  bsp.o [1]
m_alert_timer_id_data   0x200039dc   0x20  Data  Lc  bsp.o [1]
m_app_ticks_per_100ms   0x200039ac    0x4  Data  Lc  bsp.o [1]
m_bas                   0x20002a10   0x18  Data  Lc  main.o [1]
m_battery_sim_cfg       0x200029f8   0x10  Data  Lc  main.o [1]
m_battery_sim_state     0x20002a58    0x8  Data  Lc  main.o [1]
m_battery_timer_id      0x0001f174    0x4  Data  Lc  main.o [1]
m_battery_timer_id_data
                        0x20002a60   0x20  Data  Lc  main.o [1]
m_bcs                   0x20003d64   0x34  Data  Lc  ble_conn_state.o [1]
m_ble_evt_buffer_size   0x20003f06    0x2  Data  Lc  softdevice_handler.o [1]
m_ble_evt_handler       0x20003f10    0x4  Data  Lc  softdevice_handler.o [1]
m_blocking_mode         0x20002b61    0x1  Data  Lc  nrf_log_backend_serial.o [1]
m_bonding_flag_id       0x20003ead    0x1  Data  Lc  peer_manager.o [1]
m_button_count          0x20003d30    0x1  Data  Lc  app_button.o [1]
m_button_timer_id       0x000207a8    0x4  Data  Lc  bsp.o [1]
m_button_timer_id_data  0x200039fc   0x20  Data  Lc  bsp.o [1]
m_buttons_list          0x000207ac   0x10  Data  Lc  bsp.o [1]
m_cb                    0x20003bf0   0x48  Data  Lc  nrf_drv_gpiote.o [1]
m_cb                    0x20003e8c   0x1c  Data  Lc  nrf_drv_uart.o [1]
m_cb_table              0x20003dd0   0x20  Data  Lc  fds.o [1]
m_change_param          0x20003c55    0x1  Data  Lc  ble_conn_params.o [1]
m_chunk_queue           0x20003ba8   0x48  Data  Lc  fds.o [1]
m_clock_cb              0x20003ef0   0x14  Data  Lc  nrf_drv_clock.o [1]
m_conn_handle           0x20003c56    0x2  Data  Lc  ble_conn_params.o [1]
m_conn_handle           0x20002a0a    0x2  Data  Lc  main.o [1]
m_conn_params_config    0x20003c38   0x1c  Data  Lc  ble_conn_params.o [1]
m_conn_params_timer_id  0x00020ff0    0x4  Data  Lc  ble_conn_params.o [1]
m_conn_params_timer_id_data
                        0x20003c58   0x20  Data  Lc  ble_conn_params.o [1]
m_conn_state_user_flag_id
                        0x20003f18    0x1  Data  Lc  id_manager.o [1]
m_connections           0x20003afc   0x60  Data  Lc  id_manager.o [1]
m_current_conn_params   0x20003f34    0x8  Data  Lc  ble_conn_params.o [1]
m_current_highest_peer_rank
                        0x20003eb4    0x4  Data  Lc  peer_manager.o [1]
m_current_id_addr       0x20003f1c    0x8  Data  Lc  id_manager.o [1]
m_current_sc_store_peer_id
                        0x20003eda    0x2  Data  Lc  gatts_cache_manager.o [1]
m_current_slave_link_conn_handle
                        0x20002d88    0x2  Data  Lc  ble_advertising.o [1]
m_database              0x200031e0  0x370  Data  Lc  ble_gls_db.o [1]
m_database_crossref     0x20003ec4   0x14  Data  Lc  ble_gls_db.o [1]
m_deleting_all          0x20003eaa    0x1  Data  Lc  peer_manager.o [1]
m_detection_delay       0x20003d38    0x4  Data  Lc  app_button.o [1]
m_detection_delay_timer_id
                        0x00023824    0x4  Data  Lc  app_button.o [1]
m_detection_delay_timer_id_data
                        0x20003d44   0x20  Data  Lc  app_button.o [1]
m_error_handler         0x20002d90    0x4  Data  Lc  ble_advertising.o [1]
m_error_handler         0x20003f3c    0x4  Data  Lc  bsp_btn_ble.o [1]
m_events_list           0x20003998    0xc  Data  Lc  bsp.o [1]
m_evt_handler           0x20002d8c    0x4  Data  Lc  ble_advertising.o [1]
m_evt_handlers          0x00021c9c   0x14  Data  Lc  peer_database.o [1]
m_evt_handlers          0x20003eb8    0xc  Data  Lc  peer_manager.o [1]
m_evt_schedule_func     0x20003e0c    0x4  Data  Lc  app_timer.o [1]
m_evt_schedule_func     0x20003f08    0x4  Data  Lc  softdevice_handler.o [1]
m_fds_ftok              0x20003f44    0x8  Data  Lc  peer_data_storage.o [1]
m_fds_tl_dirty          0x0001d2c0    0x4  Data  Lc  fds.o [1]
m_flag_link_secure_force_repairing
                        0x20002d9f    0x1  Data  Lc  security_manager.o [1]
m_flag_link_secure_null_params
                        0x20002da0    0x1  Data  Lc  security_manager.o [1]
m_flag_link_secure_pending_busy
                        0x20002d9d    0x1  Data  Lc  security_manager.o [1]
m_flag_link_secure_pending_flash_full
                        0x20002d9e    0x1  Data  Lc  security_manager.o [1]
m_flag_local_db_apply_pending
                        0x20003f55    0x1  Data  Lc  gatt_cache_manager.o [1]
m_flag_local_db_update_pending
                        0x20003f54    0x1  Data  Lc  gatt_cache_manager.o [1]
m_flag_params_reply_pending_busy
                        0x20002da1    0x1  Data  Lc  security_manager.o [1]
m_flag_params_reply_pending_flash_full
                        0x20002da2    0x1  Data  Lc  security_manager.o [1]
m_flag_reject_pairing   0x20002da3    0x1  Data  Lc  security_manager.o [1]
m_flag_sec_proc         0x20002dc4    0x1  Data  Lc  security_dispatcher.o [1]
m_flag_sec_proc_new_peer
                        0x20002dc6    0x1  Data  Lc  security_dispatcher.o [1]
m_flag_sec_proc_pairing
                        0x20002dc5    0x1  Data  Lc  security_dispatcher.o [1]
m_flag_service_changed_pending
                        0x20003f56    0x1  Data  Lc  gatt_cache_manager.o [1]
m_flag_service_changed_sent
                        0x20003f57    0x1  Data  Lc  gatt_cache_manager.o [1]
m_flags                 0x20003f64    0x1  Data  Lc  fds.o [1]
m_flags                 0x20002da8    0x1  Data  Lc  fstorage.o [1]
m_gc                    0x20003e70   0x10  Data  Lc  fds.o [1]
m_gls                   0x20002a28   0x30  Data  Lc  main.o [1]
m_gls_state             0x20003ee6    0x1  Data  Lc  ble_gls.o [1]
m_highest_ranked_peer   0x20003eae    0x2  Data  Lc  peer_manager.o [1]
m_indication_type       0x200039b0    0x4  Data  Lc  bsp.o [1]
m_initialized           0x20002d80    0x1  Data  Lc  ble_advertising.o [1]
m_initialized           0x20002b60    0x1  Data  Lc  nrf_log_backend_serial.o [1]
m_latest_rec_id         0x20003e88    0x4  Data  Lc  fds.o [1]
m_leds_timer_id         0x000207a0    0x4  Data  Lc  bsp.o [1]
m_leds_timer_id_data    0x200039bc   0x20  Data  Lc  bsp.o [1]
m_log_data              0x20002dc8  0x418  Data  Lc  nrf_log_frontend.o [1]
m_manuf_data_array      0x20003884   0x20  Data  Lc  ble_advertising.o [1]
m_manuf_specific_data   0x200038c4    0xc  Data  Lc  ble_advertising.o [1]
m_module_initialized    0x20003ea8    0x1  Data  Lc  peer_manager.o [1]
m_n_registrants         0x20003eab    0x1  Data  Lc  peer_manager.o [1]
m_n_writes              0x20003f58    0x4  Data  Lc  peer_database.o [1]
m_next_seq_num          0x20003eec    0x2  Data  Lc  ble_gls.o [1]
m_num_connections       0x20003f40    0x4  Data  Lc  bsp_btn_ble.o [1]
m_num_records           0x20003ed8    0x2  Data  Lc  ble_gls_db.o [1]
m_op_queue              0x20003df0    0x8  Data  Lc  app_timer.o [1]
m_op_queue              0x20003a1c   0x78  Data  Lc  fds.o [1]
m_p_public_key          0x20002da4    0x4  Data  Lc  security_manager.o [1]
m_p_whitelist_addrs     0x20003e30   0x20  Data  Lc  ble_advertising.o [1]
m_p_whitelist_irks      0x20003e50   0x20  Data  Lc  ble_advertising.o [1]
m_pages                 0x20003d98   0x20  Data  Lc  fds.o [1]
m_pairing_flag_id       0x20003eac    0x1  Data  Lc  peer_manager.o [1]
m_peer_addr_reply_expected
                        0x20002d84    0x1  Data  Lc  ble_advertising.o [1]
m_peer_address          0x20002d78    0x8  Data  Lc  ble_advertising.o [1]
m_peer_delete_ongoing   0x20003f63    0x1  Data  Lc  peer_data_storage.o [1]
m_peer_delete_queued    0x20003f62    0x1  Data  Lc  peer_data_storage.o [1]
m_peer_pk               0x20003cb8   0x40  Data  Lc  security_dispatcher.o [1]
m_peer_rank_initialized
                        0x20003ea9    0x1  Data  Lc  peer_manager.o [1]
m_peer_rank_token       0x20003eb0    0x4  Data  Lc  peer_manager.o [1]
m_pending_racp_response
                        0x20003edc    0x8  Data  Lc  ble_gls.o [1]
m_pending_racp_response_operand
                        0x20003ee4    0x2  Data  Lc  ble_gls.o [1]
m_pi                    0x20003c78   0x40  Data  Lc  peer_id.o [1]
m_pin_state             0x20003d3c    0x4  Data  Lc  app_button.o [1]
m_pin_transition        0x20003d40    0x4  Data  Lc  app_button.o [1]
m_preferred_conn_params
                        0x20003f2c    0x8  Data  Lc  ble_conn_params.o [1]
m_queue                 0x20003a94   0x68  Data  Lc  fstorage.o [1]
m_racp_proc_operator    0x20003ee7    0x1  Data  Lc  ble_gls.o [1]
m_racp_proc_record_ndx  0x20003ee8    0x1  Data  Lc  ble_gls.o [1]
m_racp_proc_records_reported
                        0x20003ee9    0x1  Data  Lc  ble_gls.o [1]
m_racp_proc_records_reported_since_txcomplete
                        0x20003eea    0x1  Data  Lc  ble_gls.o [1]
m_racp_proc_seq_num     0x20003eee    0x2  Data  Lc  ble_gls.o [1]
m_registered_callback   0x200039b8    0x4  Data  Lc  bsp.o [1]
m_retry_count           0x20002da9    0x1  Data  Lc  fstorage.o [1]
m_rtc1_reset            0x20003dfb    0x1  Data  Lc  app_timer.o [1]
m_rtc1_running          0x20003dfa    0x1  Data  Lc  app_timer.o [1]
m_rx_done               0x20002b62    0x1  Data  Lc  nrf_log_backend_serial.o [1]
m_sec_params            0x20002d94    0x8  Data  Lc  security_manager.o [1]
m_sec_params_valid      0x20002d9c    0x1  Data  Lc  security_manager.o [1]
m_sec_req_timer_id      0x0001f178    0x4  Data  Lc  main.o [1]
m_sec_req_timer_id_data
                        0x20002a80   0x20  Data  Lc  main.o [1]
m_service_data          0x200038d0    0xc  Data  Lc  ble_advertising.o [1]
m_service_data_array    0x200038a4   0x20  Data  Lc  ble_advertising.o [1]
m_slave_conn_int        0x200038dc    0x4  Data  Lc  ble_advertising.o [1]
m_softdevice_enabled    0x20003f04    0x1  Data  Lc  softdevice_handler.o [1]
m_stable_state          0x200039a4    0x1  Data  Lc  bsp.o [1]
m_suspended             0x20003f05    0x1  Data  Lc  softdevice_handler.o [1]
m_swap_page             0x20003e80    0x8  Data  Lc  fds.o [1]
m_sys_evt_handler       0x20003f14    0x4  Data  Lc  softdevice_handler.o [1]
m_ticks_elapsed         0x20003e04    0x8  Data  Lc  app_timer.o [1]
m_ticks_elapsed_q_read_ind
                        0x20003df8    0x1  Data  Lc  app_timer.o [1]
m_ticks_elapsed_q_write_ind
                        0x20003df9    0x1  Data  Lc  app_timer.o [1]
m_ticks_latest          0x20003e00    0x4  Data  Lc  app_timer.o [1]
m_uart                  0x20002c64    0x8  Data  Lc  nrf_log_backend_serial.o [1]
m_uart_buffer           0x20002b64  0x100  Data  Lc  nrf_log_backend_serial.o [1]
m_update_count          0x20003c54    0x1  Data  Lc  ble_conn_params.o [1]
m_users                 0x20003dcc    0x1  Data  Lc  fds.o [1]
m_whitelist             0x20002d68   0x10  Data  Lc  ble_advertising.o [1]
m_whitelist_addrs       0x200038e0   0x38  Data  Lc  ble_advertising.o [1]
m_whitelist_irks        0x20003918   0x80  Data  Lc  ble_advertising.o [1]
m_whitelist_reply_expected
                        0x20002d86    0x1  Data  Lc  ble_advertising.o [1]
m_whitelist_temporarily_disabled
                        0x20002d85    0x1  Data  Lc  ble_advertising.o [1]
m_write_buffer          0x200035f4   0x10  Data  Lc  peer_database.o [1]
m_write_buffer_records  0x20003550   0xa0  Data  Lc  peer_database.o [1]
main                    0x0001eee5  0x218  Code  Gb  main.o [1]
malloc                  0x0001c3e5   0xb2  Code  Gb  xxmemxmalloc.o [3]
manuf_specific_data_encode
                        0x00023eb9   0x68  Code  Lc  ble_advdata.o [1]
manufact_name_handles   0x20003b60    0x8  Data  Lc  ble_dis.o [1]
memcmp                  0x000242a1   0x28  Code  Gb  memcmp.o [5]
model_num_handles       0x20003b68    0x8  Data  Lc  ble_dis.o [1]
mp_ble_evt_buffer       0x20003f0c    0x4  Data  Lc  softdevice_handler.o [1]
mp_buttons              0x20003d34    0x4  Data  Lc  app_button.o [1]
mp_timer_id_head        0x20003dfc    0x4  Data  Lc  app_timer.o [1]
name_encode             0x00023c9f   0xa4  Code  Lc  ble_advdata.o [1]
new_connection          0x00021845   0x4e  Code  Gb  id_manager.o [1]
next_id_get             0x0002449f   0x2e  Code  Gb  peer_id.o [1]
nrf_clock_event_check   0x000241af   0x10  Code  Lc  nrf_drv_clock.o [1]
nrf_clock_event_clear   0x000241a5    0xa  Code  Lc  nrf_drv_clock.o [1]
nrf_delay_us            0x0001f1dd   0x2a  Code  Lc  app_timer.o [1]
nrf_drv_clock_init      0x000241bf   0x30  Code  Gb  nrf_drv_clock.o [1]
nrf_drv_clock_on_sd_enable
                        0x00024263   0x30  Code  Gb  nrf_drv_clock.o [1]
nrf_drv_clock_on_soc_event
                        0x00024255    0xe  Code  Gb  nrf_drv_clock.o [1]
nrf_drv_common_irq_enable
                        0x00024e4d   0x54  Code  Gb  nrf_drv_common.o [1]
nrf_drv_get_IRQn        0x00024973    0x6  Code  Lc  nrf_drv_uart.o [1]
nrf_drv_gpiote_in_event_enable
                        0x00024711   0x84  Code  Gb  nrf_drv_gpiote.o [1]
nrf_drv_gpiote_in_init  0x0002466d   0x9e  Code  Gb  nrf_drv_gpiote.o [1]
nrf_drv_gpiote_in_is_set
                        0x0002479d    0xc  Code  Gb  nrf_drv_gpiote.o [1]
nrf_drv_gpiote_init     0x00024603   0x4e  Code  Gb  nrf_drv_gpiote.o [1]
nrf_drv_gpiote_is_init  0x00024651    0xc  Code  Gb  nrf_drv_gpiote.o [1]
nrf_drv_uart_init       0x00024a91   0x74  Code  Gb  nrf_drv_uart.o [1]
nrf_drv_uart_tx         0x00024b69   0xae  Code  Gb  nrf_drv_uart.o [1]
nrf_drv_uart_tx_in_progress
                        0x00024c17   0x14  Code  Gb  nrf_drv_uart.o [1]
nrf_drv_uart_uninit     0x00024b05   0x44  Code  Gb  nrf_drv_uart.o [1]
nrf_gpio_cfg            0x0002451d   0x1c  Code  Lc  nrf_drv_gpiote.o [1]
nrf_gpio_cfg            0x00024979   0x1c  Code  Lc  nrf_drv_uart.o [1]
nrf_gpio_cfg_default    0x000249c3   0x14  Code  Lc  nrf_drv_uart.o [1]
nrf_gpio_cfg_input      0x000249ab   0x18  Code  Lc  nrf_drv_uart.o [1]
nrf_gpio_cfg_output     0x00024995   0x16  Code  Lc  nrf_drv_uart.o [1]
nrf_gpio_cfg_sense_set  0x00024539   0x18  Code  Lc  nrf_drv_gpiote.o [1]
nrf_gpio_pin_set        0x000249d7    0xa  Code  Lc  nrf_drv_uart.o [1]
nrf_gpiote_event_clear  0x00024515    0x8  Code  Lc  nrf_drv_gpiote.o [1]
nrf_gpiote_event_is_set
                        0x00024509    0xc  Code  Lc  nrf_drv_gpiote.o [1]
nrf_log_backend_hexdump_handler_get
                        0x00023b05    0x4  Code  Gb  nrf_log_backend_serial.o [1]
nrf_log_backend_init    0x00023839   0x68  Code  Gb  nrf_log_backend_serial.o [1]
nrf_log_backend_serial_hexdump_handler
                        0x000239cb  0x136  Code  Lc  nrf_log_backend_serial.o [1]
nrf_log_backend_serial_std_handler
                        0x00023911   0xba  Code  Lc  nrf_log_backend_serial.o [1]
nrf_log_backend_std_handler_get
                        0x00023b01    0x4  Code  Gb  nrf_log_backend_serial.o [1]
nrf_log_blocking_backend_set
                        0x00020929    0xa  Code  Gb  nrf_log_frontend.o [1]
nrf_log_frontend_dequeue
                        0x00020b0d  0x148  Code  Gb  nrf_log_frontend.o [1]
nrf_log_frontend_init   0x00020933   0x14  Code  Gb  nrf_log_frontend.o [1]
nrf_log_frontend_std_0  0x00020a7d   0x2c  Code  Gb  nrf_log_frontend.o [1]
nrf_log_frontend_std_1  0x00020aa9   0x3a  Code  Gb  nrf_log_frontend.o [1]
nrf_log_handlers_set    0x00020947    0x8  Code  Gb  nrf_log_frontend.o [1]
nrf_log_init            0x00020905   0x24  Code  Gb  nrf_log_frontend.o [1]
nrf_log_push            0x000209b1   0xc6  Code  Gb  nrf_log_frontend.o [1]
nrf_nvic_state          0x20003f24    0x8  Data  Gb  app_util_platform.o [1]
nrf_uart_errorsrc_get_and_clear
                        0x00024947    0xc  Code  Lc  nrf_drv_uart.o [1]
nrf_uart_event_check    0x0002491f    0x6  Code  Lc  nrf_drv_uart.o [1]
nrf_uart_event_clear    0x00024919    0x6  Code  Lc  nrf_drv_uart.o [1]
nrf_uart_hwfc_pins_set  0x00024957    0x4  Code  Lc  nrf_drv_uart.o [1]
nrf_uart_int_disable    0x0002493f    0x8  Code  Lc  nrf_drv_uart.o [1]
nrf_uart_int_enable     0x00024925    0x8  Code  Lc  nrf_drv_uart.o [1]
nrf_uart_int_enable_check
                        0x0002492d    0xa  Code  Lc  nrf_drv_uart.o [1]
nrf_uart_rxd_get        0x00024963    0xa  Code  Lc  nrf_drv_uart.o [1]
nrf_uart_task_trigger   0x0002496d    0x6  Code  Lc  nrf_drv_uart.o [1]
nrf_uart_txrx_pins_set  0x00024953    0x4  Code  Lc  nrf_drv_uart.o [1]
on_adv_evt              0x0001ebdd   0x28  Code  Lc  main.o [1]
on_ble_evt              0x0001ec21  0x106  Code  Lc  main.o [1]
on_conn_params_evt      0x0001eb8d   0x14  Code  Lc  main.o [1]
on_racp_value_write     0x0001e697   0xe2  Code  Lc  ble_gls.o [1]
op_enqueue              0x0001d145   0x72  Code  Lc  fds.o [1]
page_offsets_update     0x0001cf2d   0x14  Code  Lc  fds.o [1]
page_scan               0x0001cecf   0x5e  Code  Lc  fds.o [1]
page_tag_write_data     0x0001cf59    0xc  Code  Lc  fds.o [1]
page_tag_write_swap     0x0001cf41   0x10  Code  Lc  fds.o [1]
pages_init              0x0001d1c5   0xde  Code  Lc  fds.o [1]
params_reply_pending_process
                        0x000223c7   0x42  Code  Lc  security_manager.o [1]
pdb_evt_send            0x00021c81   0x1a  Code  Lc  peer_database.o [1]
pdb_init                0x00021dcb   0x3e  Code  Gb  peer_database.o [1]
pdb_next_deleted_peer_id_get
                        0x0002211d    0x8  Code  Gb  peer_database.o [1]
pdb_next_peer_id_get    0x00022115    0x8  Code  Gb  peer_database.o [1]
pdb_pds_evt_handler     0x00021cb1  0x11a  Code  Gb  peer_database.o [1]
pdb_peer_allocate       0x00021e15    0x8  Code  Gb  peer_database.o [1]
pdb_peer_data_load      0x00022125   0x10  Code  Gb  peer_database.o [1]
pdb_peer_data_ptr_get   0x00021e69    0xa  Code  Gb  peer_database.o [1]
pdb_peer_free           0x00021e1d   0x4c  Code  Gb  peer_database.o [1]
pdb_raw_store           0x00022135    0xc  Code  Gb  peer_database.o [1]
pdb_write_buf_get       0x00021eb7  0x104  Code  Gb  peer_database.o [1]
pdb_write_buf_release   0x00021fc1   0x2a  Code  Gb  peer_database.o [1]
pdb_write_buf_store     0x00022051   0xb8  Code  Gb  peer_database.o [1]
pdb_write_buf_store_prepare
                        0x00021fed   0x62  Code  Gb  peer_database.o [1]
pds_evt_send            0x0002293d    0x8  Code  Lc  peer_data_storage.o [1]
pds_init                0x00022b37   0x5e  Code  Gb  peer_data_storage.o [1]
pds_next_deleted_peer_id_get
                        0x00022d93    0x8  Code  Gb  peer_data_storage.o [1]
pds_next_peer_id_get    0x00022d8b    0x8  Code  Gb  peer_data_storage.o [1]
pds_peer_data_iterate   0x00022c11   0x52  Code  Gb  peer_data_storage.o [1]
pds_peer_data_iterate_prepare
                        0x00022c03    0xa  Code  Gb  peer_data_storage.o [1]
pds_peer_data_read      0x00022b95   0x6e  Code  Gb  peer_data_storage.o [1]
pds_peer_data_store     0x00022cab   0xa6  Code  Gb  peer_data_storage.o [1]
pds_peer_id_allocate    0x00022d51    0xa  Code  Gb  peer_data_storage.o [1]
pds_peer_id_free        0x00022d6d   0x16  Code  Gb  peer_data_storage.o [1]
pds_peer_id_is_allocated
                        0x00022d83    0x8  Code  Gb  peer_data_storage.o [1]
pds_space_reserve       0x00022c69   0x32  Code  Gb  peer_data_storage.o [1]
pds_space_reserve_cancel
                        0x00022c9b   0x10  Code  Gb  peer_data_storage.o [1]
peer_data_const_point_to_buffer
                        0x00021e85    0xa  Code  Lc  peer_database.o [1]
peer_data_delete        0x00022991   0x74  Code  Lc  peer_data_storage.o [1]
peer_data_find          0x00022a05   0x32  Code  Lc  peer_data_storage.o [1]
peer_data_id_is_valid   0x00022971   0x20  Code  Lc  peer_data_storage.o [1]
peer_data_point_to_buffer
                        0x00021e73   0x12  Code  Lc  peer_database.o [1]
peer_id_allocate        0x00024437    0xa  Code  Gb  peer_id.o [1]
peer_id_delete          0x00024441   0x1e  Code  Gb  peer_id.o [1]
peer_id_free            0x0002445f   0x18  Code  Gb  peer_id.o [1]
peer_id_get_next_deleted
                        0x000244f3    0xa  Code  Gb  peer_id.o [1]
peer_id_get_next_used   0x000244cd   0x26  Code  Gb  peer_id.o [1]
peer_id_init            0x000243c9   0x24  Code  Gb  peer_id.o [1]
peer_id_is_allocated    0x00024477   0x14  Code  Gb  peer_id.o [1]
peer_id_is_deleted      0x0002448b   0x14  Code  Gb  peer_id.o [1]
peer_id_set             0x00021b29   0x16  Code  Lc  id_manager.o [1]
peer_to_be_deleted      0x20002a0c    0x2  Data  Gb  main.o [1]
pin_in_use_by_gpiote    0x00024575    0xe  Code  Lc  nrf_drv_gpiote.o [1]
pin_in_use_by_port      0x00024561   0x14  Code  Lc  nrf_drv_gpiote.o [1]
pin_in_use_by_te        0x00024551   0x10  Code  Lc  nrf_drv_gpiote.o [1]
pin_in_use_clear        0x00024583    0xe  Code  Lc  nrf_drv_gpiote.o [1]
pins_to_default         0x00024a3f   0x52  Code  Lc  nrf_drv_uart.o [1]
pm_buffer_block_acquire
                        0x0002430f   0x5e  Code  Gb  pm_buffer.o [1]
pm_buffer_init          0x000242c9   0x46  Code  Gb  pm_buffer.o [1]
pm_buffer_ptr_get       0x0002436d   0x30  Code  Gb  pm_buffer.o [1]
pm_buffer_release       0x0002439d   0x2c  Code  Gb  pm_buffer.o [1]
pm_conn_sec_config_reply
                        0x0001fba1    0x8  Code  Gb  peer_manager.o [1]
pm_conn_sec_status_get  0x0001fbc1   0x78  Code  Gb  peer_manager.o [1]
pm_conn_secure          0x0001fb8d   0x14  Code  Gb  peer_manager.o [1]
pm_evt_handler          0x0001e991   0xce  Code  Lc  main.o [1]
pm_gcm_evt_handler      0x0001fa01   0x74  Code  Gb  peer_manager.o [1]
pm_im_evt_handler       0x0001fa75   0x4a  Code  Gb  peer_manager.o [1]
pm_init                 0x0001fae5   0x6c  Code  Gb  peer_manager.o [1]
pm_local_database_has_changed
                        0x0001fba9   0x12  Code  Gb  peer_manager.o [1]
pm_mutex_init           0x00024ed5   0x12  Code  Gb  pm_mutex.o [1]
pm_mutex_lock           0x00024ee7   0x1e  Code  Gb  pm_mutex.o [1]
pm_mutex_lock_first_available
                        0x00024f3d   0x34  Code  Gb  pm_mutex.o [1]
pm_mutex_lock_status_get
                        0x00024f71   0x18  Code  Gb  pm_mutex.o [1]
pm_mutex_unlock         0x00024f05   0x38  Code  Gb  pm_mutex.o [1]
pm_on_ble_evt           0x0001fac5   0x20  Code  Gb  peer_manager.o [1]
pm_pdb_evt_handler      0x0001f7a5  0x136  Code  Gb  peer_manager.o [1]
pm_peer_delete          0x0001fc65   0x14  Code  Gb  peer_manager.o [1]
pm_peer_id_get          0x0001fc39   0x22  Code  Gb  peer_manager.o [1]
pm_peer_rank_highest    0x0001fd75   0xba  Code  Gb  peer_manager.o [1]
pm_peer_ranks_get       0x0001fcb5   0xb6  Code  Gb  peer_manager.o [1]
pm_peers_delete         0x0001fc79   0x34  Code  Gb  peer_manager.o [1]
pm_register             0x0001fb51   0x24  Code  Gb  peer_manager.o [1]
pm_sec_params_set       0x0001fb79   0x14  Code  Gb  peer_manager.o [1]
pm_sm_evt_handler       0x0001f8dd  0x120  Code  Gb  peer_manager.o [1]
pnp_id_handles          0x20003ba0    0x8  Data  Lc  ble_dis.o [1]
queue_advance           0x0001dc33   0x22  Code  Lc  fstorage.o [1]
queue_get_next_free     0x0001dcd1   0x30  Code  Lc  fstorage.o [1]
queue_process           0x0001d6dd  0x110  Code  Lc  fds.o [1]
queue_process           0x0001dc55   0x62  Code  Lc  fstorage.o [1]
queue_start             0x0001d7f1   0x1a  Code  Lc  fds.o [1]
queue_start             0x0001dcb7   0x1a  Code  Lc  fstorage.o [1]
racp_report_records_procedure
                        0x0001e3f5  0x112  Code  Lc  ble_gls.o [1]
racp_response_code_send
                        0x0001e369   0x24  Code  Lc  ble_gls.o [1]
racp_send               0x0001e2eb   0x7e  Code  Lc  ble_gls.o [1]
ram_end_address_get     0x000215bd   0x10  Code  Lc  softdevice_handler.o [1]
record_access_control_point_char_add
                        0x0001e1d1   0x88  Code  Lc  ble_gls.o [1]
record_find             0x0001d0ab   0x76  Code  Lc  fds.o [1]
record_find_by_desc     0x0001d017   0x94  Code  Lc  fds.o [1]
record_find_next        0x0001cfc7   0x50  Code  Lc  fds.o [1]
record_header_flag_dirty
                        0x0001d2a5   0x1a  Code  Lc  fds.o [1]
record_key_within_pm_range
                        0x0002295b   0x16  Code  Lc  peer_data_storage.o [1]
reg_cert_data_list_handles
                        0x20003b98    0x8  Data  Lc  ble_dis.o [1]
release                 0x00024423   0x14  Code  Lc  peer_id.o [1]
report_num_records_request_execute
                        0x0001e5b9   0x8c  Code  Lc  ble_gls.o [1]
rtc1_stop               0x0001f207   0x32  Code  Lc  app_timer.o [1]
rx_byte                 0x00024c39   0x38  Code  Lc  nrf_drv_uart.o [1]
rx_done_event           0x00024c85   0x16  Code  Lc  nrf_drv_uart.o [1]
sd_nvic_EnableIRQ       0x0002140b   0x6e  Code  Lc  softdevice_handler.o [1]
sdk_mapped_flags_any_set
                        0x00022571    0x8  Code  Lc  gatt_cache_manager.o [1]
sdk_mapped_flags_any_set
                        0x00022151    0x8  Code  Lc  security_manager.o [1]
sdk_mapped_flags_bulk_update_by_key
                        0x00023b8b   0x42  Code  Gb  sdk_mapped_flags.o [1]
sdk_mapped_flags_first_key_index_get
                        0x00023b57   0x22  Code  Gb  sdk_mapped_flags.o [1]
sdk_mapped_flags_get_by_index
                        0x00023b49    0xe  Code  Lc  sdk_mapped_flags.o [1]
sdk_mapped_flags_get_by_key
                        0x00023bcd   0x26  Code  Gb  sdk_mapped_flags.o [1]
sdk_mapped_flags_key_list_get
                        0x00023bf3   0x46  Code  Gb  sdk_mapped_flags.o [1]
sdk_mapped_flags_update_by_key
                        0x00023b7d    0xe  Code  Gb  sdk_mapped_flags.o [1]
sec_info_request_process
                        0x00022e59   0xac  Code  Lc  security_dispatcher.o [1]
sec_params_verify       0x000224a9   0x70  Code  Lc  security_manager.o [1]
sec_proc_start          0x00022e11   0x48  Code  Lc  security_dispatcher.o [1]
sec_req_timeout_handler
                        0x0001ea9f   0x22  Code  Lc  main.o [1]
sec_start_send          0x00022dad   0x1c  Code  Lc  security_dispatcher.o [1]
send_event              0x0001dbd1   0x48  Code  Lc  fstorage.o [1]
sensorsim_decrement     0x0001fe93   0x1c  Code  Gb  sensorsim.o [1]
sensorsim_increment     0x0001fe77   0x1c  Code  Gb  sensorsim.o [1]
sensorsim_init          0x0001fe45   0x16  Code  Gb  sensorsim.o [1]
sensorsim_measure       0x0001fe5b   0x1c  Code  Gb  sensorsim.o [1]
serial_is_busy          0x000238a1    0xa  Code  Lc  nrf_log_backend_serial.o [1]
serial_num_handles      0x20003b70    0x8  Data  Lc  ble_dis.o [1]
serial_tx               0x000238ab   0x2a  Code  Lc  nrf_log_backend_serial.o [1]
service_changed_pending_flags_check
                        0x00022719   0xde  Code  Lc  gatt_cache_manager.o [1]
service_changed_pending_set
                        0x000234ed   0x34  Code  Lc  gatts_cache_manager.o [1]
service_data_encode     0x00023f21   0x86  Code  Lc  ble_advdata.o [1]
service_error_handler   0x0001ea65    0x8  Code  Lc  main.o [1]
service_handle          0x20003b5c    0x2  Data  Lc  ble_dis.o [1]
services_init           0x0001eac1   0xb0  Code  Lc  main.o [1]
sleep_mode_enter        0x0001ebb5   0x1e  Code  Lc  main.o [1]
sm_ble_evt_handler      0x00022491   0x10  Code  Gb  security_manager.o [1]
sm_conn_sec_config_reply
                        0x00022545   0x12  Code  Gb  security_manager.o [1]
sm_init                 0x00022443   0x4a  Code  Gb  security_manager.o [1]
sm_link_secure          0x00022561    0xe  Code  Gb  security_manager.o [1]
sm_pdb_evt_handler      0x00022409   0x28  Code  Gb  security_manager.o [1]
sm_sec_params_set       0x00022519   0x2c  Code  Gb  security_manager.o [1]
sm_smd_evt_handler      0x00022301   0x66  Code  Gb  security_manager.o [1]
smd_ble_evt_handler     0x000233fd   0xd6  Code  Gb  security_dispatcher.o [1]
smd_init                0x00023093   0x30  Code  Gb  security_dispatcher.o [1]
smd_link_secure         0x000233c9   0x2c  Code  Gb  security_dispatcher.o [1]
smd_params_reply        0x000230cd  0x116  Code  Gb  security_dispatcher.o [1]
smd_params_reply_perform
                        0x00022283   0x7e  Code  Lc  security_manager.o [1]
smd_pdb_evt_handler     0x00022dd5   0x30  Code  Gb  security_dispatcher.o [1]
softdevice_ble_evt_handler_set
                        0x00021553   0x10  Code  Gb  softdevice_handler.o [1]
softdevice_enable       0x000215e9   0x54  Code  Gb  softdevice_handler.o [1]
softdevice_enable_get_default_config
                        0x0002158f   0x2e  Code  Gb  softdevice_handler.o [1]
softdevice_fault_handler
                        0x00021479    0x8  Code  Gb  softdevice_handler.o [1]
softdevice_handler_init
                        0x00021503   0x50  Code  Gb  softdevice_handler.o [1]
softdevice_handler_is_enabled
                        0x000214fd    0x6  Code  Gb  softdevice_handler.o [1]
softdevice_sys_evt_handler_set
                        0x00021563   0x10  Code  Gb  softdevice_handler.o [1]
sprintf                 0x00024e15   0x38  Code  Gb  sprintf.o [3]
strlen                  0x0001c3b3   0x10  Code  Gb  strlen.o [5]
sw_rev_handles          0x20003b88    0x8  Data  Lc  ble_dis.o [1]
sys_evt_dispatch        0x0001edc5   0x10  Code  Lc  main.o [1]
sys_id_handles          0x20003b90    0x8  Data  Lc  ble_dis.o [1]
ticks_diff_get          0x0001f239    0x8  Code  Lc  app_timer.o [1]
timer_list_handler      0x0001f455  0x132  Code  Lc  app_timer.o [1]
timer_stop_op_schedule  0x0001f5b9   0x48  Code  Lc  app_timer.o [1]
timer_timeouts_check    0x0001f241   0x76  Code  Lc  app_timer.o [1]
timestamp_process       0x000238e9   0x28  Code  Lc  nrf_log_backend_serial.o [1]
tx_byte                 0x00024b49   0x20  Code  Lc  nrf_drv_uart.o [1]
tx_done_event           0x00024c9b   0x20  Code  Lc  nrf_drv_uart.o [1]
uart_event_handler      0x0002382d    0xc  Code  Lc  nrf_log_backend_serial.o [1]
uart_irq_handler        0x00024cc1  0x13e  Code  Lc  nrf_drv_uart.o [1]
uint16_decode           0x0001e94f    0xa  Code  Lc  ble_srv_common.o [1]
uint16_encode           0x00023c39    0xa  Code  Lc  ble_advdata.o [1]
uint16_encode           0x00020115    0xa  Code  Lc  ble_dis.o [1]
uint16_encode           0x0001dfd9    0xa  Code  Lc  ble_gls.o [1]
update_timeout_handler  0x00020e69   0x54  Code  Lc  ble_conn_params.o [1]
user_op_alloc           0x0001f58d   0x28  Code  Lc  app_timer.o [1]
user_op_enque           0x0001f587    0x6  Code  Lc  app_timer.o [1]
uuid_list_encode        0x00023ded   0x2a  Code  Lc  ble_advdata.o [1]
uuid_list_sized_encode  0x00023d43   0xaa  Code  Lc  ble_advdata.o [1]
whitelist_has_entries   0x00020ff5   0x12  Code  Lc  ble_advertising.o [1]
write_buf_length_words_set
                        0x00021e8f   0x28  Code  Lc  peer_database.o [1]
write_buffer_record_find
                        0x00021c39   0x24  Code  Lc  peer_database.o [1]
write_buffer_record_find_next
                        0x00021c19   0x20  Code  Lc  peer_database.o [1]
write_buffer_record_invalidate
                        0x00021bfd   0x1c  Code  Lc  peer_database.o [1]
write_buffer_record_release
                        0x00021c5d   0x24  Code  Lc  peer_database.o [1]
write_enqueue           0x0001d815  0x108  Code  Lc  fds.o [1]
write_execute           0x0001d475  0x126  Code  Lc  fds.o [1]
write_space_free        0x0001cfb7   0x10  Code  Lc  fds.o [1]
write_space_reserve     0x0001cf75   0x42  Code  Lc  fds.o [1]


[1] = D:\BLE_Lock\Sentry\examples\ble_peripheral\ble_app_gls\pca10028\s130\iar\_build
[2] = command line
[3] = dl6M_tlf.a
[4] = m6M_tl.a
[5] = rt6M_tl.a

  41 452 bytes of readonly  code memory
     212 bytes of readonly  data memory
   8 061 bytes of readwrite data memory

Errors: none
Warnings: none
