###############################################################################
#
# IAR ELF Linker V7.30.3.8024/W32 for ARM                 07/Dec/2016  19:35:00
# Copyright 2007-2014 IAR Systems AB.
#
#    Output file  =  
#        D:\BLE_Lock\Sentry\examples\ble_peripheral\ble_app_template\pca10028\s130\iar\_build\ble_app_template_pca10028_s130.out
#    Map file     =  
#        D:\BLE_Lock\Sentry\examples\ble_peripheral\ble_app_template\pca10028\s130\iar\_build\ble_app_template_pca10028_s130.map
#    Command line =  
#        D:\BLE_Lock\Sentry\examples\ble_peripheral\ble_app_template\pca10028\s130\iar\_build\app_button.o
#        D:\BLE_Lock\Sentry\examples\ble_peripheral\ble_app_template\pca10028\s130\iar\_build\app_error.o
#        D:\BLE_Lock\Sentry\examples\ble_peripheral\ble_app_template\pca10028\s130\iar\_build\app_error_weak.o
#        D:\BLE_Lock\Sentry\examples\ble_peripheral\ble_app_template\pca10028\s130\iar\_build\app_fifo.o
#        D:\BLE_Lock\Sentry\examples\ble_peripheral\ble_app_template\pca10028\s130\iar\_build\app_timer.o
#        D:\BLE_Lock\Sentry\examples\ble_peripheral\ble_app_template\pca10028\s130\iar\_build\app_uart_fifo.o
#        D:\BLE_Lock\Sentry\examples\ble_peripheral\ble_app_template\pca10028\s130\iar\_build\app_util_platform.o
#        D:\BLE_Lock\Sentry\examples\ble_peripheral\ble_app_template\pca10028\s130\iar\_build\ble_advdata.o
#        D:\BLE_Lock\Sentry\examples\ble_peripheral\ble_app_template\pca10028\s130\iar\_build\ble_advertising.o
#        D:\BLE_Lock\Sentry\examples\ble_peripheral\ble_app_template\pca10028\s130\iar\_build\ble_conn_params.o
#        D:\BLE_Lock\Sentry\examples\ble_peripheral\ble_app_template\pca10028\s130\iar\_build\ble_conn_state.o
#        D:\BLE_Lock\Sentry\examples\ble_peripheral\ble_app_template\pca10028\s130\iar\_build\ble_hrs.o
#        D:\BLE_Lock\Sentry\examples\ble_peripheral\ble_app_template\pca10028\s130\iar\_build\ble_srv_common.o
#        D:\BLE_Lock\Sentry\examples\ble_peripheral\ble_app_template\pca10028\s130\iar\_build\bsp.o
#        D:\BLE_Lock\Sentry\examples\ble_peripheral\ble_app_template\pca10028\s130\iar\_build\bsp_btn_ble.o
#        D:\BLE_Lock\Sentry\examples\ble_peripheral\ble_app_template\pca10028\s130\iar\_build\crc16.o
#        D:\BLE_Lock\Sentry\examples\ble_peripheral\ble_app_template\pca10028\s130\iar\_build\fds.o
#        D:\BLE_Lock\Sentry\examples\ble_peripheral\ble_app_template\pca10028\s130\iar\_build\fstorage.o
#        D:\BLE_Lock\Sentry\examples\ble_peripheral\ble_app_template\pca10028\s130\iar\_build\gatt_cache_manager.o
#        D:\BLE_Lock\Sentry\examples\ble_peripheral\ble_app_template\pca10028\s130\iar\_build\gatts_cache_manager.o
#        D:\BLE_Lock\Sentry\examples\ble_peripheral\ble_app_template\pca10028\s130\iar\_build\hardfault_implementation.o
#        D:\BLE_Lock\Sentry\examples\ble_peripheral\ble_app_template\pca10028\s130\iar\_build\iar_startup_nrf51.o
#        D:\BLE_Lock\Sentry\examples\ble_peripheral\ble_app_template\pca10028\s130\iar\_build\id_manager.o
#        D:\BLE_Lock\Sentry\examples\ble_peripheral\ble_app_template\pca10028\s130\iar\_build\main.o
#        D:\BLE_Lock\Sentry\examples\ble_peripheral\ble_app_template\pca10028\s130\iar\_build\nrf_assert.o
#        D:\BLE_Lock\Sentry\examples\ble_peripheral\ble_app_template\pca10028\s130\iar\_build\nrf_drv_clock.o
#        D:\BLE_Lock\Sentry\examples\ble_peripheral\ble_app_template\pca10028\s130\iar\_build\nrf_drv_common.o
#        D:\BLE_Lock\Sentry\examples\ble_peripheral\ble_app_template\pca10028\s130\iar\_build\nrf_drv_gpiote.o
#        D:\BLE_Lock\Sentry\examples\ble_peripheral\ble_app_template\pca10028\s130\iar\_build\nrf_drv_uart.o
#        D:\BLE_Lock\Sentry\examples\ble_peripheral\ble_app_template\pca10028\s130\iar\_build\nrf_log_backend_serial.o
#        D:\BLE_Lock\Sentry\examples\ble_peripheral\ble_app_template\pca10028\s130\iar\_build\nrf_log_frontend.o
#        D:\BLE_Lock\Sentry\examples\ble_peripheral\ble_app_template\pca10028\s130\iar\_build\peer_data.o
#        D:\BLE_Lock\Sentry\examples\ble_peripheral\ble_app_template\pca10028\s130\iar\_build\peer_data_storage.o
#        D:\BLE_Lock\Sentry\examples\ble_peripheral\ble_app_template\pca10028\s130\iar\_build\peer_database.o
#        D:\BLE_Lock\Sentry\examples\ble_peripheral\ble_app_template\pca10028\s130\iar\_build\peer_id.o
#        D:\BLE_Lock\Sentry\examples\ble_peripheral\ble_app_template\pca10028\s130\iar\_build\peer_manager.o
#        D:\BLE_Lock\Sentry\examples\ble_peripheral\ble_app_template\pca10028\s130\iar\_build\pm_buffer.o
#        D:\BLE_Lock\Sentry\examples\ble_peripheral\ble_app_template\pca10028\s130\iar\_build\pm_mutex.o
#        D:\BLE_Lock\Sentry\examples\ble_peripheral\ble_app_template\pca10028\s130\iar\_build\RTT_Syscalls_IAR.o
#        D:\BLE_Lock\Sentry\examples\ble_peripheral\ble_app_template\pca10028\s130\iar\_build\sdk_mapped_flags.o
#        D:\BLE_Lock\Sentry\examples\ble_peripheral\ble_app_template\pca10028\s130\iar\_build\security_dispatcher.o
#        D:\BLE_Lock\Sentry\examples\ble_peripheral\ble_app_template\pca10028\s130\iar\_build\security_manager.o
#        D:\BLE_Lock\Sentry\examples\ble_peripheral\ble_app_template\pca10028\s130\iar\_build\SEGGER_RTT.o
#        D:\BLE_Lock\Sentry\examples\ble_peripheral\ble_app_template\pca10028\s130\iar\_build\SEGGER_RTT_printf.o
#        D:\BLE_Lock\Sentry\examples\ble_peripheral\ble_app_template\pca10028\s130\iar\_build\sensorsim.o
#        D:\BLE_Lock\Sentry\examples\ble_peripheral\ble_app_template\pca10028\s130\iar\_build\softdevice_handler.o
#        D:\BLE_Lock\Sentry\examples\ble_peripheral\ble_app_template\pca10028\s130\iar\_build\system_nrf51.o
#        --redirect _Printf=_PrintfFull --redirect _Scanf=_ScanfFull -o
#        D:\BLE_Lock\Sentry\examples\ble_peripheral\ble_app_template\pca10028\s130\iar\_build\ble_app_template_pca10028_s130.out
#        --map
#        D:\BLE_Lock\Sentry\examples\ble_peripheral\ble_app_template\pca10028\s130\iar\_build\ble_app_template_pca10028_s130.map
#        --config
#        D:\BLE_Lock\Sentry\examples\ble_peripheral\ble_app_template\pca10028\s130\iar\ble_app_template_iar_nRF5x.icf
#        --warnings_are_errors --entry __iar_program_start --inline --vfe
#
###############################################################################

*******************************************************************************
*** RUNTIME MODEL ATTRIBUTES
***

CppFlavor       = *
__SystemLibrary = DLib


*******************************************************************************
*** PLACEMENT SUMMARY
***

"A1":  place at 0x0001b000 { ro section .intvec };
"P1":  place in [from 0x0001b000 to 0x0003ffff] { ro };
"P2":  place in [from 0x20001fe8 to 0x20007fff] { rw, block CSTACK, block HEAP };

  Section            Kind        Address    Size  Object
  -------            ----        -------    ----  ------
"A1":                                       0xc0
  .intvec            ro code  0x0001b000    0xc0  iar_startup_nrf51.o [1]
                            - 0x0001b0c0    0xc0

"P1":                                     0x9d7c
  .text              ro code  0x0001b0c0  0x1404  fds.o [1]
  .text              ro code  0x0001c4c4   0x530  fstorage.o [1]
  .text              ro code  0x0001c9f4    0x54  ABImemset.o [4]
  .text              ro code  0x0001ca48    0xe0  I32DivModFast.o [4]
  .text              ro code  0x0001cb28    0x5c  ABImemcpy.o [4]
  .text              ro code  0x0001cb84   0xa8c  main.o [1]
  .text              ro code  0x0001d610   0x22c  app_uart_fifo.o [1]
  .text              ro code  0x0001d83c    0x20  app_error.o [1]
  .text              ro code  0x0001d85c   0x98c  peer_manager.o [1]
  .text              ro code  0x0001e1e8   0x90c  app_timer.o [1]
  .text              ro code  0x0001eaf4   0x2a4  ble_conn_params.o [1]
  .text              ro code  0x0001ed98   0x600  bsp.o [1]
  .text              ro code  0x0001f398   0x12c  bsp_btn_ble.o [1]
  .text              ro code  0x0001f4c4   0x290  ble_conn_state.o [1]
  .text              ro code  0x0001f754   0x104  ble_hrs.o [1]
  .text              ro code  0x0001f858   0x628  ble_advertising.o [1]
  .text              ro code  0x0001fe80   0x360  softdevice_handler.o [1]
  .text              ro code  0x000201e0    0xc4  app_fifo.o [1]
  .text              ro code  0x000202a4   0x6c8  nrf_drv_uart.o [1]
  .text              ro code  0x0002096c    0x2a  app_error_weak.o [1]
  .text              ro code  0x00020996    0x2a  zero_init3.o [4]
  .text              ro code  0x000209c0   0x5dc  id_manager.o [1]
  .text              ro code  0x00020f9c   0x7dc  peer_database.o [1]
  .text              ro code  0x00021778   0x670  security_manager.o [1]
  .text              ro code  0x00021de8   0x590  gatt_cache_manager.o [1]
  .text              ro code  0x00022378   0x6b4  peer_data_storage.o [1]
  .text              ro code  0x00022a2c   0xa00  security_dispatcher.o [1]
  .text              ro code  0x0002342c   0x2f0  gatts_cache_manager.o [1]
  .text              ro code  0x0002371c    0xaa  app_util_platform.o [1]
  .text              ro code  0x000237c6    0x20  ble_srv_common.o [1]
  .text              ro code  0x000237e6     0x2  iar_startup_nrf51.o [1]
  .text              ro code  0x000237e8   0x15a  sdk_mapped_flags.o [1]
  .text              ro code  0x00023942     0x2  iar_startup_nrf51.o [1]
  .text              ro code  0x00023944   0x790  ble_advdata.o [1]
  .text              ro code  0x000240d4   0x168  nrf_drv_clock.o [1]
  .text              ro code  0x0002423c    0xdc  nrf_drv_common.o [1]
  .text              ro code  0x00024318    0x28  memcmp.o [4]
  .text              ro code  0x00024340   0x148  pm_buffer.o [1]
  .text              ro code  0x00024488   0x1b8  peer_id.o [1]
  .text              ro code  0x00024640   0x12a  pm_mutex.o [1]
  .text              ro code  0x0002476a     0x2  iar_startup_nrf51.o [1]
  .text              ro code  0x0002476c   0x2b4  nrf_drv_gpiote.o [1]
  .text              ro code  0x00024a20   0x174  system_nrf51.o [1]
  .text              ro code  0x00024b94    0x30  copy_init3.o [4]
  .text              ro code  0x00024bc4    0x2c  iar_startup_nrf51.o [1]
  .text              ro code  0x00024bf0    0x28  data_init.o [4]
  .iar.init_table    const    0x00024c18    0x38  - Linker created -
  .rodata            const    0x00024c50    0x20  app_uart_fifo.o [1]
  .text              ro code  0x00024c70    0x1a  cmain.o [4]
  .text              ro code  0x00024c8a     0x8  exit.o [3]
  .text              ro code  0x00024c92     0x2  iar_startup_nrf51.o [1]
  .text              ro code  0x00024c94     0xa  cexit.o [4]
  .text              ro code  0x00024c9e     0x2  iar_startup_nrf51.o [1]
  .text              ro code  0x00024ca0     0xc  XXexit.o [4]
  .rodata            const    0x00024cac    0x18  main.o [1]
  .rodata            const    0x00024cc4    0x14  peer_database.o [1]
  .rodata            const    0x00024cd8    0x10  bsp.o [1]
  .rodata            const    0x00024ce8    0x10  main.o [1]
  .rodata            const    0x00024cf8    0x10  main.o [1]
  Initializer bytes  ro data  0x00024d08    0x10  <for fs_data-1>
  .rodata            const    0x00024d18     0xc  security_dispatcher.o [1]
  .rodata            const    0x00024d24     0xc  security_dispatcher.o [1]
  .rodata            const    0x00024d30     0xc  security_dispatcher.o [1]
  .rodata            const    0x00024d3c     0xc  security_dispatcher.o [1]
  .rodata            const    0x00024d48     0xc  security_dispatcher.o [1]
  .text              ro code  0x00024d54     0xc  cstartup_M.o [4]
  .rodata            const    0x00024d60     0x8  fds.o [1]
  .rodata            const    0x00024d68     0x8  fds.o [1]
  .rodata            const    0x00024d70     0x8  gatts_cache_manager.o [1]
  .rodata            const    0x00024d78     0x8  gatts_cache_manager.o [1]
  .rodata            const    0x00024d80     0x8  id_manager.o [1]
  .rodata            const    0x00024d88     0x8  peer_database.o [1]
  .rodata            const    0x00024d90     0x8  peer_database.o [1]
  .rodata            const    0x00024d98     0x8  peer_manager.o [1]
  .rodata            const    0x00024da0     0x8  peer_manager.o [1]
  .rodata            const    0x00024da8     0x8  security_dispatcher.o [1]
  .rodata            const    0x00024db0     0x4  ble_conn_params.o [1]
  .rodata            const    0x00024db4     0x4  bsp.o [1]
  .rodata            const    0x00024db8     0x4  bsp.o [1]
  .rodata            const    0x00024dbc     0x4  fds.o [1]
  .rodata            const    0x00024dc0     0x4  gatts_cache_manager.o [1]
  .rodata            const    0x00024dc4     0x4  gatts_cache_manager.o [1]
  .rodata            const    0x00024dc8     0x4  main.o [1]
  .rodata            const    0x00024dcc     0x4  main.o [1]
  .rodata            const    0x00024dd0     0x4  peer_data_storage.o [1]
  .rodata            const    0x00024dd4     0x4  security_manager.o [1]
  .text              ro code  0x00024dd8     0x2  iar_startup_nrf51.o [1]
  .text              ro code  0x00024dda     0x2  iar_startup_nrf51.o [1]
  .text              ro code  0x00024ddc     0x2  iar_startup_nrf51.o [1]
  .text              ro code  0x00024dde     0x2  iar_startup_nrf51.o [1]
  .text              ro code  0x00024de0     0x2  iar_startup_nrf51.o [1]
  .text              ro code  0x00024de2     0x2  iar_startup_nrf51.o [1]
  .text              ro code  0x00024de4     0x2  iar_startup_nrf51.o [1]
  .text              ro code  0x00024de6     0x2  iar_startup_nrf51.o [1]
  .text              ro code  0x00024de8     0x2  iar_startup_nrf51.o [1]
  .text              ro code  0x00024dea     0x2  iar_startup_nrf51.o [1]
  .text              ro code  0x00024dec     0x2  iar_startup_nrf51.o [1]
  .text              ro code  0x00024dee     0x2  iar_startup_nrf51.o [1]
  .text              ro code  0x00024df0     0x2  iar_startup_nrf51.o [1]
  .text              ro code  0x00024df2     0x2  iar_startup_nrf51.o [1]
  .text              ro code  0x00024df4     0x2  iar_startup_nrf51.o [1]
  .text              ro code  0x00024df6     0x2  iar_startup_nrf51.o [1]
  .text              ro code  0x00024df8     0x2  iar_startup_nrf51.o [1]
  .text              ro code  0x00024dfa     0x2  iar_startup_nrf51.o [1]
  .text              ro code  0x00024dfc     0x2  iar_startup_nrf51.o [1]
  .rodata            const    0x00024dfe     0x0  zero_init3.o [4]
  .rodata            const    0x00024dfe     0x0  copy_init3.o [4]
  Initializer bytes  ro data  0x00024e00    0x3c  <for P2 s0>
                            - 0x00024e3c  0x9d7c

"P2":                                     0x1504
  fs_data                     0x20001fe8    0x10  <Block>
    fs_data-1                 0x20001fe8    0x10  <Init block>
      fs_data        inited   0x20001fe8    0x10  fds.o [1]
  CSTACK                      0x20001ff8   0x800  <Block>
    CSTACK           uninit   0x20001ff8   0x800  <Block tail>
  P2 s0                       0x200027f8    0x3c  <Init block>
    .data            inited   0x200027f8    0x10  ble_advertising.o [1]
    .data            inited   0x20002808     0x8  app_uart_fifo.o [1]
    .data            inited   0x20002810     0x4  fstorage.o [1]
    .data            inited   0x20002814     0x4  fstorage.o [1]
    .data            inited   0x20002818     0x4  gatt_cache_manager.o [1]
    .data            inited   0x2000281c     0x4  gatts_cache_manager.o [1]
    .data            inited   0x20002820     0x4  main.o [1]
    .data            inited   0x20002824     0x4  system_nrf51.o [1]
    .data            inited   0x20002828     0x2  main.o [1]
    .data            inited   0x2000282a     0x1  security_dispatcher.o [1]
    .data            inited   0x2000282b     0x1  security_dispatcher.o [1]
    .data            inited   0x2000282c     0x1  security_dispatcher.o [1]
    .data            inited   0x2000282d     0x1  security_manager.o [1]
    .data            inited   0x2000282e     0x1  security_manager.o [1]
    .data            inited   0x2000282f     0x1  security_manager.o [1]
    .data            inited   0x20002830     0x1  security_manager.o [1]
    .data            inited   0x20002831     0x1  security_manager.o [1]
    .data            inited   0x20002832     0x1  security_manager.o [1]
    .data            inited   0x20002833     0x1  security_manager.o [1]
  .bss               zero     0x20002834   0x280  peer_database.o [1]
  .bss               zero     0x20002ab4   0x100  main.o [1]
  .bss               zero     0x20002bb4   0x100  main.o [1]
  .bss               zero     0x20002cb4    0xa0  peer_database.o [1]
  .bss               zero     0x20002d54    0x80  ble_advertising.o [1]
  .bss               zero     0x20002dd4    0x78  fds.o [1]
  .bss               zero     0x20002e4c    0x78  main.o [1]
  .bss               zero     0x20002ec4    0x68  fstorage.o [1]
  .bss               zero     0x20002f2c    0x64  main.o [1]
  .bss               zero     0x20002f90    0x60  id_manager.o [1]
  .bss               zero     0x20002ff0    0x48  fds.o [1]
  .bss               zero     0x20003038    0x48  main.o [1]
  .bss               zero     0x20003080    0x48  nrf_drv_gpiote.o [1]
  .bss               zero     0x200030c8    0x40  peer_id.o [1]
  .bss               zero     0x20003108    0x40  security_dispatcher.o [1]
  .bss               zero     0x20003148    0x38  ble_advertising.o [1]
  .bss               zero     0x20003180    0x38  ble_advertising.o [1]
  .bss               zero     0x200031b8    0x34  ble_conn_state.o [1]
  .bss               zero     0x200031ec    0x20  ble_advertising.o [1]
  .bss               zero     0x2000320c    0x20  ble_advertising.o [1]
  .bss               zero     0x2000322c    0x20  ble_advertising.o [1]
  .bss               zero     0x2000324c    0x20  ble_advertising.o [1]
  .bss               zero     0x2000326c    0x20  ble_advertising.o [1]
  .bss               zero     0x2000328c    0x20  ble_conn_params.o [1]
  .bss               zero     0x200032ac    0x20  bsp.o [1]
  .bss               zero     0x200032cc    0x20  bsp.o [1]
  .bss               zero     0x200032ec    0x20  fds.o [1]
  .bss               zero     0x2000330c    0x20  fds.o [1]
  .bss               zero     0x2000332c    0x1c  ble_conn_params.o [1]
  .bss               zero     0x20003348    0x1c  nrf_drv_uart.o [1]
  .bss               zero     0x20003364    0x14  nrf_drv_clock.o [1]
  .bss               zero     0x20003378    0x10  app_uart_fifo.o [1]
  .bss               zero     0x20003388    0x10  app_uart_fifo.o [1]
  .bss               zero     0x20003398    0x10  fds.o [1]
  .bss               zero     0x200033a8    0x10  peer_database.o [1]
  .bss               zero     0x200033b8     0xc  ble_advertising.o [1]
  .bss               zero     0x200033c4     0xc  ble_advertising.o [1]
  .bss               zero     0x200033d0     0xc  bsp.o [1]
  .bss               zero     0x200033dc     0xc  fds.o [1]
  .bss               zero     0x200033e8     0xc  main.o [1]
  .bss               zero     0x200033f4     0xc  peer_manager.o [1]
  .bss               zero     0x20003400     0x8  app_timer.o [1]
  .bss               zero     0x20003408     0x8  app_timer.o [1]
  .bss               zero     0x20003410     0x8  app_util_platform.o [1]
  .bss               zero     0x20003418     0x8  ble_advertising.o [1]
  .bss               zero     0x20003420     0x8  ble_conn_params.o [1]
  .bss               zero     0x20003428     0x8  ble_conn_params.o [1]
  .bss               zero     0x20003430     0x8  fds.o [1]
  .bss               zero     0x20003438     0x8  fds.o [1]
  .bss               zero     0x20003440     0x8  id_manager.o [1]
  .bss               zero     0x20003448     0x8  peer_data_storage.o [1]
  .bss               zero     0x20003450     0x8  security_manager.o [1]
  .bss               zero     0x20003458     0x4  app_timer.o [1]
  .bss               zero     0x2000345c     0x4  app_timer.o [1]
  .bss               zero     0x20003460     0x4  app_timer.o [1]
  .bss               zero     0x20003464     0x4  app_uart_fifo.o [1]
  .bss               zero     0x20003468     0x4  ble_advertising.o [1]
  .bss               zero     0x2000346c     0x4  ble_advertising.o [1]
  .bss               zero     0x20003470     0x4  ble_advertising.o [1]
  .bss               zero     0x20003474     0x4  bsp.o [1]
  .bss               zero     0x20003478     0x4  bsp.o [1]
  .bss               zero     0x2000347c     0x4  bsp.o [1]
  .bss               zero     0x20003480     0x4  bsp_btn_ble.o [1]
  .bss               zero     0x20003484     0x4  bsp_btn_ble.o [1]
  .bss               zero     0x20003488     0x4  fds.o [1]
  .bss               zero     0x2000348c     0x4  peer_database.o [1]
  .bss               zero     0x20003490     0x4  peer_manager.o [1]
  .bss               zero     0x20003494     0x4  peer_manager.o [1]
  .bss               zero     0x20003498     0x4  security_manager.o [1]
  .bss               zero     0x2000349c     0x4  softdevice_handler.o [1]
  .bss               zero     0x200034a0     0x4  softdevice_handler.o [1]
  .bss               zero     0x200034a4     0x4  softdevice_handler.o [1]
  .bss               zero     0x200034a8     0x4  softdevice_handler.o [1]
  .bss               zero     0x200034ac     0x2  ble_advertising.o [1]
  .bss               zero     0x200034ae     0x2  ble_conn_params.o [1]
  .bss               zero     0x200034b0     0x2  gatts_cache_manager.o [1]
  .bss               zero     0x200034b2     0x2  gatts_cache_manager.o [1]
  .bss               zero     0x200034b4     0x2  peer_manager.o [1]
  .bss               zero     0x200034b6     0x2  softdevice_handler.o [1]
  .bss               zero     0x200034b8     0x1  app_timer.o [1]
  .bss               zero     0x200034b9     0x1  app_timer.o [1]
  .bss               zero     0x200034ba     0x1  app_timer.o [1]
  .bss               zero     0x200034bb     0x1  app_timer.o [1]
  .bss               zero     0x200034bc     0x1  app_uart_fifo.o [1]
  .bss               zero     0x200034bd     0x1  app_uart_fifo.o [1]
  .bss               zero     0x200034be     0x1  app_uart_fifo.o [1]
  .bss               zero     0x200034bf     0x1  ble_advertising.o [1]
  .bss               zero     0x200034c0     0x1  ble_advertising.o [1]
  .bss               zero     0x200034c1     0x1  ble_advertising.o [1]
  .bss               zero     0x200034c2     0x1  ble_advertising.o [1]
  .bss               zero     0x200034c3     0x1  ble_advertising.o [1]
  .bss               zero     0x200034c4     0x1  ble_advertising.o [1]
  .bss               zero     0x200034c5     0x1  ble_advertising.o [1]
  .bss               zero     0x200034c6     0x1  ble_conn_params.o [1]
  .bss               zero     0x200034c7     0x1  ble_conn_params.o [1]
  .bss               zero     0x200034c8     0x1  bsp.o [1]
  .bss               zero     0x200034c9     0x1  fds.o [1]
  .bss               zero     0x200034ca     0x1  fds.o [1]
  .bss               zero     0x200034cb     0x1  fstorage.o [1]
  .bss               zero     0x200034cc     0x1  fstorage.o [1]
  .bss               zero     0x200034cd     0x1  gatt_cache_manager.o [1]
  .bss               zero     0x200034ce     0x1  gatt_cache_manager.o [1]
  .bss               zero     0x200034cf     0x1  gatt_cache_manager.o [1]
  .bss               zero     0x200034d0     0x1  gatt_cache_manager.o [1]
  .bss               zero     0x200034d1     0x1  gatt_cache_manager.o [1]
  .bss               zero     0x200034d2     0x1  gatts_cache_manager.o [1]
  .bss               zero     0x200034d3     0x1  id_manager.o [1]
  .bss               zero     0x200034d4     0x1  id_manager.o [1]
  .bss               zero     0x200034d5     0x1  main.o [1]
  .bss               zero     0x200034d6     0x1  main.o [1]
  .bss               zero     0x200034d7     0x1  main.o [1]
  .bss               zero     0x200034d8     0x1  main.o [1]
  .bss               zero     0x200034d9     0x1  main.o [1]
  .bss               zero     0x200034da     0x1  peer_data_storage.o [1]
  .bss               zero     0x200034db     0x1  peer_data_storage.o [1]
  .bss               zero     0x200034dc     0x1  peer_data_storage.o [1]
  .bss               zero     0x200034dd     0x1  peer_database.o [1]
  .bss               zero     0x200034de     0x1  peer_database.o [1]
  .bss               zero     0x200034df     0x1  peer_manager.o [1]
  .bss               zero     0x200034e0     0x1  peer_manager.o [1]
  .bss               zero     0x200034e1     0x1  peer_manager.o [1]
  .bss               zero     0x200034e2     0x1  peer_manager.o [1]
  .bss               zero     0x200034e3     0x1  peer_manager.o [1]
  .bss               zero     0x200034e4     0x1  peer_manager.o [1]
  .bss               zero     0x200034e5     0x1  security_dispatcher.o [1]
  .bss               zero     0x200034e6     0x1  security_manager.o [1]
  .bss               zero     0x200034e7     0x1  security_manager.o [1]
  .bss               zero     0x200034e8     0x1  softdevice_handler.o [1]
  .bss               zero     0x200034e9     0x1  softdevice_handler.o [1]
                            - 0x200034ea  0x1502


*******************************************************************************
*** INIT TABLE
***

          Address     Size
          -------     ----
Zero (__iar_zero_init3)
    1 destination range, total size 0xcb6:
          0x20002834  0xcb6

Copy (__iar_copy_init3)
    1 source range, total size 0x10:
          0x00024d08   0x10
    1 destination range, total size 0x10:
          0x20001fe8   0x10

Copy (__iar_copy_init3)
    1 source range, total size 0x3c:
          0x00024e00   0x3c
    1 destination range, total size 0x3c:
          0x200027f8   0x3c



*******************************************************************************
*** MODULE SUMMARY
***

    Module                 ro code  ro data  rw data
    ------                 -------  -------  -------
D:\BLE_Lock\Sentry\examples\ble_peripheral\ble_app_template\pca10028\s130\iar\_build: [1]
    app_error.o                 32
    app_error_weak.o            42
    app_fifo.o                 196
    app_timer.o              2 316                32
    app_uart_fifo.o            556       40       47
    app_util_platform.o        170                 8
    ble_advdata.o            1 936
    ble_advertising.o        1 576       16      469
    ble_conn_params.o          676        4       80
    ble_conn_state.o           656                52
    ble_hrs.o                  260
    ble_srv_common.o            32
    bsp.o                    1 536       24       89
    bsp_btn_ble.o              300                 8
    fds.o                    5 124       36      322
    fstorage.o               1 328        8      114
    gatt_cache_manager.o     1 424        4        9
    gatts_cache_manager.o      752       28        9
    iar_startup_nrf51.o        284
    id_manager.o             1 500        8      106
    main.o                   2 700       70      827
    nrf_drv_clock.o            360                20
    nrf_drv_common.o           220
    nrf_drv_gpiote.o           692                72
    nrf_drv_uart.o           1 736                28
    peer_data_storage.o      1 716        4       11
    peer_database.o          2 012       36      822
    peer_id.o                  440                64
    peer_manager.o           2 444       16       28
    pm_buffer.o                328
    pm_mutex.o                 298
    sdk_mapped_flags.o         346
    security_dispatcher.o    2 560       71       68
    security_manager.o       1 648       11       21
    softdevice_handler.o       864                20
    system_nrf51.o             372        4        4
    ------------------------------------------------
    Total:                  39 432      380    3 330

command line: [2]
    ------------------------------------------------
    Total:

dl6M_tlf.a: [3]
    exit.o                       8
    ------------------------------------------------
    Total:                       8

rt6M_tl.a: [4]
    ABImemcpy.o                 92
    ABImemset.o                 84
    I32DivModFast.o            224
    XXexit.o                    12
    cexit.o                     10
    cmain.o                     26
    copy_init3.o                48
    cstartup_M.o                12
    data_init.o                 40
    memcmp.o                    40
    zero_init3.o                42
    ------------------------------------------------
    Total:                     630

    Linker created                       58    2 048
----------------------------------------------------
    Grand Total:            40 070      438    5 378


*******************************************************************************
*** ENTRY LIST
***

Entry                      Address   Size  Type      Object
-----                      -------   ----  ----      ------
?main                   0x00024c71         Code  Gb  cmain.o [4]
CSTACK$$Base            0x20001ff8          --   Gb  - Linker created -
CSTACK$$Limit           0x200027f8          --   Gb  - Linker created -
GPIOTE_IRQHandler       0x00024845  0x1d6  Code  Gb  nrf_drv_gpiote.o [1]
NVIC_ClearPendingIRQ    0x0001e213    0xe  Code  Lc  app_timer.o [1]
NVIC_ClearPendingIRQ    0x0002424b    0xe  Code  Lc  nrf_drv_common.o [1]
NVIC_DisableIRQ         0x0001e1f7    0xe  Code  Lc  app_timer.o [1]
NVIC_DisableIRQ         0x0001fe8f    0xe  Code  Lc  softdevice_handler.o [1]
NVIC_EnableIRQ          0x0001e1e9    0xe  Code  Lc  app_timer.o [1]
NVIC_EnableIRQ          0x0002423d    0xe  Code  Lc  nrf_drv_common.o [1]
NVIC_EnableIRQ          0x0001fe81    0xe  Code  Lc  softdevice_handler.o [1]
NVIC_GetPriority        0x0001fe9d   0x50  Code  Lc  softdevice_handler.o [1]
NVIC_SetPendingIRQ      0x0001e205    0xe  Code  Lc  app_timer.o [1]
NVIC_SetPriority        0x0001e221   0x8a  Code  Lc  app_timer.o [1]
NVIC_SetPriority        0x00024259   0x8a  Code  Lc  nrf_drv_common.o [1]
NVIC_SystemReset        0x0002096d   0x14  Code  Lc  app_error_weak.o [1]
POWER_CLOCK_IRQHandler  0x00024197   0x50  Code  Gb  nrf_drv_clock.o [1]
RTC1_IRQHandler         0x0001e953   0x2c  Code  Gb  app_timer.o [1]
Region$$Table$$Base     0x00024c18          --   Gb  - Linker created -
Region$$Table$$Limit    0x00024c50          --   Gb  - Linker created -
SWI0_IRQHandler         0x0001e989    0x8  Code  Gb  app_timer.o [1]
SWI2_IRQHandler         0x00020127   0x26  Code  Gb  softdevice_handler.o [1]
Sentry                  0x200033e8    0xc  Data  Gb  main.o [1]
SystemCoreClock         0x20002824    0x4  Data  Gb  system_nrf51.o [1]
SystemInit              0x00024a21   0x4c  Code  Gb  system_nrf51.o [1]
UART0_IRQHandler        0x00020957    0xc  Code  Gb  nrf_drv_uart.o [1]
__ICFEDIT_region_RAM_end__ {Abs}
                        0x20007fff          --   Gb  command line/config [2]
__ICFEDIT_region_RAM_start__ {Abs}
                        0x20001fe8          --   Gb  command line/config [2]
__Vectors               0x0001b000          --   Gb  iar_startup_nrf51.o [1]
__Vectors_End           0x0001b0c0         Data  Gb  iar_startup_nrf51.o [1]
__Vectors_Size {Abs}    0x000000c0          --   Gb  iar_startup_nrf51.o [1]
__aeabi_idiv            0x0001ca75         Code  Gb  I32DivModFast.o [4]
__aeabi_idivmod         0x0001ca75         Code  Gb  I32DivModFast.o [4]
__aeabi_memclr4         0x0001ca45         Code  Gb  ABImemset.o [4]
__aeabi_memclr8         0x0001ca45         Code  Gb  ABImemset.o [4]
__aeabi_memcpy          0x0001cb29         Code  Gb  ABImemcpy.o [4]
__aeabi_memcpy4         0x0001cb51         Code  Wk  ABImemcpy.o [4]
__aeabi_memset          0x0001c9f5         Code  Gb  ABImemset.o [4]
__aeabi_uidiv           0x0001ca7b         Code  Gb  I32DivModFast.o [4]
__aeabi_uidivmod        0x0001ca7b         Code  Gb  I32DivModFast.o [4]
__cmain                 0x00024c71         Code  Gb  cmain.o [4]
__exit                  0x00024ca1         Code  Gb  XXexit.o [4]
__iar_Memset4_word      0x0001ca15         Code  Gb  ABImemset.o [4]
__iar_Memset_word       0x0001ca01         Code  Gb  ABImemset.o [4]
__iar_copy_init3        0x00024b95   0x30  Code  Gb  copy_init3.o [4]
__iar_data_init3        0x00024bf1   0x28  Code  Gb  data_init.o [4]
__iar_program_start     0x00024d55         Code  Gb  cstartup_M.o [4]
__iar_zero_init3        0x00020997   0x2a  Code  Gb  zero_init3.o [4]
__sd_nvic_app_accessible_irq
                        0x0001fefd   0x1a  Code  Lc  softdevice_handler.o [1]
__sd_nvic_irq_disable   0x0002371d    0x8  Code  Lc  app_util_platform.o [1]
__sd_nvic_irq_enable    0x00023725    0x4  Code  Lc  app_util_platform.o [1]
__sd_nvic_is_app_accessible_priority
                        0x0001ff17   0x1c  Code  Lc  softdevice_handler.o [1]
__vector_table          0x0001b000         Data  Gb  iar_startup_nrf51.o [1]
_call_main              0x00024c7d         Code  Gb  cmain.o [4]
_exit                   0x00024c95         Code  Gb  cexit.o [4]
_main                   0x00024c87         Code  Gb  cmain.o [4]
addr_compare            0x00020af7   0x3a  Code  Gb  id_manager.o [1]
addr_is_valid           0x0001f875   0x1c  Code  Lc  ble_advertising.o [1]
address_is_valid        0x0001b1bb   0x26  Code  Lc  fds.o [1]
adv_data_encode         0x00023e9b  0x17a  Code  Gb  ble_advdata.o [1]
adv_mode_next_avail_get
                        0x0001f92d   0x54  Code  Lc  ble_advertising.o [1]
adv_mode_next_get       0x0001f891   0x12  Code  Lc  ble_advertising.o [1]
advdata_check           0x00024015   0x12  Code  Lc  ble_advdata.o [1]
advertising_buttons_configure
                        0x0001f3e7   0x4e  Code  Lc  bsp_btn_ble.o [1]
advertising_init        0x0001d4b7   0x78  Code  Lc  main.o [1]
advertising_start       0x0001d543   0x18  Code  Lc  main.o [1]
ah                      0x00020ee1   0x60  Code  Gb  id_manager.o [1]
app_error_fault_handler
                        0x00020989    0xe  Code  Wk  app_error_weak.o [1]
app_error_handler_bare  0x0001d83d   0x1c  Code  Gb  app_error.o [1]
app_fifo_get            0x00020285   0x20  Code  Gb  app_fifo.o [1]
app_fifo_init           0x0002022d   0x34  Code  Gb  app_fifo.o [1]
app_fifo_put            0x00020261   0x24  Code  Gb  app_fifo.o [1]
app_timer_create        0x0001ea09   0x3c  Code  Gb  app_timer.o [1]
app_timer_init          0x0001e991   0x74  Code  Gb  app_timer.o [1]
app_timer_start         0x0001ea49   0x4e  Code  Gb  app_timer.o [1]
app_timer_stop          0x0001ea97   0x2e  Code  Gb  app_timer.o [1]
app_tx_ble              0x0001d5b3   0x3c  Code  Gb  main.o [1]
app_uart_get            0x0001d7a1   0x3c  Code  Gb  app_uart_fifo.o [1]
app_uart_init           0x0001d6d7   0xca  Code  Gb  app_uart_fifo.o [1]
app_uart_inst           0x20002808    0x8  Data  Lc  app_uart_fifo.o [1]
app_uart_put            0x0001d7dd   0x3a  Code  Gb  app_uart_fifo.o [1]
app_util_critical_region_enter
                        0x000237ad    0xc  Code  Gb  app_util_platform.o [1]
app_util_critical_region_exit
                        0x000237b9    0xe  Code  Gb  app_util_platform.o [1]
appearance_encode       0x00023aa1   0x54  Code  Lc  ble_advdata.o [1]
application_timers_start
                        0x0001d189    0x2  Code  Lc  main.o [1]
apply_config            0x000203cd   0x5c  Code  Lc  nrf_drv_uart.o [1]
apply_pending_flags_check
                        0x00022177   0x54  Code  Lc  gatt_cache_manager.o [1]
auth_status_failure_process
                        0x00022e99   0x16  Code  Lc  security_dispatcher.o [1]
auth_status_process     0x00022eaf   0x1a  Code  Lc  security_dispatcher.o [1]
auth_status_success_process
                        0x00022c57   0xdc  Code  Lc  security_dispatcher.o [1]
ble_advdata_set         0x00024039   0x9c  Code  Gb  ble_advdata.o [1]
ble_advertising_init    0x0001fa89  0x1a2  Code  Gb  ble_advertising.o [1]
ble_advertising_on_ble_evt
                        0x0001fdd9   0x2e  Code  Gb  ble_advertising.o [1]
ble_advertising_on_sys_evt
                        0x0001fe07   0x3c  Code  Gb  ble_advertising.o [1]
ble_advertising_start   0x0001fc65  0x162  Code  Gb  ble_advertising.o [1]
ble_conn_params_init    0x0001eb9d   0x58  Code  Gb  ble_conn_params.o [1]
ble_conn_params_on_ble_evt
                        0x0001ed45   0x3a  Code  Gb  ble_conn_params.o [1]
ble_conn_state_conn_handles
                        0x0001f67d    0xe  Code  Gb  ble_conn_state.o [1]
ble_conn_state_encrypted
                        0x0001f655   0x14  Code  Gb  ble_conn_state.o [1]
ble_conn_state_mitm_protected
                        0x0001f669   0x14  Code  Gb  ble_conn_state.o [1]
ble_conn_state_on_ble_evt
                        0x0001f591   0x8c  Code  Gb  ble_conn_state.o [1]
ble_conn_state_role     0x0001f61d   0x38  Code  Gb  ble_conn_state.o [1]
ble_conn_state_user_flag_acquire
                        0x0001f69d   0x2c  Code  Gb  ble_conn_state.o [1]
ble_conn_state_user_flag_collection
                        0x0001f725   0x1e  Code  Gb  ble_conn_state.o [1]
ble_conn_state_user_flag_get
                        0x0001f6c9   0x2a  Code  Gb  ble_conn_state.o [1]
ble_conn_state_user_flag_set
                        0x0001f6f3   0x2c  Code  Gb  ble_conn_state.o [1]
ble_device_addr_encode  0x00023957   0x7e  Code  Lc  ble_advdata.o [1]
ble_evt_dispatch        0x0001d2ef   0x32  Code  Lc  main.o [1]
ble_hrs_on_ble_evt      0x0001f817   0x2e  Code  Gb  ble_hrs.o [1]
ble_srv_is_notification_enabled
                        0x000237d3   0x14  Code  Gb  ble_srv_common.o [1]
ble_stack_init          0x0001d33b   0x7c  Code  Lc  main.o [1]
bsp_btn_ble_on_ble_evt  0x0001f44f   0x6e  Code  Gb  bsp_btn_ble.o [1]
bsp_btn_ble_sleep_mode_prepare
                        0x0001f435   0x1a  Code  Gb  bsp_btn_ble.o [1]
bsp_event_to_button_action_assign
                        0x0001f2c5   0x58  Code  Gb  bsp.o [1]
bsp_indication_set      0x0001f29f   0x1c  Code  Gb  bsp.o [1]
bsp_led_indication      0x0001ed99  0x506  Code  Lc  bsp.o [1]
bsp_wakeup_buttons_set  0x0001f31d   0x4c  Code  Gb  bsp.o [1]
cccd_written            0x00021e1f   0x20  Code  Lc  gatt_cache_manager.o [1]
channel_handler_get     0x00024827    0xa  Code  Lc  nrf_drv_gpiote.o [1]
channel_port_get        0x0002481d    0xa  Code  Lc  nrf_drv_gpiote.o [1]
check_config            0x0001c53f   0x20  Code  Lc  fstorage.o [1]
chunk_is_aligned        0x0001b1e1   0x26  Code  Lc  fds.o [1]
chunk_queue_get_and_advance
                        0x0001b619   0x36  Code  Lc  fds.o [1]
chunk_queue_next        0x0001b601   0x18  Code  Gb  fds.o [1]
chunk_queue_skip        0x0001b64f   0x28  Code  Lc  fds.o [1]
claim                   0x000244bb   0x4e  Code  Lc  peer_id.o [1]
clock_clk_started_notify
                        0x00024169   0x2c  Code  Lc  nrf_drv_clock.o [1]
compare_reg_update      0x0001e781   0x86  Code  Lc  app_timer.o [1]
conn_int_check          0x00023c97   0x58  Code  Lc  ble_advdata.o [1]
conn_int_encode         0x00023cf9   0x68  Code  Lc  ble_advdata.o [1]
conn_params_error_handler
                        0x0001d10d    0xc  Code  Lc  main.o [1]
conn_params_init        0x0001d119   0x56  Code  Lc  main.o [1]
conn_params_negotiation
                        0x0001ebf5   0x86  Code  Lc  ble_conn_params.o [1]
conn_sec_update_process
                        0x00022ec9   0x54  Code  Lc  security_dispatcher.o [1]
connection_buttons_configure
                        0x0001f399   0x4e  Code  Lc  bsp_btn_ble.o [1]
delete_execute          0x0001be79   0x4a  Code  Lc  fds.o [1]
disconnect_process      0x00022e73   0x20  Code  Lc  security_dispatcher.o [1]
elapsed_ticks_acquire   0x0001e525   0x5a  Code  Lc  app_timer.o [1]
encryption_failure      0x00022dcd   0x36  Code  Lc  security_dispatcher.o [1]
erase_execute           0x0001c597    0x8  Code  Lc  fstorage.o [1]
event_prepare           0x0001b125   0x7c  Code  Lc  fds.o [1]
event_send              0x0001b0fd   0x28  Code  Lc  fds.o [1]
events_send_from_err_code
                        0x0002184d   0x42  Code  Lc  security_manager.o [1]
evt_send                0x00021e03   0x1c  Code  Lc  gatt_cache_manager.o [1]
evt_send                0x0002343b   0x1c  Code  Lc  gatts_cache_manager.o [1]
evt_send                0x000209e1   0x1c  Code  Lc  id_manager.o [1]
evt_send                0x0001d85d   0x20  Code  Lc  peer_manager.o [1]
evt_send                0x00022a2d   0x1c  Code  Lc  security_dispatcher.o [1]
evt_send                0x0002178b   0x1c  Code  Lc  security_manager.o [1]
exit                    0x00024c8b    0x8  Code  Gb  exit.o [3]
expired_timers_handler  0x0001e625   0x54  Code  Lc  app_timer.o [1]
fds_evt_handler         0x000225af  0x15e  Code  Lc  peer_data_storage.o [1]
fds_file_delete         0x0001c3d3   0x4c  Code  Gb  fds.o [1]
fds_gc                  0x0001c41f   0x42  Code  Gb  fds.o [1]
fds_init                0x0001c165   0xc0  Code  Gb  fds.o [1]
fds_record_close        0x0001c27d   0x66  Code  Gb  fds.o [1]
fds_record_find         0x0001c465   0x16  Code  Gb  fds.o [1]
fds_record_find_by_key  0x0001c47b   0x14  Code  Gb  fds.o [1]
fds_record_find_in_file
                        0x0001c48f   0x14  Code  Gb  fds.o [1]
fds_record_id_from_desc
                        0x0001c4a3   0x18  Code  Gb  fds.o [1]
fds_record_open         0x0001c225   0x54  Code  Gb  fds.o [1]
fds_record_update       0x0001c3b7   0x1c  Code  Gb  fds.o [1]
fds_record_write        0x0001c385   0x14  Code  Gb  fds.o [1]
fds_record_write_reserved
                        0x0001c399   0x1e  Code  Gb  fds.o [1]
fds_register            0x0001c12d   0x2e  Code  Gb  fds.o [1]
fds_reserve             0x0001c2e9   0x3a  Code  Gb  fds.o [1]
fds_reserve_cancel      0x0001c323   0x58  Code  Gb  fds.o [1]
fifo_get                0x00020215   0x18  Code  Lc  app_fifo.o [1]
fifo_length             0x000201e1    0x8  Code  Lc  app_fifo.o [1]
fifo_length             0x0001d611    0x8  Code  Lc  app_uart_fifo.o [1]
fifo_peek               0x000201ff   0x16  Code  Lc  app_fifo.o [1]
fifo_put                0x000201e9   0x16  Code  Lc  app_fifo.o [1]
file_find_and_delete    0x0001b983   0x4c  Code  Lc  fds.o [1]
file_id_to_peer_id      0x0002239f    0xa  Code  Lc  peer_data_storage.o [1]
file_id_within_pm_range
                        0x000223b9   0x1e  Code  Lc  peer_data_storage.o [1]
flag_clear              0x0001b0dd    0xc  Code  Lc  fds.o [1]
flag_id_init            0x00022f21   0x12  Code  Lc  security_dispatcher.o [1]
flag_id_init            0x00021bed   0x12  Code  Lc  security_manager.o [1]
flag_is_set             0x0001b0e9   0x14  Code  Lc  fds.o [1]
flag_set                0x0001b0d1    0xc  Code  Lc  fds.o [1]
flags_encode            0x00023af5   0x38  Code  Lc  ble_advdata.o [1]
flags_set_from_err_code
                        0x000217a7   0xa6  Code  Lc  security_manager.o [1]
flash_access_in_progress
                        0x0001f915   0x18  Code  Lc  ble_advertising.o [1]
fs_config               0x20001fe8   0x10  Data  Gb  fds.o [1]
fs_data$$Base           0x20001fe8          --   Gb  - Linker created -
fs_data$$Limit          0x20001ff8          --   Gb  - Linker created -
fs_erase                0x0001c8dd   0x88  Code  Gb  fstorage.o [1]
fs_event_handler        0x0001c007   0x10  Code  Lc  fds.o [1]
fs_flash_page_end_addr  0x0001c4c5   0x1a  Code  Lc  fstorage.o [1]
fs_init                 0x0001c769   0xca  Code  Gb  fstorage.o [1]
fs_queued_op_count_get  0x0001c965   0x16  Code  Gb  fstorage.o [1]
fs_store                0x0001c841   0x98  Code  Gb  fstorage.o [1]
fs_sys_event_handler    0x0001c97b   0x62  Code  Gb  fstorage.o [1]
gap_params_init         0x0001d071   0x6c  Code  Lc  main.o [1]
gc_execute              0x0001bec9   0x76  Code  Lc  fds.o [1]
gc_init                 0x0001ba21   0x42  Code  Lc  fds.o [1]
gc_next_page            0x0001bbb5   0x28  Code  Lc  fds.o [1]
gc_page_erase           0x0001bae7   0x40  Code  Lc  fds.o [1]
gc_page_next            0x0001ba6d   0x58  Code  Lc  fds.o [1]
gc_record_copy          0x0001bb2d   0x36  Code  Lc  fds.o [1]
gc_record_find_next     0x0001bb63   0x22  Code  Lc  fds.o [1]
gc_state_advance        0x0001bc37   0x54  Code  Lc  fds.o [1]
gc_swap_erase           0x0001bac9   0x1e  Code  Lc  fds.o [1]
gc_swap_pages           0x0001bbf5   0x42  Code  Lc  fds.o [1]
gc_swap_promote         0x0001bb85   0x1c  Code  Lc  fds.o [1]
gc_tag_new_swap         0x0001bba1   0x14  Code  Lc  fds.o [1]
gc_update_swap_offset   0x0001bbdd   0x14  Code  Lc  fds.o [1]
gcm_ble_evt_handler     0x00022299   0x70  Code  Gb  gatt_cache_manager.o [1]
gcm_gscm_evt_handler    0x00022057   0x70  Code  Gb  gatt_cache_manager.o [1]
gcm_im_evt_handler      0x000220c7   0x2a  Code  Gb  gatt_cache_manager.o [1]
gcm_init                0x00022119   0x5e  Code  Gb  gatt_cache_manager.o [1]
gcm_local_database_has_changed
                        0x00022311   0x50  Code  Gb  gatt_cache_manager.o [1]
gcm_smd_evt_handler     0x00022105   0x14  Code  Gb  gatt_cache_manager.o [1]
get_connection_by_conn_handle
                        0x00020a29   0x36  Code  Gb  id_manager.o [1]
get_free_connection     0x000209fd   0x2c  Code  Gb  id_manager.o [1]
gscm_db_change_notification_done
                        0x000236dd   0x1c  Code  Gb  gatts_cache_manager.o [1]
gscm_init               0x000234f9   0x1a  Code  Gb  gatts_cache_manager.o [1]
gscm_local_database_has_changed
                        0x0002366f   0x12  Code  Gb  gatts_cache_manager.o [1]
gscm_local_db_cache_apply
                        0x000235bb   0xb4  Code  Gb  gatts_cache_manager.o [1]
gscm_local_db_cache_update
                        0x00023513   0xa8  Code  Gb  gatts_cache_manager.o [1]
gscm_pdb_evt_handler    0x0002349d   0x5c  Code  Gb  gatts_cache_manager.o [1]
gscm_service_changed_ind_needed
                        0x00023685   0x2a  Code  Gb  gatts_cache_manager.o [1]
gscm_service_changed_ind_send
                        0x000236af   0x2e  Code  Gb  gatts_cache_manager.o [1]
header_is_valid         0x0001b1a1   0x1a  Code  Lc  fds.o [1]
iar_fs_data_end         0x20002814    0x4  Data  Gb  fstorage.o [1]
iar_fs_data_start       0x20002810    0x4  Data  Gb  fstorage.o [1]
im_address_resolve      0x00020f41   0x5c  Code  Gb  id_manager.o [1]
im_ble_addr_get         0x00020d35   0x3e  Code  Gb  id_manager.o [1]
im_ble_evt_handler      0x00020b31   0xbc  Code  Gb  id_manager.o [1]
im_conn_handle_get      0x00020e13   0x2c  Code  Gb  id_manager.o [1]
im_init                 0x00020cd5   0x3c  Code  Gb  id_manager.o [1]
im_is_duplicate_bonding_data
                        0x00020bfd   0x58  Code  Gb  id_manager.o [1]
im_master_id_is_valid   0x00020e3f   0x28  Code  Gb  id_manager.o [1]
im_master_ids_compare   0x00020d73   0x54  Code  Gb  id_manager.o [1]
im_new_peer_id          0x00020e87   0x14  Code  Gb  id_manager.o [1]
im_pdb_evt_handler      0x00020c55   0x80  Code  Gb  id_manager.o [1]
im_peer_free            0x00020e9b   0x32  Code  Gb  id_manager.o [1]
im_peer_id_get_by_conn_handle
                        0x00020d11   0x24  Code  Gb  id_manager.o [1]
im_peer_id_get_by_master_id
                        0x00020dc7   0x4c  Code  Gb  id_manager.o [1]
init_execute            0x0001bc91  0x110  Code  Lc  fds.o [1]
intern_softdevice_events_execute
                        0x0001ffc7   0xa8  Code  Gb  softdevice_handler.o [1]
internal_state_reset    0x00021dfb    0x8  Code  Lc  gatt_cache_manager.o [1]
internal_state_reset    0x0002342d    0xe  Code  Lc  gatts_cache_manager.o [1]
internal_state_reset    0x000209c1   0x20  Code  Lc  id_manager.o [1]
internal_state_reset    0x000210a5   0x1a  Code  Lc  peer_database.o [1]
internal_state_reset    0x00024489   0x14  Code  Lc  peer_id.o [1]
internal_state_reset    0x0001ddf3   0x1a  Code  Lc  peer_manager.o [1]
interrupts_enable       0x00020429   0x34  Code  Lc  nrf_drv_uart.o [1]
is_conn_params_ok       0x0001eaf5   0x20  Code  Lc  ble_conn_params.o [1]
is_disabled_in_debug_needed
                        0x00024add   0x38  Code  Lc  system_nrf51.o [1]
is_manual_peripheral_setup_needed
                        0x00024a6d   0x70  Code  Lc  system_nrf51.o [1]
is_peripheral_domain_setup_needed
                        0x00024b15   0x54  Code  Lc  system_nrf51.o [1]
is_valid_irk            0x00020acf   0x28  Code  Gb  id_manager.o [1]
is_word_aligned         0x0001e2ab   0x10  Code  Lc  app_timer.o [1]
is_word_aligned         0x0001b0c1   0x10  Code  Lc  fds.o [1]
is_word_aligned         0x0001feed   0x10  Code  Lc  softdevice_handler.o [1]
isr_enable_check        0x0001ff97   0x1c  Code  Lc  softdevice_handler.o [1]
item_dequeue            0x00024151   0x10  Code  Lc  nrf_drv_clock.o [1]
link_secure             0x0002188f   0xce  Code  Lc  security_manager.o [1]
link_secure_central     0x000232b5   0xb8  Code  Lc  security_dispatcher.o [1]
link_secure_central_existing_peer
                        0x00023115  0x108  Code  Lc  security_dispatcher.o [1]
link_secure_central_new_peer
                        0x0002321d   0x92  Code  Lc  security_dispatcher.o [1]
link_secure_failure     0x00022e11   0x62  Code  Lc  security_dispatcher.o [1]
link_secure_pending_process
                        0x00021ab1   0x90  Code  Lc  security_manager.o [1]
link_secure_peripheral  0x00023371   0x18  Code  Lc  security_dispatcher.o [1]
list_deletions_handler  0x0001e5a1   0x74  Code  Lc  app_timer.o [1]
list_insertions_handler
                        0x0001e689   0xea  Code  Lc  app_timer.o [1]
local_db_apply_in_evt   0x00021e3f   0xa4  Code  Lc  gatt_cache_manager.o [1]
local_db_update_in_evt  0x00021ee3   0xbe  Code  Lc  gatt_cache_manager.o [1]
lock_by_mask            0x00024641   0x3a  Code  Lc  pm_mutex.o [1]
m_adv_evt               0x200034c1    0x1  Data  Lc  ble_advertising.o [1]
m_adv_mode_current      0x200034c2    0x1  Data  Lc  ble_advertising.o [1]
m_adv_modes_config      0x200031ec   0x20  Data  Lc  ble_advertising.o [1]
m_adv_uuids             0x20002820    0x4  Data  Lc  main.o [1]
m_advdata               0x20003148   0x38  Data  Lc  ble_advertising.o [1]
m_advertising_start_pending
                        0x200034c0    0x1  Data  Lc  ble_advertising.o [1]
m_alert_mask            0x2000347c    0x4  Data  Lc  bsp.o [1]
m_alert_timer_id        0x00024db8    0x4  Data  Lc  bsp.o [1]
m_alert_timer_id_data   0x200032cc   0x20  Data  Lc  bsp.o [1]
m_app_ticks_per_100ms   0x20003474    0x4  Data  Lc  bsp.o [1]
m_bcs                   0x200031b8   0x34  Data  Lc  ble_conn_state.o [1]
m_ble_evt_buffer_size   0x200034b6    0x2  Data  Lc  softdevice_handler.o [1]
m_ble_evt_handler       0x200034a4    0x4  Data  Lc  softdevice_handler.o [1]
m_bonding_flag_id       0x200034e4    0x1  Data  Lc  peer_manager.o [1]
m_buttons_list          0x00024cd8   0x10  Data  Lc  bsp.o [1]
m_cb                    0x20003080   0x48  Data  Lc  nrf_drv_gpiote.o [1]
m_cb                    0x20003348   0x1c  Data  Lc  nrf_drv_uart.o [1]
m_cb_table              0x200032ec   0x20  Data  Lc  fds.o [1]
m_change_param          0x200034c7    0x1  Data  Lc  ble_conn_params.o [1]
m_chunk_queue           0x20002ff0   0x48  Data  Lc  fds.o [1]
m_clock_cb              0x20003364   0x14  Data  Lc  nrf_drv_clock.o [1]
m_conn_handle           0x200034ae    0x2  Data  Lc  ble_conn_params.o [1]
m_conn_handle           0x20002828    0x2  Data  Lc  main.o [1]
m_conn_params_config    0x2000332c   0x1c  Data  Lc  ble_conn_params.o [1]
m_conn_params_timer_id  0x00024db0    0x4  Data  Lc  ble_conn_params.o [1]
m_conn_params_timer_id_data
                        0x2000328c   0x20  Data  Lc  ble_conn_params.o [1]
m_conn_state_user_flag_id
                        0x200034d4    0x1  Data  Lc  id_manager.o [1]
m_connections           0x20002f90   0x60  Data  Lc  id_manager.o [1]
m_current_conn_params   0x20003428    0x8  Data  Lc  ble_conn_params.o [1]
m_current_highest_peer_rank
                        0x20003494    0x4  Data  Lc  peer_manager.o [1]
m_current_id_addr       0x20003440    0x8  Data  Lc  id_manager.o [1]
m_current_sc_store_peer_id
                        0x200034b0    0x2  Data  Lc  gatts_cache_manager.o [1]
m_current_slave_link_conn_handle
                        0x200034ac    0x2  Data  Lc  ble_advertising.o [1]
m_deleting_all          0x200034e1    0x1  Data  Lc  peer_manager.o [1]
m_error_handler         0x20003470    0x4  Data  Lc  ble_advertising.o [1]
m_error_handler         0x20003480    0x4  Data  Lc  bsp_btn_ble.o [1]
m_event_handler         0x20003464    0x4  Data  Lc  app_uart_fifo.o [1]
m_events_list           0x200033d0    0xc  Data  Lc  bsp.o [1]
m_evt_handler           0x2000346c    0x4  Data  Lc  ble_advertising.o [1]
m_evt_handler           0x2000281c    0x4  Data  Lc  gatts_cache_manager.o [1]
m_evt_handlers          0x20002818    0x4  Data  Lc  gatt_cache_manager.o [1]
m_evt_handlers          0x00024d80    0x8  Data  Lc  id_manager.o [1]
m_evt_handlers          0x00024dd0    0x4  Data  Lc  peer_data_storage.o [1]
m_evt_handlers          0x00024cc4   0x14  Data  Lc  peer_database.o [1]
m_evt_handlers          0x200033f4    0xc  Data  Lc  peer_manager.o [1]
m_evt_handlers          0x00024da8    0x8  Data  Lc  security_dispatcher.o [1]
m_evt_handlers          0x00024dd4    0x4  Data  Lc  security_manager.o [1]
m_evt_schedule_func     0x20003460    0x4  Data  Lc  app_timer.o [1]
m_evt_schedule_func     0x2000349c    0x4  Data  Lc  softdevice_handler.o [1]
m_fds_ftok              0x20003448    0x8  Data  Lc  peer_data_storage.o [1]
m_fds_tl_dirty          0x00024dbc    0x4  Data  Lc  fds.o [1]
m_flag_link_secure_force_repairing
                        0x2000282f    0x1  Data  Lc  security_manager.o [1]
m_flag_link_secure_null_params
                        0x20002830    0x1  Data  Lc  security_manager.o [1]
m_flag_link_secure_pending_busy
                        0x2000282d    0x1  Data  Lc  security_manager.o [1]
m_flag_link_secure_pending_flash_full
                        0x2000282e    0x1  Data  Lc  security_manager.o [1]
m_flag_local_db_apply_pending
                        0x200034cf    0x1  Data  Lc  gatt_cache_manager.o [1]
m_flag_local_db_update_pending
                        0x200034ce    0x1  Data  Lc  gatt_cache_manager.o [1]
m_flag_params_reply_pending_busy
                        0x20002831    0x1  Data  Lc  security_manager.o [1]
m_flag_params_reply_pending_flash_full
                        0x20002832    0x1  Data  Lc  security_manager.o [1]
m_flag_reject_pairing   0x20002833    0x1  Data  Lc  security_manager.o [1]
m_flag_sec_proc         0x2000282a    0x1  Data  Lc  security_dispatcher.o [1]
m_flag_sec_proc_new_peer
                        0x2000282c    0x1  Data  Lc  security_dispatcher.o [1]
m_flag_sec_proc_pairing
                        0x2000282b    0x1  Data  Lc  security_dispatcher.o [1]
m_flag_service_changed_pending
                        0x200034d0    0x1  Data  Lc  gatt_cache_manager.o [1]
m_flag_service_changed_sent
                        0x200034d1    0x1  Data  Lc  gatt_cache_manager.o [1]
m_flags                 0x200034c9    0x1  Data  Lc  fds.o [1]
m_flags                 0x200034cb    0x1  Data  Lc  fstorage.o [1]
m_gc                    0x20003398   0x10  Data  Lc  fds.o [1]
m_highest_ranked_peer   0x200034b4    0x2  Data  Lc  peer_manager.o [1]
m_indication_type       0x20003478    0x4  Data  Lc  bsp.o [1]
m_initialized           0x200034bf    0x1  Data  Lc  ble_advertising.o [1]
m_latest_rec_id         0x20003488    0x4  Data  Lc  fds.o [1]
m_leds_timer_id         0x00024db4    0x4  Data  Lc  bsp.o [1]
m_leds_timer_id_data    0x200032ac   0x20  Data  Lc  bsp.o [1]
m_manuf_data_array      0x2000320c   0x20  Data  Lc  ble_advertising.o [1]
m_manuf_specific_data   0x200033b8    0xc  Data  Lc  ble_advertising.o [1]
m_module_initialized    0x200034cd    0x1  Data  Lc  gatt_cache_manager.o [1]
m_module_initialized    0x200034d2    0x1  Data  Lc  gatts_cache_manager.o [1]
m_module_initialized    0x200034d3    0x1  Data  Lc  id_manager.o [1]
m_module_initialized    0x200034da    0x1  Data  Lc  peer_data_storage.o [1]
m_module_initialized    0x200034dd    0x1  Data  Lc  peer_database.o [1]
m_module_initialized    0x200034df    0x1  Data  Lc  peer_manager.o [1]
m_module_initialized    0x200034e5    0x1  Data  Lc  security_dispatcher.o [1]
m_module_initialized    0x200034e6    0x1  Data  Lc  security_manager.o [1]
m_n_registrants         0x200034e2    0x1  Data  Lc  peer_manager.o [1]
m_n_writes              0x2000348c    0x4  Data  Lc  peer_database.o [1]
m_num_connections       0x20003484    0x4  Data  Lc  bsp_btn_ble.o [1]
m_op_queue              0x20003400    0x8  Data  Lc  app_timer.o [1]
m_op_queue              0x20002dd4   0x78  Data  Lc  fds.o [1]
m_p_public_key          0x20003498    0x4  Data  Lc  security_manager.o [1]
m_p_whitelist_addrs     0x2000324c   0x20  Data  Lc  ble_advertising.o [1]
m_p_whitelist_irks      0x2000326c   0x20  Data  Lc  ble_advertising.o [1]
m_pages                 0x2000330c   0x20  Data  Lc  fds.o [1]
m_pairing_flag_id       0x200034e3    0x1  Data  Lc  peer_manager.o [1]
m_peer_addr_reply_expected
                        0x200034c3    0x1  Data  Lc  ble_advertising.o [1]
m_peer_address          0x20003418    0x8  Data  Lc  ble_advertising.o [1]
m_peer_delete_ongoing   0x200034dc    0x1  Data  Lc  peer_data_storage.o [1]
m_peer_delete_queued    0x200034db    0x1  Data  Lc  peer_data_storage.o [1]
m_peer_pk               0x20003108   0x40  Data  Lc  security_dispatcher.o [1]
m_peer_rank_initialized
                        0x200034e0    0x1  Data  Lc  peer_manager.o [1]
m_peer_rank_token       0x20003490    0x4  Data  Lc  peer_manager.o [1]
m_pi                    0x200030c8   0x40  Data  Lc  peer_id.o [1]
m_preferred_conn_params
                        0x20003420    0x8  Data  Lc  ble_conn_params.o [1]
m_queue                 0x20002ec4   0x68  Data  Lc  fstorage.o [1]
m_retry_count           0x200034cc    0x1  Data  Lc  fstorage.o [1]
m_rtc1_reset            0x200034bb    0x1  Data  Lc  app_timer.o [1]
m_rtc1_running          0x200034ba    0x1  Data  Lc  app_timer.o [1]
m_rx_fifo               0x20003378   0x10  Data  Lc  app_uart_fifo.o [1]
m_rx_ovf                0x200034be    0x1  Data  Lc  app_uart_fifo.o [1]
m_sec_params            0x20003450    0x8  Data  Lc  security_manager.o [1]
m_sec_params_valid      0x200034e7    0x1  Data  Lc  security_manager.o [1]
m_service_data          0x200033c4    0xc  Data  Lc  ble_advertising.o [1]
m_service_data_array    0x2000322c   0x20  Data  Lc  ble_advertising.o [1]
m_slave_conn_int        0x20003468    0x4  Data  Lc  ble_advertising.o [1]
m_softdevice_enabled    0x200034e8    0x1  Data  Lc  softdevice_handler.o [1]
m_stable_state          0x200034c8    0x1  Data  Lc  bsp.o [1]
m_suspended             0x200034e9    0x1  Data  Lc  softdevice_handler.o [1]
m_swap_page             0x20003430    0x8  Data  Lc  fds.o [1]
m_sys_evt_handler       0x200034a8    0x4  Data  Lc  softdevice_handler.o [1]
m_ticks_elapsed         0x20003408    0x8  Data  Lc  app_timer.o [1]
m_ticks_elapsed_q_read_ind
                        0x200034b8    0x1  Data  Lc  app_timer.o [1]
m_ticks_elapsed_q_write_ind
                        0x200034b9    0x1  Data  Lc  app_timer.o [1]
m_ticks_latest          0x2000345c    0x4  Data  Lc  app_timer.o [1]
m_tx_fifo               0x20003388   0x10  Data  Lc  app_uart_fifo.o [1]
m_update_count          0x200034c6    0x1  Data  Lc  ble_conn_params.o [1]
m_users                 0x200034ca    0x1  Data  Lc  fds.o [1]
m_whitelist             0x200027f8   0x10  Data  Lc  ble_advertising.o [1]
m_whitelist_addrs       0x20003180   0x38  Data  Lc  ble_advertising.o [1]
m_whitelist_irks        0x20002d54   0x80  Data  Lc  ble_advertising.o [1]
m_whitelist_reply_expected
                        0x200034c5    0x1  Data  Lc  ble_advertising.o [1]
m_whitelist_temporarily_disabled
                        0x200034c4    0x1  Data  Lc  ble_advertising.o [1]
m_write_buffer          0x200033a8   0x10  Data  Lc  peer_database.o [1]
m_write_buffer_records  0x20002cb4   0xa0  Data  Lc  peer_database.o [1]
main                    0x0001d55b   0x58  Code  Gb  main.o [1]
manuf_specific_data_encode
                        0x00023d61   0x8e  Code  Lc  ble_advdata.o [1]
memcmp                  0x00024319   0x28  Code  Gb  memcmp.o [4]
mp_ble_evt_buffer       0x200034a0    0x4  Data  Lc  softdevice_handler.o [1]
mp_timer_id_head        0x20003458    0x4  Data  Lc  app_timer.o [1]
name_encode             0x000239d5   0xcc  Code  Lc  ble_advdata.o [1]
new_connection          0x00020a5f   0x70  Code  Gb  id_manager.o [1]
next_id_get             0x000245ad   0x38  Code  Gb  peer_id.o [1]
nrf_clock_event_check   0x000240e7   0x18  Code  Lc  nrf_drv_clock.o [1]
nrf_clock_event_clear   0x000240db    0xc  Code  Lc  nrf_drv_clock.o [1]
nrf_clock_int_disable   0x000240d5    0x6  Code  Lc  nrf_drv_clock.o [1]
nrf_clock_lf_src_set    0x000240ff    0xc  Code  Lc  nrf_drv_clock.o [1]
nrf_delay_us            0x0001e2bd   0x2c  Code  Lc  app_timer.o [1]
nrf_drv_clock_init      0x0002410b   0x46  Code  Gb  nrf_drv_clock.o [1]
nrf_drv_clock_on_sd_enable
                        0x000241fd   0x34  Code  Gb  nrf_drv_clock.o [1]
nrf_drv_clock_on_soc_event
                        0x000241ed   0x10  Code  Gb  nrf_drv_clock.o [1]
nrf_drv_common_irq_enable
                        0x000242f5   0x24  Code  Gb  nrf_drv_common.o [1]
nrf_drv_get_IRQn        0x0002034d    0xa  Code  Lc  nrf_drv_uart.o [1]
nrf_drv_uart_init       0x00020469   0x56  Code  Gb  nrf_drv_uart.o [1]
nrf_drv_uart_rx         0x00020711   0x78  Code  Gb  nrf_drv_uart.o [1]
nrf_drv_uart_rx_enable  0x00020789   0x2a  Code  Gb  nrf_drv_uart.o [1]
nrf_drv_uart_rx_for_uart
                        0x00020649   0xc4  Code  Lc  nrf_drv_uart.o [1]
nrf_drv_uart_tx         0x00020589   0x30  Code  Gb  nrf_drv_uart.o [1]
nrf_drv_uart_tx_for_uart
                        0x000204f1   0x94  Code  Lc  nrf_drv_uart.o [1]
nrf_drv_uart_tx_in_progress
                        0x000205c1   0x1c  Code  Gb  nrf_drv_uart.o [1]
nrf_gpio_cfg            0x0001f755   0x32  Code  Lc  ble_hrs.o [1]
nrf_gpio_cfg            0x00020357   0x32  Code  Lc  nrf_drv_uart.o [1]
nrf_gpio_cfg_input      0x0001f7a1   0x20  Code  Lc  ble_hrs.o [1]
nrf_gpio_cfg_input      0x000203a3   0x20  Code  Lc  nrf_drv_uart.o [1]
nrf_gpio_cfg_output     0x0001f787   0x1a  Code  Lc  ble_hrs.o [1]
nrf_gpio_cfg_output     0x00020389   0x1a  Code  Lc  nrf_drv_uart.o [1]
nrf_gpio_cfg_sense_set  0x000247cb   0x30  Code  Lc  nrf_drv_gpiote.o [1]
nrf_gpio_pin_sense_get  0x00024801   0x10  Code  Lc  nrf_drv_gpiote.o [1]
nrf_gpio_pin_set        0x000203c3    0xa  Code  Lc  nrf_drv_uart.o [1]
nrf_gpio_pins_read      0x000247fb    0x6  Code  Lc  nrf_drv_gpiote.o [1]
nrf_gpiote_event_addr_get
                        0x0002479b    0x8  Code  Lc  nrf_drv_gpiote.o [1]
nrf_gpiote_event_clear  0x00024789   0x12  Code  Lc  nrf_drv_gpiote.o [1]
nrf_gpiote_event_is_set
                        0x0002476d   0x1c  Code  Lc  nrf_drv_gpiote.o [1]
nrf_gpiote_event_pin_get
                        0x000247ab   0x10  Code  Lc  nrf_drv_gpiote.o [1]
nrf_gpiote_event_polarity_get
                        0x000247bb   0x10  Code  Lc  nrf_drv_gpiote.o [1]
nrf_gpiote_int_is_enabled
                        0x000247a3    0x8  Code  Lc  nrf_drv_gpiote.o [1]
nrf_nvic_state          0x20003410    0x8  Data  Gb  app_util_platform.o [1]
nrf_uart_baudrate_set   0x00020347    0x6  Code  Lc  nrf_drv_uart.o [1]
nrf_uart_configure      0x00020335   0x12  Code  Lc  nrf_drv_uart.o [1]
nrf_uart_enable         0x000202f9    0xa  Code  Lc  nrf_drv_uart.o [1]
nrf_uart_errorsrc_get_and_clear
                        0x000202e9   0x10  Code  Lc  nrf_drv_uart.o [1]
nrf_uart_event_check    0x000202ad   0x14  Code  Lc  nrf_drv_uart.o [1]
nrf_uart_event_clear    0x000202a5    0x8  Code  Lc  nrf_drv_uart.o [1]
nrf_uart_hwfc_pins_set  0x0002030d    0xe  Code  Lc  nrf_drv_uart.o [1]
nrf_uart_int_disable    0x000202e1    0x8  Code  Lc  nrf_drv_uart.o [1]
nrf_uart_int_enable     0x000202c1    0x8  Code  Lc  nrf_drv_uart.o [1]
nrf_uart_int_enable_check
                        0x000202c9   0x18  Code  Lc  nrf_drv_uart.o [1]
nrf_uart_rxd_get        0x0002031b    0xa  Code  Lc  nrf_drv_uart.o [1]
nrf_uart_task_trigger   0x0002032d    0x8  Code  Lc  nrf_drv_uart.o [1]
nrf_uart_txd_set        0x00020325    0x8  Code  Lc  nrf_drv_uart.o [1]
nrf_uart_txrx_pins_set  0x00020303    0xa  Code  Lc  nrf_drv_uart.o [1]
on_adv_evt              0x0001d1c5   0x2e  Code  Lc  main.o [1]
on_ble_evt              0x0001d1f3   0xfc  Code  Lc  main.o [1]
on_conn_params_evt      0x0001d0e5   0x22  Code  Lc  main.o [1]
on_conn_params_update   0x0001ed1f   0x16  Code  Lc  ble_conn_params.o [1]
on_connect              0x0001ec7b   0x2a  Code  Lc  ble_conn_params.o [1]
on_connect              0x0001f7c1    0x6  Code  Lc  ble_hrs.o [1]
on_connected            0x0001f8a3   0x10  Code  Lc  ble_advertising.o [1]
on_disconnect           0x0001eca5   0x30  Code  Lc  ble_conn_params.o [1]
on_disconnected         0x0001f8b3   0x32  Code  Lc  ble_advertising.o [1]
on_operation_failure    0x0001c6cd   0x2a  Code  Lc  fstorage.o [1]
on_operation_success    0x0001c65d   0x70  Code  Lc  fstorage.o [1]
on_timeout              0x0001f8e5   0x30  Code  Lc  ble_advertising.o [1]
on_write                0x0001ecd5   0x4a  Code  Lc  ble_conn_params.o [1]
on_write                0x0001f7c7   0x50  Code  Lc  ble_hrs.o [1]
op_enqueue              0x0001b677   0xa0  Code  Lc  fds.o [1]
page_from_record        0x0001b281   0x42  Code  Lc  fds.o [1]
page_has_space          0x0001b253   0x2e  Code  Lc  fds.o [1]
page_identify           0x0001b207   0x28  Code  Lc  fds.o [1]
page_is_erased          0x0001b22f   0x24  Code  Lc  fds.o [1]
page_offsets_update     0x0001b32f   0x16  Code  Lc  fds.o [1]
page_scan               0x0001b2c3   0x6c  Code  Lc  fds.o [1]
page_tag_write_data     0x0001b35b   0x18  Code  Lc  fds.o [1]
page_tag_write_swap     0x0001b345   0x16  Code  Lc  fds.o [1]
pages_init              0x0001b721  0x14a  Code  Lc  fds.o [1]
pairing_failure         0x00022d3d   0x86  Code  Lc  security_dispatcher.o [1]
params_reply_pending_process
                        0x00021b4d   0x5a  Code  Lc  security_manager.o [1]
pdb_evt_send            0x00021089   0x1c  Code  Lc  peer_database.o [1]
pdb_init                0x00021285   0x42  Code  Gb  peer_database.o [1]
pdb_next_deleted_peer_id_get
                        0x00021723    0xe  Code  Gb  peer_database.o [1]
pdb_next_peer_id_get    0x00021715    0xe  Code  Gb  peer_database.o [1]
pdb_pds_evt_handler     0x000210bf  0x1c2  Code  Gb  peer_database.o [1]
pdb_peer_allocate       0x000212d9    0x8  Code  Gb  peer_database.o [1]
pdb_peer_data_load      0x00021731   0x30  Code  Gb  peer_database.o [1]
pdb_peer_data_ptr_get   0x0002134d   0x26  Code  Gb  peer_database.o [1]
pdb_peer_free           0x000212e1   0x6c  Code  Gb  peer_database.o [1]
pdb_raw_store           0x00021761   0x18  Code  Gb  peer_database.o [1]
pdb_write_buf_get       0x000213dd  0x146  Code  Gb  peer_database.o [1]
pdb_write_buf_release   0x00021531   0x3e  Code  Gb  peer_database.o [1]
pdb_write_buf_store     0x000215f7  0x10c  Code  Gb  peer_database.o [1]
pdb_write_buf_store_prepare
                        0x0002156f   0x88  Code  Gb  peer_database.o [1]
pds_evt_send            0x00022379   0x1c  Code  Lc  peer_data_storage.o [1]
pds_init                0x0002270d   0x3c  Code  Gb  peer_data_storage.o [1]
pds_next_deleted_peer_id_get
                        0x00022a1f    0xe  Code  Gb  peer_data_storage.o [1]
pds_next_peer_id_get    0x00022a11    0xe  Code  Gb  peer_data_storage.o [1]
pds_peer_data_iterate   0x0002280b   0x76  Code  Gb  peer_data_storage.o [1]
pds_peer_data_iterate_prepare
                        0x000227f7   0x14  Code  Gb  peer_data_storage.o [1]
pds_peer_data_read      0x00022751   0xa6  Code  Gb  peer_data_storage.o [1]
pds_peer_data_store     0x00022905   0xcc  Code  Gb  peer_data_storage.o [1]
pds_peer_id_allocate    0x000229d1    0xa  Code  Gb  peer_data_storage.o [1]
pds_peer_id_free        0x000229e5   0x1e  Code  Gb  peer_data_storage.o [1]
pds_peer_id_is_allocated
                        0x00022a03    0xe  Code  Gb  peer_data_storage.o [1]
pds_space_reserve       0x00022889   0x56  Code  Gb  peer_data_storage.o [1]
pds_space_reserve_cancel
                        0x000228df   0x26  Code  Gb  peer_data_storage.o [1]
peer_data_const_point_to_buffer
                        0x0002138b   0x1c  Code  Lc  peer_database.o [1]
peer_data_delete        0x00022425   0xb6  Code  Lc  peer_data_storage.o [1]
peer_data_find          0x000224e5   0x78  Code  Lc  peer_data_storage.o [1]
peer_data_id_is_valid   0x000223f5   0x30  Code  Lc  peer_data_storage.o [1]
peer_data_id_to_record_key
                        0x000223a9    0xc  Code  Lc  peer_data_storage.o [1]
peer_data_point_to_buffer
                        0x00021373   0x18  Code  Lc  peer_database.o [1]
peer_id_allocate        0x00024521   0x10  Code  Gb  peer_id.o [1]
peer_id_delete          0x00024531   0x2e  Code  Gb  peer_id.o [1]
peer_id_free            0x0002455f   0x1a  Code  Gb  peer_id.o [1]
peer_id_get_next_deleted
                        0x00024623   0x10  Code  Gb  peer_id.o [1]
peer_id_get_next_used   0x000245e5   0x3e  Code  Gb  peer_id.o [1]
peer_id_init            0x0002449d   0x1e  Code  Gb  peer_id.o [1]
peer_id_is_allocated    0x00024579   0x1a  Code  Gb  peer_id.o [1]
peer_id_is_deleted      0x00024593   0x1a  Code  Gb  peer_id.o [1]
peer_id_set             0x00020e67   0x20  Code  Lc  id_manager.o [1]
peer_id_to_file_id      0x00022395    0xa  Code  Lc  peer_data_storage.o [1]
peer_ids_load           0x0002255d   0x52  Code  Lc  peer_data_storage.o [1]
peer_manager_init       0x0001d3c5   0xf2  Code  Lc  main.o [1]
pm_buffer_block_acquire
                        0x00024395   0x7a  Code  Gb  pm_buffer.o [1]
pm_buffer_init          0x00024341   0x54  Code  Gb  pm_buffer.o [1]
pm_buffer_ptr_get       0x0002440f   0x40  Code  Gb  pm_buffer.o [1]
pm_buffer_release       0x0002444f   0x3a  Code  Gb  pm_buffer.o [1]
pm_conn_sec_config_reply
                        0x0001df31   0x12  Code  Gb  peer_manager.o [1]
pm_conn_secure          0x0001df07   0x24  Code  Gb  peer_manager.o [1]
pm_evt_handler          0x0001cf29  0x11e  Code  Lc  main.o [1]
pm_gcm_evt_handler      0x0001dca1   0xda  Code  Gb  peer_manager.o [1]
pm_im_evt_handler       0x0001dd7b   0x58  Code  Gb  peer_manager.o [1]
pm_init                 0x0001de15   0xa0  Code  Gb  peer_manager.o [1]
pm_local_database_has_changed
                        0x0001df43   0x10  Code  Gb  peer_manager.o [1]
pm_mutex_init           0x0002467b   0x22  Code  Gb  pm_mutex.o [1]
pm_mutex_lock           0x0002469d   0x28  Code  Gb  pm_mutex.o [1]
pm_mutex_lock_first_available
                        0x00024707   0x40  Code  Gb  pm_mutex.o [1]
pm_mutex_lock_status_get
                        0x00024747   0x24  Code  Gb  pm_mutex.o [1]
pm_mutex_unlock         0x000246c5   0x42  Code  Gb  pm_mutex.o [1]
pm_on_ble_evt           0x0001ddd3   0x20  Code  Gb  peer_manager.o [1]
pm_pdb_evt_handler      0x0001d87d  0x204  Code  Gb  peer_manager.o [1]
pm_peer_delete          0x0001df7d   0x1a  Code  Gb  peer_manager.o [1]
pm_peer_rank_highest    0x0001e0e7   0xde  Code  Gb  peer_manager.o [1]
pm_peer_ranks_get       0x0001dfe9   0xe0  Code  Gb  peer_manager.o [1]
pm_peers_delete         0x0001df97   0x46  Code  Gb  peer_manager.o [1]
pm_register             0x0001deb5   0x36  Code  Gb  peer_manager.o [1]
pm_sec_params_set       0x0001deeb   0x1c  Code  Gb  peer_manager.o [1]
pm_sm_evt_handler       0x0001da91  0x202  Code  Gb  peer_manager.o [1]
power_manage            0x0001d52f   0x14  Code  Lc  main.o [1]
queue_advance           0x0001b5ad   0x50  Code  Lc  fds.o [1]
queue_advance           0x0001c59f   0x3a  Code  Lc  fstorage.o [1]
queue_get_next_free     0x0001c6f7   0x64  Code  Lc  fstorage.o [1]
queue_process           0x0001bf3f   0xa4  Code  Lc  fds.o [1]
queue_process           0x0001c5d9   0x66  Code  Lc  fstorage.o [1]
queue_start             0x0001bfed   0x1a  Code  Lc  fds.o [1]
queue_start             0x0001c63f   0x1e  Code  Lc  fstorage.o [1]
rank_init               0x0001e0c9   0x1e  Code  Lc  peer_manager.o [1]
record_activate         0x0001f4c5   0x4a  Code  Lc  ble_conn_state.o [1]
record_find             0x0001b521   0x80  Code  Lc  fds.o [1]
record_find_and_delete  0x0001b939   0x4a  Code  Lc  fds.o [1]
record_find_by_desc     0x0001b4a1   0x78  Code  Lc  fds.o [1]
record_find_next        0x0001b42d   0x6c  Code  Lc  fds.o [1]
record_header_flag_dirty
                        0x0001b911   0x24  Code  Lc  fds.o [1]
record_header_write_begin
                        0x0001b86b   0x2c  Code  Lc  fds.o [1]
record_header_write_finalize
                        0x0001b8d5   0x38  Code  Lc  fds.o [1]
record_header_write_id  0x0001b897   0x38  Code  Lc  fds.o [1]
record_id_new           0x0001b419   0x10  Code  Lc  fds.o [1]
record_invalidate       0x0001f50f   0x1a  Code  Lc  ble_conn_state.o [1]
record_key_to_peer_data_id
                        0x000223b5    0x4  Code  Lc  peer_data_storage.o [1]
record_key_within_pm_range
                        0x000223d7   0x1e  Code  Lc  peer_data_storage.o [1]
record_purge_disconnected
                        0x0001f53d   0x36  Code  Lc  ble_conn_state.o [1]
record_set_disconnected
                        0x0001f529   0x14  Code  Lc  ble_conn_state.o [1]
record_write_chunk      0x0001b9cf   0x52  Code  Lc  fds.o [1]
release                 0x00024509   0x18  Code  Lc  peer_id.o [1]
rtc1_compare0_set       0x0001e379    0x6  Code  Lc  app_timer.o [1]
rtc1_counter_get        0x0001e36b    0x6  Code  Lc  app_timer.o [1]
rtc1_init               0x0001e2e9   0x12  Code  Lc  app_timer.o [1]
rtc1_start              0x0001e2fb   0x32  Code  Lc  app_timer.o [1]
rtc1_stop               0x0001e32d   0x3e  Code  Lc  app_timer.o [1]
rx_buffer               0x200034bd    0x1  Data  Lc  app_uart_fifo.o [1]
rx_byte                 0x0002060b   0x3e  Code  Lc  nrf_drv_uart.o [1]
rx_done_event           0x000207b3   0x1e  Code  Lc  nrf_drv_uart.o [1]
rx_enable               0x000205e9   0x22  Code  Lc  nrf_drv_uart.o [1]
sd_nvic_EnableIRQ       0x0001ff33   0x64  Code  Lc  softdevice_handler.o [1]
sd_nvic_critical_region_enter
                        0x00023729   0x40  Code  Lc  app_util_platform.o [1]
sd_nvic_critical_region_exit
                        0x00023769   0x32  Code  Lc  app_util_platform.o [1]
sdk_mapped_flags_any_set
                        0x00021de9   0x12  Code  Lc  gatt_cache_manager.o [1]
sdk_mapped_flags_any_set
                        0x00021779   0x12  Code  Lc  security_manager.o [1]
sdk_mapped_flags_bulk_update_by_key
                        0x00023863   0x5c  Code  Gb  sdk_mapped_flags.o [1]
sdk_mapped_flags_clear_by_index
                        0x000237f5    0xc  Code  Lc  sdk_mapped_flags.o [1]
sdk_mapped_flags_first_key_index_get
                        0x00023817   0x2a  Code  Gb  sdk_mapped_flags.o [1]
sdk_mapped_flags_get_by_index
                        0x00023801   0x16  Code  Lc  sdk_mapped_flags.o [1]
sdk_mapped_flags_get_by_key
                        0x000238bf   0x32  Code  Gb  sdk_mapped_flags.o [1]
sdk_mapped_flags_key_list_get
                        0x000238f1   0x52  Code  Gb  sdk_mapped_flags.o [1]
sdk_mapped_flags_set_by_index
                        0x000237e9    0xc  Code  Lc  sdk_mapped_flags.o [1]
sdk_mapped_flags_update_by_key
                        0x00023845   0x1e  Code  Gb  sdk_mapped_flags.o [1]
sec_info_request_process
                        0x00022b21   0xe4  Code  Lc  security_dispatcher.o [1]
sec_params_request_process
                        0x00022aa1   0x1c  Code  Lc  security_dispatcher.o [1]
sec_params_verify       0x00021c7d   0xd0  Code  Lc  security_manager.o [1]
sec_proc_start          0x00022abd   0x64  Code  Lc  security_dispatcher.o [1]
sec_request_process     0x00022c05   0x52  Code  Lc  security_dispatcher.o [1]
sec_start_send          0x00022a49   0x24  Code  Lc  security_dispatcher.o [1]
send_config_req         0x0002195d   0x26  Code  Lc  security_manager.o [1]
send_event              0x0001c4df   0x60  Code  Lc  fstorage.o [1]
service_changed_pending_flags_check
                        0x00022225   0x6a  Code  Lc  gatt_cache_manager.o [1]
service_changed_pending_set
                        0x00023457   0x46  Code  Lc  gatts_cache_manager.o [1]
service_changed_send_in_evt
                        0x00021fa1   0xb6  Code  Lc  gatt_cache_manager.o [1]
service_data_encode     0x00023def   0xac  Code  Lc  ble_advdata.o [1]
service_init            0x0001cb85  0x272  Code  Gb  main.o [1]
set_adv_mode_directed   0x0001f981   0x1c  Code  Lc  ble_advertising.o [1]
set_adv_mode_directed_slow
                        0x0001f99d   0x20  Code  Lc  ble_advertising.o [1]
set_adv_mode_fast       0x0001f9bd   0x5a  Code  Lc  ble_advertising.o [1]
set_adv_mode_slow       0x0001fa17   0x5a  Code  Lc  ble_advertising.o [1]
sleep_mode_enter        0x0001d18b   0x3a  Code  Lc  main.o [1]
sm_ble_evt_handler      0x00021c59   0x20  Code  Gb  security_manager.o [1]
sm_conn_sec_config_reply
                        0x00021d81   0x28  Code  Gb  security_manager.o [1]
sm_init                 0x00021bff   0x4c  Code  Gb  security_manager.o [1]
sm_link_secure          0x00021dcd   0x1c  Code  Gb  security_manager.o [1]
sm_pdb_evt_handler      0x00021ba7   0x3c  Code  Gb  security_manager.o [1]
sm_sec_params_set       0x00021d4d   0x34  Code  Gb  security_manager.o [1]
sm_smd_evt_handler      0x00021a17   0x88  Code  Gb  security_manager.o [1]
smd_ble_evt_handler     0x000233d1   0x5c  Code  Gb  security_dispatcher.o [1]
smd_init                0x00022f33   0x44  Code  Gb  security_dispatcher.o [1]
smd_link_secure         0x00023389   0x3e  Code  Gb  security_dispatcher.o [1]
smd_params_reply        0x00022f85  0x178  Code  Gb  security_dispatcher.o [1]
smd_params_reply_perform
                        0x00021983   0x94  Code  Lc  security_manager.o [1]
smd_pdb_evt_handler     0x00022a6d   0x34  Code  Gb  security_dispatcher.o [1]
softdevice_ble_evt_handler_set
                        0x000200f5   0x16  Code  Gb  softdevice_handler.o [1]
softdevice_enable       0x00020197   0x24  Code  Gb  softdevice_handler.o [1]
softdevice_enable_get_default_config
                        0x0002015d   0x3a  Code  Gb  softdevice_handler.o [1]
softdevice_fault_handler
                        0x0001ffb3   0x14  Code  Gb  softdevice_handler.o [1]
softdevice_handler_init
                        0x0002007d   0x70  Code  Gb  softdevice_handler.o [1]
softdevice_handler_is_enabled
                        0x0002006f    0x6  Code  Gb  softdevice_handler.o [1]
softdevice_sys_evt_handler_set
                        0x00020111   0x16  Code  Gb  softdevice_handler.o [1]
srdata_check            0x00024027   0x12  Code  Lc  ble_advdata.o [1]
store_execute           0x0001c55f   0x38  Code  Lc  fstorage.o [1]
sys_evt_dispatch        0x0001d329   0x12  Code  Lc  main.o [1]
ticks_diff_get          0x0001e371    0x8  Code  Lc  app_timer.o [1]
timeout_handler_exec    0x0001e45d   0x2e  Code  Lc  app_timer.o [1]
timer_list_handler      0x0001e811   0x58  Code  Lc  app_timer.o [1]
timer_list_handler_sched
                        0x0001e453    0xa  Code  Lc  app_timer.o [1]
timer_list_insert       0x0001e37f   0x6e  Code  Lc  app_timer.o [1]
timer_list_remove       0x0001e3ed   0x5c  Code  Lc  app_timer.o [1]
timer_start_op_schedule
                        0x0001e8b1   0x5a  Code  Lc  app_timer.o [1]
timer_stop_op_schedule  0x0001e90b   0x48  Code  Lc  app_timer.o [1]
timer_timeouts_check    0x0001e495   0x80  Code  Lc  app_timer.o [1]
timer_timeouts_check_sched
                        0x0001e449    0xa  Code  Lc  app_timer.o [1]
timers_init             0x0001d047   0x1e  Code  Lc  main.o [1]
tx_buffer               0x200034bc    0x1  Data  Lc  app_uart_fifo.o [1]
tx_byte                 0x000204c9   0x28  Code  Lc  nrf_drv_uart.o [1]
tx_done_event           0x000207d1   0x26  Code  Lc  nrf_drv_uart.o [1]
tx_power_level_encode   0x00023b2d   0x38  Code  Lc  ble_advdata.o [1]
uart_enable             0x0002045d    0xc  Code  Lc  nrf_drv_uart.o [1]
uart_event_handle       0x0001ce05   0xd4  Code  Gb  main.o [1]
uart_event_handler      0x0001d619   0xbe  Code  Lc  app_uart_fifo.o [1]
uart_init               0x0001ced9   0x40  Code  Gb  main.o [1]
uart_irq_handler        0x000207f7  0x160  Code  Lc  nrf_drv_uart.o [1]
uint16_decode           0x000237c7    0xc  Code  Lc  ble_srv_common.o [1]
uint16_encode           0x00023945   0x12  Code  Lc  ble_advdata.o [1]
update_pending_flags_check
                        0x000221d1   0x54  Code  Lc  gatt_cache_manager.o [1]
update_timeout_handler  0x0001eb15   0x88  Code  Lc  ble_conn_params.o [1]
user_flag_acquire       0x0001f581   0x10  Code  Lc  ble_conn_state.o [1]
user_flag_is_acquired   0x0001f573    0xe  Code  Lc  ble_conn_state.o [1]
user_op_alloc           0x0001e86f   0x3e  Code  Lc  app_timer.o [1]
user_op_enque           0x0001e869    0x6  Code  Lc  app_timer.o [1]
uuid_list_encode        0x00023c4b   0x4c  Code  Lc  ble_advdata.o [1]
uuid_list_sized_encode  0x00023b65   0xe6  Code  Lc  ble_advdata.o [1]
whitelist_has_entries   0x0001f859   0x1c  Code  Lc  ble_advertising.o [1]
write_buf_length_words_set
                        0x000213a7   0x36  Code  Lc  peer_database.o [1]
write_buffer_record_find
                        0x00020ff9   0x3c  Code  Lc  peer_database.o [1]
write_buffer_record_find_next
                        0x00020fcf   0x2a  Code  Lc  peer_database.o [1]
write_buffer_record_find_unused
                        0x00021035    0xc  Code  Lc  peer_database.o [1]
write_buffer_record_get
                        0x00021067   0x22  Code  Lc  peer_database.o [1]
write_buffer_record_invalidate
                        0x00020f9d   0x32  Code  Lc  peer_database.o [1]
write_buffer_record_release
                        0x00021041   0x26  Code  Lc  peer_database.o [1]
write_enqueue           0x0001c017  0x116  Code  Lc  fds.o [1]
write_execute           0x0001bdb5   0xbe  Code  Lc  fds.o [1]
write_space_free        0x0001b3f7   0x22  Code  Lc  fds.o [1]
write_space_reserve     0x0001b37d   0x7a  Code  Lc  fds.o [1]


[1] = D:\BLE_Lock\Sentry\examples\ble_peripheral\ble_app_template\pca10028\s130\iar\_build
[2] = command line
[3] = dl6M_tlf.a
[4] = rt6M_tl.a

  40 070 bytes of readonly  code memory
     438 bytes of readonly  data memory
   5 378 bytes of readwrite data memory

Errors: none
Warnings: none
