###############################################################################
#
# IAR ELF Linker V7.30.3.8024/W32 for ARM                 14/Nov/2016  19:18:50
# Copyright 2007-2014 IAR Systems AB.
#
#    Output file  =  
#        D:\BLE_Lock\Sentry\examples\peripheral\blinky\pca10028\blank\iar\_build\blinky_pca10028.out
#    Map file     =  
#        D:\BLE_Lock\Sentry\examples\peripheral\blinky\pca10028\blank\iar\_build\blinky_pca10028.map
#    Command line =  
#        D:\BLE_Lock\Sentry\examples\peripheral\blinky\pca10028\blank\iar\_build\app_error.o
#        D:\BLE_Lock\Sentry\examples\peripheral\blinky\pca10028\blank\iar\_build\app_error_weak.o
#        D:\BLE_Lock\Sentry\examples\peripheral\blinky\pca10028\blank\iar\_build\app_fifo.o
#        D:\BLE_Lock\Sentry\examples\peripheral\blinky\pca10028\blank\iar\_build\app_timer.o
#        D:\BLE_Lock\Sentry\examples\peripheral\blinky\pca10028\blank\iar\_build\app_util_platform.o
#        D:\BLE_Lock\Sentry\examples\peripheral\blinky\pca10028\blank\iar\_build\hardfault_implementation.o
#        D:\BLE_Lock\Sentry\examples\peripheral\blinky\pca10028\blank\iar\_build\iar_startup_nrf51.o
#        D:\BLE_Lock\Sentry\examples\peripheral\blinky\pca10028\blank\iar\_build\main.o
#        D:\BLE_Lock\Sentry\examples\peripheral\blinky\pca10028\blank\iar\_build\nrf_assert.o
#        D:\BLE_Lock\Sentry\examples\peripheral\blinky\pca10028\blank\iar\_build\nrf_drv_clock.o
#        D:\BLE_Lock\Sentry\examples\peripheral\blinky\pca10028\blank\iar\_build\nrf_drv_common.o
#        D:\BLE_Lock\Sentry\examples\peripheral\blinky\pca10028\blank\iar\_build\nrf_nvic.o
#        D:\BLE_Lock\Sentry\examples\peripheral\blinky\pca10028\blank\iar\_build\nrf_soc.o
#        D:\BLE_Lock\Sentry\examples\peripheral\blinky\pca10028\blank\iar\_build\system_nrf51.o
#        --redirect _Printf=_PrintfFull --redirect _Scanf=_ScanfFull -o
#        D:\BLE_Lock\Sentry\examples\peripheral\blinky\pca10028\blank\iar\_build\blinky_pca10028.out
#        --map
#        D:\BLE_Lock\Sentry\examples\peripheral\blinky\pca10028\blank\iar\_build\blinky_pca10028.map
#        --config
#        D:\BLE_Lock\Sentry\examples\peripheral\blinky\pca10028\blank\iar\blinky_iar_nRF5x.icf
#        --warnings_are_errors --entry __iar_program_start --inline --vfe
#
###############################################################################

*******************************************************************************
*** RUNTIME MODEL ATTRIBUTES
***

CppFlavor       = *
__SystemLibrary = DLib


*******************************************************************************
*** PLACEMENT SUMMARY
***

"A1":  place at 0x00000000 { ro section .intvec };
"P1":  place in [from 0x00000000 to 0x0003ffff] { ro };
"P2":  place in [from 0x20000000 to 0x20007fff] { rw, block CSTACK, block HEAP };

  Section            Kind        Address   Size  Object
  -------            ----        -------   ----  ------
"A1":                                      0xc0
  .intvec            ro code  0x00000000   0xc0  iar_startup_nrf51.o [1]
                            - 0x000000c0   0xc0

"P1":                                     0x790
  .text              ro code  0x000000c0  0x40c  app_timer.o [1]
  .text              ro code  0x000004cc   0x20  app_error.o [1]
  .text              ro code  0x000004ec   0x34  ABImemset.o [4]
  .text              ro code  0x00000520   0x1c  app_error_weak.o [1]
  .text              ro code  0x0000053c   0xc4  system_nrf51.o [1]
  .text              ro code  0x00000600   0x8c  nrf_drv_clock.o [1]
  .text              ro code  0x0000068c   0x79  main.o [1]
  .text              ro code  0x00000706   0x30  copy_init3.o [4]
  .text              ro code  0x00000736    0x2  iar_startup_nrf51.o [1]
  .text              ro code  0x00000738   0x2c  iar_startup_nrf51.o [1]
  .text              ro code  0x00000764   0x28  data_init.o [4]
  .iar.init_table    const    0x0000078c   0x14  - Linker created -
  .text              ro code  0x000007a0   0x1a  cmain.o [4]
  .text              ro code  0x000007ba    0x8  exit.o [3]
  .text              ro code  0x000007c2    0x2  iar_startup_nrf51.o [1]
  .text              ro code  0x000007c4    0xa  cexit.o [4]
  .text              ro code  0x000007ce    0x2  iar_startup_nrf51.o [1]
  .text              ro code  0x000007d0    0xc  XXexit.o [4]
  .text              ro code  0x000007dc    0xc  cstartup_M.o [4]
  .text              ro code  0x000007e8    0x2  iar_startup_nrf51.o [1]
  .text              ro code  0x000007ea    0x2  iar_startup_nrf51.o [1]
  .text              ro code  0x000007ec    0x2  iar_startup_nrf51.o [1]
  .text              ro code  0x000007ee    0x2  iar_startup_nrf51.o [1]
  .text              ro code  0x000007f0    0x2  iar_startup_nrf51.o [1]
  .text              ro code  0x000007f2    0x2  iar_startup_nrf51.o [1]
  .text              ro code  0x000007f4    0x2  iar_startup_nrf51.o [1]
  .text              ro code  0x000007f6    0x2  iar_startup_nrf51.o [1]
  .text              ro code  0x000007f8    0x2  iar_startup_nrf51.o [1]
  .text              ro code  0x000007fa    0x2  iar_startup_nrf51.o [1]
  .text              ro code  0x000007fc    0x2  iar_startup_nrf51.o [1]
  .text              ro code  0x000007fe    0x2  iar_startup_nrf51.o [1]
  .text              ro code  0x00000800    0x2  iar_startup_nrf51.o [1]
  .text              ro code  0x00000802    0x2  iar_startup_nrf51.o [1]
  .text              ro code  0x00000804    0x2  iar_startup_nrf51.o [1]
  .text              ro code  0x00000806    0x2  iar_startup_nrf51.o [1]
  .text              ro code  0x00000808    0x2  iar_startup_nrf51.o [1]
  .text              ro code  0x0000080a    0x2  iar_startup_nrf51.o [1]
  .text              ro code  0x0000080c    0x2  iar_startup_nrf51.o [1]
  .text              ro code  0x0000080e    0x2  iar_startup_nrf51.o [1]
  .text              ro code  0x00000810    0x2  iar_startup_nrf51.o [1]
  .text              ro code  0x00000812    0x2  iar_startup_nrf51.o [1]
  .text              ro code  0x00000814    0x2  iar_startup_nrf51.o [1]
  .text              ro code  0x00000816    0x2  iar_startup_nrf51.o [1]
  .rodata            const    0x00000818    0x0  copy_init3.o [4]
  Initializer bytes  ro data  0x00000818   0x38  <for P2 s0>
                            - 0x00000850  0x790

"P2":                                     0x838
  P2 s0                       0x20000000   0x38  <Init block>
    .bss             inited   0x20000000   0x20  app_timer.o [1]
    .bss             inited   0x20000020   0x14  nrf_drv_clock.o [1]
    .data            inited   0x20000034    0x4  system_nrf51.o [1]
  CSTACK                      0x20000038  0x800  <Block>
    CSTACK           uninit   0x20000038  0x800  <Block tail>
                            - 0x20000838  0x838


*******************************************************************************
*** INIT TABLE
***

          Address     Size
          -------     ----
Copy (__iar_copy_init3)
    1 source range, total size 0x38:
          0x00000818  0x38
    1 destination range, total size 0x38:
          0x20000000  0x38



*******************************************************************************
*** MODULE SUMMARY
***

    Module               ro code  ro data  rw data
    ------               -------  -------  -------
D:\BLE_Lock\Sentry\examples\peripheral\blinky\pca10028\blank\iar\_build: [1]
    app_error.o               32
    app_error_weak.o          28
    app_timer.o            1 036       32       32
    iar_startup_nrf51.o      290
    main.o                   121
    nrf_drv_clock.o          140       20       20
    system_nrf51.o           196        4        4
    ----------------------------------------------
    Total:                 1 843       56       56

command line: [2]
    ----------------------------------------------
    Total:

dl6M_tlf.a: [3]
    exit.o                     8
    ----------------------------------------------
    Total:                     8

rt6M_tl.a: [4]
    ABImemset.o               52
    XXexit.o                  12
    cexit.o                   10
    cmain.o                   26
    copy_init3.o              48
    cstartup_M.o              12
    data_init.o               40
    ----------------------------------------------
    Total:                   200

    Gaps                       1
    Linker created                     20    2 048
--------------------------------------------------
    Grand Total:           2 052       76    2 104


*******************************************************************************
*** ENTRY LIST
***

Entry                      Address   Size  Type      Object
-----                      -------   ----  ----      ------
?main                   0x000007a1         Code  Gb  cmain.o [4]
CSTACK$$Base            0x20000038          --   Gb  - Linker created -
CSTACK$$Limit           0x20000838          --   Gb  - Linker created -
NVIC_ClearPendingIRQ    0x000000dd    0xe  Code  Lc  app_timer.o [1]
NVIC_EnableIRQ          0x000000c1    0xe  Code  Lc  app_timer.o [1]
NVIC_SetPendingIRQ      0x000000cf    0xe  Code  Lc  app_timer.o [1]
POWER_CLOCK_IRQHandler  0x0000063d   0x44  Code  Gb  nrf_drv_clock.o [1]
RTC1_IRQHandler         0x00000495   0x18  Code  Gb  app_timer.o [1]
Region$$Table$$Base     0x0000078c          --   Gb  - Linker created -
Region$$Table$$Limit    0x000007a0          --   Gb  - Linker created -
SWI0_IRQHandler         0x000004ad    0x8  Code  Gb  app_timer.o [1]
SystemCoreClock         0x20000034    0x4  Data  Gb  system_nrf51.o [1]
SystemInit              0x0000053d   0xa6  Code  Gb  system_nrf51.o [1]
__ICFEDIT_region_RAM_end__ {Abs}
                        0x20007fff          --   Gb  command line/config [2]
__ICFEDIT_region_RAM_start__ {Abs}
                        0x20000000          --   Gb  command line/config [2]
__Vectors               0x00000000          --   Gb  iar_startup_nrf51.o [1]
__Vectors_End           0x000000c0         Data  Gb  iar_startup_nrf51.o [1]
__Vectors_Size {Abs}    0x000000c0          --   Gb  iar_startup_nrf51.o [1]
__aeabi_memclr4         0x0000051d         Code  Gb  ABImemset.o [4]
__aeabi_memclr8         0x0000051d         Code  Gb  ABImemset.o [4]
__cmain                 0x000007a1         Code  Gb  cmain.o [4]
__exit                  0x000007d1         Code  Gb  XXexit.o [4]
__iar_Memset4_word      0x000004ed         Code  Gb  ABImemset.o [4]
__iar_copy_init3        0x00000707   0x30  Code  Gb  copy_init3.o [4]
__iar_data_init3        0x00000765   0x28  Code  Gb  data_init.o [4]
__iar_program_start     0x000007dd         Code  Gb  cstartup_M.o [4]
__vector_table          0x00000000         Data  Gb  iar_startup_nrf51.o [1]
_call_main              0x000007ad         Code  Gb  cmain.o [4]
_exit                   0x000007c5         Code  Gb  cexit.o [4]
_main                   0x000007b7         Code  Gb  cmain.o [4]
app_error_fault_handler
                        0x00000521   0x1c  Code  Wk  app_error_weak.o [1]
app_error_handler_bare  0x000004cd   0x1c  Code  Gb  app_error.o [1]
clock_clk_started_notify
                        0x0000061b   0x22  Code  Lc  nrf_drv_clock.o [1]
exit                    0x000007bb    0x8  Code  Gb  exit.o [3]
leds_list               0x00000704    0x1  Data  Lc  main.o [1]
list_deletions_handler  0x000001c7   0x8a  Code  Lc  app_timer.o [1]
list_insertions_handler
                        0x00000251   0xe4  Code  Lc  app_timer.o [1]
m_clock_cb              0x20000020   0x14  Data  Lc  nrf_drv_clock.o [1]
m_evt_schedule_func     0x2000001c    0x4  Data  Lc  app_timer.o [1]
m_op_queue              0x20000000    0x8  Data  Lc  app_timer.o [1]
m_rtc1_reset            0x2000000b    0x1  Data  Lc  app_timer.o [1]
m_rtc1_running          0x2000000a    0x1  Data  Lc  app_timer.o [1]
m_ticks_elapsed         0x20000014    0x8  Data  Lc  app_timer.o [1]
m_ticks_elapsed_q_read_ind
                        0x20000008    0x1  Data  Lc  app_timer.o [1]
m_ticks_elapsed_q_write_ind
                        0x20000009    0x1  Data  Lc  app_timer.o [1]
m_ticks_latest          0x20000010    0x4  Data  Lc  app_timer.o [1]
main                    0x0000068d   0x62  Code  Gb  main.o [1]
mp_timer_id_head        0x2000000c    0x4  Data  Lc  app_timer.o [1]
nrf_clock_event_check   0x0000060b   0x10  Code  Lc  nrf_drv_clock.o [1]
nrf_clock_event_clear   0x00000601    0xa  Code  Lc  nrf_drv_clock.o [1]
nrf_delay_us            0x000000ed   0x2a  Code  Lc  app_timer.o [1]
rtc1_stop               0x00000117   0x32  Code  Lc  app_timer.o [1]
ticks_diff_get          0x00000149    0x8  Code  Lc  app_timer.o [1]
timer_list_handler      0x0000035d  0x132  Code  Lc  app_timer.o [1]
timer_timeouts_check    0x00000151   0x76  Code  Lc  app_timer.o [1]


[1] = D:\BLE_Lock\Sentry\examples\peripheral\blinky\pca10028\blank\iar\_build
[2] = command line
[3] = dl6M_tlf.a
[4] = rt6M_tl.a

  2 052 bytes of readonly  code memory
     76 bytes of readonly  data memory
  2 104 bytes of readwrite data memory

Errors: none
Warnings: none
