###############################################################################
#
# IAR ELF Linker V7.30.3.8024/W32 for ARM                 26/Oct/2016  16:31:38
# Copyright 2007-2014 IAR Systems AB.
#
#    Output file  =  
#        D:\BLE_Lock\Sentry\examples\ble_peripheral\ble_app_uart\pca10028\s130\iar\_build\ble_app_uart_pca10028_s130.out
#    Map file     =  
#        D:\BLE_Lock\Sentry\examples\ble_peripheral\ble_app_uart\pca10028\s130\iar\_build\ble_app_uart_pca10028_s130.map
#    Command line =  
#        D:\BLE_Lock\Sentry\examples\ble_peripheral\ble_app_uart\pca10028\s130\iar\_build\app_button.o
#        D:\BLE_Lock\Sentry\examples\ble_peripheral\ble_app_uart\pca10028\s130\iar\_build\app_error.o
#        D:\BLE_Lock\Sentry\examples\ble_peripheral\ble_app_uart\pca10028\s130\iar\_build\app_error_weak.o
#        D:\BLE_Lock\Sentry\examples\ble_peripheral\ble_app_uart\pca10028\s130\iar\_build\app_fifo.o
#        D:\BLE_Lock\Sentry\examples\ble_peripheral\ble_app_uart\pca10028\s130\iar\_build\app_timer.o
#        D:\BLE_Lock\Sentry\examples\ble_peripheral\ble_app_uart\pca10028\s130\iar\_build\app_uart_fifo.o
#        D:\BLE_Lock\Sentry\examples\ble_peripheral\ble_app_uart\pca10028\s130\iar\_build\app_util_platform.o
#        D:\BLE_Lock\Sentry\examples\ble_peripheral\ble_app_uart\pca10028\s130\iar\_build\ble_advdata.o
#        D:\BLE_Lock\Sentry\examples\ble_peripheral\ble_app_uart\pca10028\s130\iar\_build\ble_advertising.o
#        D:\BLE_Lock\Sentry\examples\ble_peripheral\ble_app_uart\pca10028\s130\iar\_build\ble_conn_params.o
#        D:\BLE_Lock\Sentry\examples\ble_peripheral\ble_app_uart\pca10028\s130\iar\_build\ble_nus.o
#        D:\BLE_Lock\Sentry\examples\ble_peripheral\ble_app_uart\pca10028\s130\iar\_build\ble_srv_common.o
#        D:\BLE_Lock\Sentry\examples\ble_peripheral\ble_app_uart\pca10028\s130\iar\_build\bsp.o
#        D:\BLE_Lock\Sentry\examples\ble_peripheral\ble_app_uart\pca10028\s130\iar\_build\bsp_btn_ble.o
#        D:\BLE_Lock\Sentry\examples\ble_peripheral\ble_app_uart\pca10028\s130\iar\_build\fstorage.o
#        D:\BLE_Lock\Sentry\examples\ble_peripheral\ble_app_uart\pca10028\s130\iar\_build\hardfault_implementation.o
#        D:\BLE_Lock\Sentry\examples\ble_peripheral\ble_app_uart\pca10028\s130\iar\_build\iar_startup_nrf51.o
#        D:\BLE_Lock\Sentry\examples\ble_peripheral\ble_app_uart\pca10028\s130\iar\_build\main.o
#        D:\BLE_Lock\Sentry\examples\ble_peripheral\ble_app_uart\pca10028\s130\iar\_build\nrf_assert.o
#        D:\BLE_Lock\Sentry\examples\ble_peripheral\ble_app_uart\pca10028\s130\iar\_build\nrf_drv_clock.o
#        D:\BLE_Lock\Sentry\examples\ble_peripheral\ble_app_uart\pca10028\s130\iar\_build\nrf_drv_common.o
#        D:\BLE_Lock\Sentry\examples\ble_peripheral\ble_app_uart\pca10028\s130\iar\_build\nrf_drv_gpiote.o
#        D:\BLE_Lock\Sentry\examples\ble_peripheral\ble_app_uart\pca10028\s130\iar\_build\nrf_drv_uart.o
#        D:\BLE_Lock\Sentry\examples\ble_peripheral\ble_app_uart\pca10028\s130\iar\_build\retarget.o
#        D:\BLE_Lock\Sentry\examples\ble_peripheral\ble_app_uart\pca10028\s130\iar\_build\softdevice_handler.o
#        D:\BLE_Lock\Sentry\examples\ble_peripheral\ble_app_uart\pca10028\s130\iar\_build\system_nrf51.o
#        --redirect _Printf=_PrintfFull --redirect _Scanf=_ScanfFull -o
#        D:\BLE_Lock\Sentry\examples\ble_peripheral\ble_app_uart\pca10028\s130\iar\_build\ble_app_uart_pca10028_s130.out
#        --map
#        D:\BLE_Lock\Sentry\examples\ble_peripheral\ble_app_uart\pca10028\s130\iar\_build\ble_app_uart_pca10028_s130.map
#        --config
#        D:\BLE_Lock\Sentry\examples\ble_peripheral\ble_app_uart\pca10028\s130\iar\ble_app_uart_iar_nRF5x.icf
#        --warnings_are_errors --entry __iar_program_start --inline --vfe
#
###############################################################################

*******************************************************************************
*** RUNTIME MODEL ATTRIBUTES
***

CppFlavor                     = *
__Heap_Handler                = Basic
__SystemLibrary               = DLib
__dlib_dynamic_initialization = normal


*******************************************************************************
*** PLACEMENT SUMMARY
***

"A1":  place at 0x0001b000 { ro section .intvec };
"P1":  place in [from 0x0001b000 to 0x0003ffff] { ro };
"P2":  place in [from 0x20001fe8 to 0x20007fff] { rw, block CSTACK, block HEAP };

  Section             Kind        Address    Size  Object
  -------             ----        -------    ----  ------
"A1":                                        0xc0
  .intvec             ro code  0x0001b000    0xc0  iar_startup_nrf51.o [1]
                             - 0x0001b0c0    0xc0

"P1":                                      0x4fd0
  .text               ro code  0x0001b0c0  0x12c2  xprintffull.o [3]
  .text               ro code  0x0001c382    0x1c  xmbtowc.o [3]
  .text               ro code  0x0001c39e    0x14  strchr.o [5]
  .text               ro code  0x0001c3b2    0x10  strlen.o [5]
  .text               ro code  0x0001c3c2    0x18  memchr.o [5]
  .text               ro code  0x0001c3da     0xa  xmbcurmax.o [3]
  .text               ro code  0x0001c3e4    0xb8  xxmemxmalloc.o [3]
  .text               ro code  0x0001c49c    0x18  xwctomb.o [3]
  .text               ro code  0x0001c4b4    0x5c  ABImemcpy.o [5]
  .text               ro code  0x0001c510    0x88  xxmemxfree.o [3]
  .text               ro code  0x0001c598    0x6a  I64DivMod.o [5]
  .text               ro code  0x0001c602    0x44  xdnorm.o [4]
  .text               ro code  0x0001c646    0x32  DblCmpLe.o [4]
  .text               ro code  0x0001c678    0x32  DblCmpGe.o [4]
  .text               ro code  0x0001c6aa    0x2a  zero_init3.o [5]
  .text               ro code  0x0001c6d4   0x11c  xdscale.o [4]
  .text               ro code  0x0001c7f0    0x52  DblToI32.o [4]
  .text               ro code  0x0001c842     0x2  iar_startup_nrf51.o [1]
  .text               ro code  0x0001c844    0x34  I32ToDbl.o [4]
  .text               ro code  0x0001c878   0x1a8  DblAddSub.o [4]
  .text               ro code  0x0001ca20    0xe0  I32DivModFast.o [5]
  .text               ro code  0x0001cb00   0x184  DblMul.o [4]
  .text               ro code  0x0001cc84    0xc2  DblDiv.o [4]
  .text               ro code  0x0001cd46     0x2  iar_startup_nrf51.o [1]
  .text               ro code  0x0001cd48    0x68  localeconv.o [3]
  .text               ro code  0x0001cdb0    0x20  div.o [3]
  .text               ro code  0x0001cdd0    0x14  setlocale.o [3]
  .text               ro code  0x0001cde4    0x50  xencoding_sb.o [3]
  .text               ro code  0x0001ce34    0x2c  xgetmemchunk.o [3]
  .text               ro code  0x0001ce60   0x5e4  app_timer.o [1]
  .text               ro code  0x0001d444    0x20  app_error.o [1]
  .text               ro code  0x0001d464    0x6c  app_util_platform.o [1]
  .text               ro code  0x0001d4d0    0x34  ABImemset.o [5]
  .text               ro code  0x0001d504    0x1c  app_error_weak.o [1]
  .text               ro code  0x0001d520   0x5b8  nrf_drv_uart.o [1]
  .text               ro code  0x0001dad8    0x54  nrf_drv_common.o [1]
  .text               ro code  0x0001db2c   0x56c  ble_advdata.o [1]
  .text               ro code  0x0001e098   0x468  bsp.o [1]
  .text               ro code  0x0001e500   0x148  app_button.o [1]
  .text               ro code  0x0001e648   0x410  nrf_drv_gpiote.o [1]
  .text               ro code  0x0001ea58   0x438  main.o [1]
  .text               ro code  0x0001ee90   0x200  app_uart_fifo.o [1]
  .text               ro code  0x0001f090   0x128  bsp_btn_ble.o [1]
  .text               ro code  0x0001f1b8   0x1a4  ble_conn_params.o [1]
  .text               ro code  0x0001f35c   0x230  ble_nus.o [1]
  .text               ro code  0x0001f58c   0x3bc  ble_advertising.o [1]
  .text               ro code  0x0001f948   0x210  softdevice_handler.o [1]
  .text               ro code  0x0001fb58    0x24  printf.o [3]
  .text               ro code  0x0001fb7c    0xaa  app_fifo.o [1]
  .text               ro code  0x0001fc26    0x16  ble_srv_common.o [1]
  .text               ro code  0x0001fc3c    0x18  fstorage.o [1]
  .text               ro code  0x0001fc54    0xfc  nrf_drv_clock.o [1]
  .text               ro code  0x0001fd50    0xd8  packbits_init.o [5]
  .text               ro code  0x0001fe28     0xa  abort.o [3]
  .text               ro code  0x0001fe32     0x2  iar_startup_nrf51.o [1]
  .text               ro code  0x0001fe34     0xc  XXexit.o [5]
  .text               ro code  0x0001fe40    0xc4  system_nrf51.o [1]
  .text               ro code  0x0001ff04    0x2c  iar_startup_nrf51.o [1]
  .rodata             const    0x0001ff30    0x28  xprintffull.o [3]
  .text               ro code  0x0001ff58    0x28  data_init.o [5]
  .iar.init_table     const    0x0001ff80    0x2c  - Linker created -
  .text               ro code  0x0001ffac    0x1a  cmain.o [5]
  .text               ro code  0x0001ffc6     0x8  exit.o [3]
  .text               ro code  0x0001ffce     0x2  iar_startup_nrf51.o [1]
  .text               ro code  0x0001ffd0     0xa  cexit.o [5]
  .text               ro code  0x0001ffda    0x16  xprout.o [3]
  .text               ro code  0x0001fff0    0x10  putchar.o [3]
  .text               ro code  0x00020000     0xe  retarget.o [1]
  .text               ro code  0x0002000e     0xc  cstartup_M.o [5]
  .text               ro code  0x0002001a     0x2  iar_startup_nrf51.o [1]
  .text               ro code  0x0002001c     0x2  iar_startup_nrf51.o [1]
  .text               ro code  0x0002001e     0x2  iar_startup_nrf51.o [1]
  .text               ro code  0x00020020     0x2  iar_startup_nrf51.o [1]
  .text               ro code  0x00020022     0x2  iar_startup_nrf51.o [1]
  .text               ro code  0x00020024     0x2  iar_startup_nrf51.o [1]
  .text               ro code  0x00020026     0x2  iar_startup_nrf51.o [1]
  .text               ro code  0x00020028     0x2  iar_startup_nrf51.o [1]
  .text               ro code  0x0002002a     0x2  iar_startup_nrf51.o [1]
  .text               ro code  0x0002002c     0x2  iar_startup_nrf51.o [1]
  .text               ro code  0x0002002e     0x2  iar_startup_nrf51.o [1]
  .text               ro code  0x00020030     0x2  iar_startup_nrf51.o [1]
  .text               ro code  0x00020032     0x2  iar_startup_nrf51.o [1]
  .text               ro code  0x00020034     0x2  iar_startup_nrf51.o [1]
  .text               ro code  0x00020036     0x2  iar_startup_nrf51.o [1]
  .text               ro code  0x00020038     0x2  iar_startup_nrf51.o [1]
  .text               ro code  0x0002003a     0x2  iar_startup_nrf51.o [1]
  .text               ro code  0x0002003c     0x2  iar_startup_nrf51.o [1]
  .text               ro code  0x0002003e     0x2  iar_startup_nrf51.o [1]
  .text               ro code  0x00020040     0x2  iar_startup_nrf51.o [1]
  .rodata             const    0x00020042     0x0  zero_init3.o [5]
  .rodata             const    0x00020042     0x0  packbits_init.o [5]
  Initializer bytes   ro data  0x00020042    0x4e  <for P2 s0>
                             - 0x00020090  0x4fd0

"P2":                                      0x12d0
  P2 s0                        0x20001fe8   0x1a6  <Init block>
    __DLIB_PERTHREAD  inited   0x20001fe8    0x88  localeconv.o [3]
    __DLIB_PERTHREAD  inited   0x20002070    0x74  setlocale.o [3]
    .data             inited   0x200020e4    0x40  xfiles.o [3]
    .data             inited   0x20002124    0x34  app_uart_fifo.o [1]
    .data             inited   0x20002158    0x2c  ble_advertising.o [1]
    .data             inited   0x20002184     0x4  main.o [1]
    .data             inited   0x20002188     0x4  system_nrf51.o [1]
    .data             inited   0x2000218c     0x2  main.o [1]
  .bss                zero     0x20002190   0x2f4  main.o [1]
  .bss                zero     0x20002484   0x114  ble_advertising.o [1]
  .bss                zero     0x20002598    0x84  bsp.o [1]
  .bss                zero     0x2000261c    0x68  fstorage.o [1]
  .bss                zero     0x20002684    0x50  xfiles.o [3]
  .bss                zero     0x200026d4    0x48  nrf_drv_gpiote.o [1]
  .bss                zero     0x2000271c    0x40  ble_conn_params.o [1]
  .bss                zero     0x2000275c    0x38  ble_advertising.o [1]
  .bss                zero     0x20002794    0x34  app_button.o [1]
  .bss                zero     0x200027c8    0x20  app_timer.o [1]
  .bss                zero     0x200027e8    0x20  ble_advertising.o [1]
  .bss                zero     0x20002808    0x20  ble_advertising.o [1]
  .bss                zero     0x20002828    0x20  ble_advertising.o [1]
  .bss                zero     0x20002848    0x1c  nrf_drv_uart.o [1]
  .bss                zero     0x20002864    0x14  nrf_drv_clock.o [1]
  .bss                zero     0x20002878    0x14  softdevice_handler.o [1]
  .bss                zero     0x2000288c     0x8  app_util_platform.o [1]
  .bss                zero     0x20002894     0x8  ble_conn_params.o [1]
  .bss                zero     0x2000289c     0x8  ble_conn_params.o [1]
  .bss                zero     0x200028a4     0x8  bsp_btn_ble.o [1]
  .bss                zero     0x200028ac     0x8  xxmemxmalloc.o [3]
  .bss                zero     0x200028b4     0x4  xgetmemchunk.o [3]
  CSTACK                       0x200028b8   0x800  <Block>
    CSTACK            uninit   0x200028b8   0x800  <Block tail>
  HEAP                         0x200030b8   0x200  <Block>
    HEAP              uninit   0x200030b8   0x200  <Block tail>
                             - 0x200032b8  0x12d0


*******************************************************************************
*** INIT TABLE
***

          Address     Size
          -------     ----
Zero (__iar_zero_init3)
    1 destination range, total size 0x728:
          0x20002190  0x728

Copy/packbits (__iar_packbits_init3)
    1 source range, total size 0x4e (18% of destination):
          0x00020042   0x4e
    1 destination range, total size 0x1a6:
          0x20001fe8  0x1a6



*******************************************************************************
*** MODULE SUMMARY
***

    Module                ro code  ro data  rw data
    ------                -------  -------  -------
D:\BLE_Lock\Sentry\examples\ble_peripheral\ble_app_uart\pca10028\s130\iar\_build: [1]
    app_button.o              328                52
    app_error.o                32
    app_error_weak.o           28
    app_fifo.o                170
    app_timer.o             1 508                32
    app_uart_fifo.o           512       10       52
    app_util_platform.o       108                 8
    ble_advdata.o           1 388
    ble_advertising.o         956        8      472
    ble_conn_params.o         420                80
    ble_nus.o                 560
    ble_srv_common.o           22
    bsp.o                   1 128               132
    bsp_btn_ble.o             296                 8
    fstorage.o                 24               104
    iar_startup_nrf51.o       284
    main.o                  1 080        1      762
    nrf_drv_clock.o           252                20
    nrf_drv_common.o           84
    nrf_drv_gpiote.o        1 040                72
    nrf_drv_uart.o          1 464                28
    retarget.o                 14
    softdevice_handler.o      528                20
    system_nrf51.o            196        1        4
    -----------------------------------------------
    Total:                 12 422       20    1 846

command line: [2]
    -----------------------------------------------
    Total:

dl6M_tlf.a: [3]
    abort.o                    10
    div.o                      32
    exit.o                      8
    localeconv.o              104       25      136
    printf.o                   36
    putchar.o                  16
    setlocale.o                20       21      116
    xencoding_sb.o             80
    xfiles.o                            12      144
    xgetmemchunk.o             44                 4
    xmbcurmax.o                10
    xmbtowc.o                  28
    xprintffull.o           4 802       40
    xprout.o                   22
    xwctomb.o                  24
    xxmemxfree.o              136
    xxmemxmalloc.o            184                 8
    -----------------------------------------------
    Total:                  5 556       98      408

m6M_tl.a: [4]
    DblAddSub.o               424
    DblCmpGe.o                 50
    DblCmpLe.o                 50
    DblDiv.o                  194
    DblMul.o                  388
    DblToI32.o                 82
    I32ToDbl.o                 52
    xdnorm.o                   68
    xdscale.o                 284
    -----------------------------------------------
    Total:                  1 592

rt6M_tl.a: [5]
    ABImemcpy.o                92
    ABImemset.o                52
    I32DivModFast.o           224
    I64DivMod.o               106
    XXexit.o                   12
    cexit.o                    10
    cmain.o                    26
    cstartup_M.o               12
    data_init.o                40
    memchr.o                   24
    packbits_init.o           216
    strchr.o                   20
    strlen.o                   16
    zero_init3.o               42
    -----------------------------------------------
    Total:                    892

    Gaps                                          2
    Linker created                      44    2 560
---------------------------------------------------
    Grand Total:           20 462      162    4 816


*******************************************************************************
*** ENTRY LIST
***

Entry                      Address   Size  Type      Object
-----                      -------   ----  ----      ------
?main                   0x0001ffad         Code  Gb  cmain.o [5]
CSTACK$$Base            0x200028b8          --   Gb  - Linker created -
CSTACK$$Limit           0x200030b8          --   Gb  - Linker created -
GPIOTE_IRQHandler       0x0001e8f1  0x14e  Code  Gb  nrf_drv_gpiote.o [1]
HEAP$$Base              0x200030b8          --   Gb  - Linker created -
HEAP$$Limit             0x200032b8          --   Gb  - Linker created -
InStream_Read           0x0001fd51   0x22  Code  Lc  packbits_init.o [5]
LoadInt                 0x0001b721   0x68  Code  Lc  xprintffull.o [3]
NVIC_ClearPendingIRQ    0x0001ce7d    0xe  Code  Lc  app_timer.o [1]
NVIC_DisableIRQ         0x0001f957    0xe  Code  Lc  softdevice_handler.o [1]
NVIC_EnableIRQ          0x0001ce61    0xe  Code  Lc  app_timer.o [1]
NVIC_EnableIRQ          0x0001f949    0xe  Code  Lc  softdevice_handler.o [1]
NVIC_SetPendingIRQ      0x0001ce6f    0xe  Code  Lc  app_timer.o [1]
NVIC_SetPriority        0x0001ce8b   0x32  Code  Lc  app_timer.o [1]
POWER_CLOCK_IRQHandler  0x0001fcc1   0x44  Code  Gb  nrf_drv_clock.o [1]
RTC1_IRQHandler         0x0001d2e1   0x18  Code  Gb  app_timer.o [1]
Region$$Table$$Base     0x0001ff80          --   Gb  - Linker created -
Region$$Table$$Limit    0x0001ffac          --   Gb  - Linker created -
SWI0_IRQHandler         0x0001d2f9    0x8  Code  Gb  app_timer.o [1]
SWI2_IRQHandler         0x0001facf   0x1c  Code  Gb  softdevice_handler.o [1]
SystemCoreClock         0x20002188    0x4  Data  Gb  system_nrf51.o [1]
SystemInit              0x0001fe41   0xa6  Code  Gb  system_nrf51.o [1]
UART0_IRQHandler        0x0001dac3    0xc  Code  Gb  nrf_drv_uart.o [1]
_EncodingSb_Mbtowc      0x0001cdf9   0x2c  Code  Gb  xencoding_sb.o [3]
_EncodingSb_Wctomb      0x0001cde5   0x14  Code  Gb  xencoding_sb.o [3]
_GenldFull              0x0001c079  0x2d6  Code  Lc  xprintffull.o [3]
_IsdstStr               0x20002074    0x4  Data  Gb  setlocale.o [3]
_LdtobFull              0x0001bbf1  0x474  Code  Lc  xprintffull.o [3]
_LitobFull              0x0001babd  0x12e  Code  Lc  xprintffull.o [3]
_LocaleEncoding         0x0001cdd1    0xc  Code  Gb  setlocale.o [3]
_LocaleReturnString     0x20002094   0x50  Data  Lc  setlocale.o [3]
_Locale_Profile         0x20002078   0x1c  Data  Gb  setlocale.o [3]
_Locale_aeabi_lconv     0x20002038   0x38  Data  Gb  localeconv.o [3]
_Locale_lconv           0x20001fe8   0x50  Data  Gb  localeconv.o [3]
_Mbtowc                 0x0001c383   0x1c  Code  Gb  xmbtowc.o [3]
_PrintfFull             0x0001b0c1  0x660  Code  Gb  xprintffull.o [3]
_Prout                  0x0001ffdb   0x16  Code  Gb  xprout.o [3]
_PutcharsFull           0x0001c353   0x30  Code  Lc  xprintffull.o [3]
_PutstrFull             0x0001b789  0x334  Code  Lc  xprintffull.o [3]
_TzoneStr               0x20002070    0x4  Data  Gb  setlocale.o [3]
_Wctomb                 0x0001c49d   0x18  Code  Gb  xwctomb.o [3]
__ICFEDIT_region_RAM_end__ {Abs}
                        0x20007fff          --   Gb  command line/config [2]
__ICFEDIT_region_RAM_start__ {Abs}
                        0x20001fe8          --   Gb  command line/config [2]
__Vectors               0x0001b000          --   Gb  iar_startup_nrf51.o [1]
__Vectors_End           0x0001b0c0         Data  Gb  iar_startup_nrf51.o [1]
__Vectors_Size {Abs}    0x000000c0          --   Gb  iar_startup_nrf51.o [1]
__aeabi_cdcmple         0x0001c647         Code  Gb  DblCmpLe.o [4]
__aeabi_cdrcmple        0x0001c679         Code  Gb  DblCmpGe.o [4]
__aeabi_d2iz            0x0001c7f1         Code  Gb  DblToI32.o [4]
__aeabi_d2uiz           0x0001c815         Code  Gb  DblToI32.o [4]
__aeabi_ddiv            0x0001cc85         Code  Gb  DblDiv.o [4]
__aeabi_dmul            0x0001cb01         Code  Gb  DblMul.o [4]
__aeabi_dsub            0x0001c933         Code  Gb  DblAddSub.o [4]
__aeabi_i2d             0x0001c845         Code  Gb  I32ToDbl.o [4]
__aeabi_idiv            0x0001ca4d         Code  Gb  I32DivModFast.o [5]
__aeabi_idivmod         0x0001ca4d         Code  Gb  I32DivModFast.o [5]
__aeabi_memclr4         0x0001d501         Code  Gb  ABImemset.o [5]
__aeabi_memclr8         0x0001d501         Code  Gb  ABImemset.o [5]
__aeabi_memcpy          0x0001c4b5         Code  Gb  ABImemcpy.o [5]
__aeabi_memcpy4         0x0001c4dd         Code  Wk  ABImemcpy.o [5]
__aeabi_ui2d            0x0001c859         Code  Gb  I32ToDbl.o [4]
__aeabi_uidiv           0x0001ca53         Code  Gb  I32DivModFast.o [5]
__aeabi_uidivmod        0x0001ca53         Code  Gb  I32DivModFast.o [5]
__aeabi_uldivmod        0x0001c599         Code  Gb  I64DivMod.o [5]
__cmain                 0x0001ffad         Code  Gb  cmain.o [5]
__data_Aldata           0x200028ac    0x8  Data  Gb  xxmemxmalloc.o [3]
__data_GetMemChunk      0x0001ce35   0x2c  Code  Gb  xgetmemchunk.o [3]
__exit                  0x0001fe35         Code  Gb  XXexit.o [5]
__iar_Dnorm             0x0001c603   0x44  Code  Gb  xdnorm.o [4]
__iar_Dscale            0x0001c6d5  0x11c  Code  Gb  xdscale.o [4]
__iar_Locale_lconv_init
                        0x0001cd49   0x32  Code  Gb  localeconv.o [3]
__iar_Mbcurmax          0x0001c3db    0xa  Code  Gb  xmbcurmax.o [3]
__iar_Memchr            0x0001c3c3   0x18  Code  Gb  memchr.o [5]
__iar_Memset4_word      0x0001d4d1         Code  Gb  ABImemset.o [5]
__iar_Stdout            0x200020e4   0x40  Data  Gb  xfiles.o [3]
__iar_Strchr            0x0001c39f   0x14  Code  Gb  strchr.o [5]
__iar_d2uiz             0x0001c819         Code  Gb  DblToI32.o [4]
__iar_data_init3        0x0001ff59   0x28  Code  Gb  data_init.o [5]
__iar_packbits_init3    0x0001fd73   0xb6  Code  Gb  packbits_init.o [5]
__iar_program_start     0x0002000f         Code  Gb  cstartup_M.o [5]
__iar_ui2d              0x0001c85d         Code  Gb  I32ToDbl.o [4]
__iar_zero_init3        0x0001c6ab   0x2a  Code  Gb  zero_init3.o [5]
__sd_nvic_app_accessible_irq
                        0x0001f965   0x12  Code  Lc  softdevice_handler.o [1]
__sd_nvic_irq_disable   0x0001d465    0x8  Code  Lc  app_util_platform.o [1]
__vector_table          0x0001b000         Data  Gb  iar_startup_nrf51.o [1]
_call_main              0x0001ffb9         Code  Gb  cmain.o [5]
_exit                   0x0001ffd1         Code  Gb  cexit.o [5]
_main                   0x0001ffc3         Code  Gb  cmain.o [5]
abort                   0x0001fe29    0xa  Code  Gb  abort.o [3]
adv_data_encode         0x0001de9b  0x196  Code  Gb  ble_advdata.o [1]
advertising_buttons_configure
                        0x0001f091   0x3c  Code  Lc  bsp_btn_ble.o [1]
advertising_init        0x0001ec5d   0x5c  Code  Lc  main.o [1]
alert_timer_handler     0x0001e375   0x14  Code  Lc  bsp.o [1]
app_button_enable       0x0001e615   0x20  Code  Gb  app_button.o [1]
app_button_init         0x0001e5ad   0x68  Code  Gb  app_button.o [1]
app_buttons             0x0001e4e0   0x20  Data  Lc  bsp.o [1]
app_error_fault_handler
                        0x0001d505   0x1c  Code  Wk  app_error_weak.o [1]
app_error_handler_bare  0x0001d445   0x1c  Code  Gb  app_error.o [1]
app_fifo_get            0x0001fc09   0x1e  Code  Gb  app_fifo.o [1]
app_fifo_init           0x0001fbbf   0x2a  Code  Gb  app_fifo.o [1]
app_fifo_put            0x0001fbe9   0x20  Code  Gb  app_fifo.o [1]
app_timer_create        0x0001d355   0x2a  Code  Gb  app_timer.o [1]
app_timer_init          0x0001d301   0x54  Code  Gb  app_timer.o [1]
app_timer_start         0x0001d385   0x82  Code  Gb  app_timer.o [1]
app_timer_stop          0x0001d407   0x24  Code  Gb  app_timer.o [1]
app_uart_get            0x0001eff3   0x32  Code  Gb  app_uart_fifo.o [1]
app_uart_init           0x0001ef49   0xaa  Code  Gb  app_uart_fifo.o [1]
app_uart_inst           0x20002140    0x8  Data  Lc  app_uart_fifo.o [1]
app_uart_put            0x0001f025   0x42  Code  Gb  app_uart_fifo.o [1]
app_util_critical_region_enter
                        0x0001d46d   0x2c  Code  Gb  app_util_platform.o [1]
app_util_critical_region_exit
                        0x0001d499   0x24  Code  Gb  app_util_platform.o [1]
apply_config            0x0001d5d5   0x5e  Code  Lc  nrf_drv_uart.o [1]
ble_advdata_set         0x0001e031   0x68  Code  Gb  ble_advdata.o [1]
ble_advertising_init    0x0001f59f  0x13c  Code  Gb  ble_advertising.o [1]
ble_advertising_on_ble_evt
                        0x0001f8b5   0x54  Code  Gb  ble_advertising.o [1]
ble_advertising_restart_without_whitelist
                        0x0001f911   0x30  Code  Gb  ble_advertising.o [1]
ble_advertising_start   0x0001f6e9  0x1be  Code  Gb  ble_advertising.o [1]
ble_conn_params_init    0x0001f225   0x4a  Code  Gb  ble_conn_params.o [1]
ble_conn_params_on_ble_evt
                        0x0001f2c9   0x7c  Code  Gb  ble_conn_params.o [1]
ble_device_addr_encode  0x0001db37   0x5c  Code  Lc  ble_advdata.o [1]
ble_evt_dispatch        0x0001ebad   0x24  Code  Lc  main.o [1]
ble_nus_init            0x0001f4c5   0x64  Code  Gb  ble_nus.o [1]
ble_nus_on_ble_evt      0x0001f465   0x60  Code  Gb  ble_nus.o [1]
ble_nus_string_send     0x0001f529   0x50  Code  Gb  ble_nus.o [1]
ble_srv_is_notification_enabled
                        0x0001fc31    0xc  Code  Gb  ble_srv_common.o [1]
bsp_btn_ble_init        0x0001f157   0x5c  Code  Gb  bsp_btn_ble.o [1]
bsp_btn_ble_on_ble_evt  0x0001f0e1   0x76  Code  Gb  bsp_btn_ble.o [1]
bsp_btn_ble_sleep_mode_prepare
                        0x0001f0cd   0x14  Code  Gb  bsp_btn_ble.o [1]
bsp_button_event_handler
                        0x0001e0b9   0x80  Code  Lc  bsp.o [1]
bsp_button_is_pressed   0x0001e099   0x20  Code  Gb  bsp.o [1]
bsp_event_handler       0x0001ebd1   0x38  Code  Gb  main.o [1]
bsp_event_to_button_action_assign
                        0x0001e435   0x3c  Code  Gb  bsp.o [1]
bsp_indication_set      0x0001e389   0x16  Code  Gb  bsp.o [1]
bsp_init                0x0001e3a9   0x84  Code  Gb  bsp.o [1]
bsp_led_indication      0x0001e145  0x214  Code  Lc  bsp.o [1]
bsp_wakeup_buttons_set  0x0001e471   0x36  Code  Gb  bsp.o [1]
button_timer_handler    0x0001e139    0xc  Code  Lc  bsp.o [1]
channel_free            0x0001e72d   0x16  Code  Lc  nrf_drv_gpiote.o [1]
channel_handler_get     0x0001e6db    0x8  Code  Lc  nrf_drv_gpiote.o [1]
channel_port_alloc      0x0001e6e3   0x4a  Code  Lc  nrf_drv_gpiote.o [1]
channel_port_get        0x0001e6d1    0xa  Code  Lc  nrf_drv_gpiote.o [1]
clock_clk_started_notify
                        0x0001fc9f   0x22  Code  Lc  nrf_drv_clock.o [1]
conn_int_encode         0x0001dd0b   0x98  Code  Lc  ble_advdata.o [1]
conn_params_error_handler
                        0x0001ea9d    0x8  Code  Lc  main.o [1]
conn_params_negotiation
                        0x0001f26f   0x5a  Code  Lc  ble_conn_params.o [1]
detection_delay_timeout_handler
                        0x0001e501   0x5e  Code  Lc  app_button.o [1]
div                     0x0001cdb1   0x20  Code  Gb  div.o [3]
exit                    0x0001ffc7    0x8  Code  Gb  exit.o [3]
fifo_get                0x0001fbab   0x14  Code  Lc  app_fifo.o [1]
fifo_length             0x0001fb7d    0x8  Code  Lc  app_fifo.o [1]
fifo_length             0x0001ee91    0x8  Code  Lc  app_uart_fifo.o [1]
fifo_peek               0x0001fb99   0x12  Code  Lc  app_fifo.o [1]
fifo_put                0x0001fb85   0x14  Code  Lc  app_fifo.o [1]
fputc                   0x00020001    0xe  Code  Gb  retarget.o [1]
free                    0x0001c511   0x82  Code  Gb  xxmemxfree.o [3]
fs_queued_op_count_get  0x0001fc3d   0x12  Code  Gb  fstorage.o [1]
gpiote_event_handler    0x0001e55f   0x4e  Code  Lc  app_button.o [1]
intern_softdevice_events_execute
                        0x0001f9ed   0x7c  Code  Gb  softdevice_handler.o [1]
is_conn_params_ok       0x0001f1b9   0x18  Code  Lc  ble_conn_params.o [1]
leds_timer_handler      0x0001e35d   0x14  Code  Lc  bsp.o [1]
list_deletions_handler  0x0001cf97   0x8a  Code  Lc  app_timer.o [1]
list_insertions_handler
                        0x0001d021   0xe4  Code  Lc  app_timer.o [1]
localeconv              0x0001cd7b   0x18  Code  Gb  localeconv.o [3]
m_adv_evt               0x20002172    0x1  Data  Lc  ble_advertising.o [1]
m_adv_mode_current      0x20002173    0x1  Data  Lc  ble_advertising.o [1]
m_adv_modes_config      0x200027e8   0x20  Data  Lc  ble_advertising.o [1]
m_adv_uuids             0x20002184    0x4  Data  Lc  main.o [1]
m_advdata               0x2000275c   0x38  Data  Lc  ble_advertising.o [1]
m_advertising_start_pending
                        0x20002171    0x1  Data  Lc  ble_advertising.o [1]
m_alert_mask            0x200025b4    0x4  Data  Lc  bsp.o [1]
m_alert_timer_id        0x0001e4c8    0x4  Data  Lc  bsp.o [1]
m_alert_timer_id_data   0x200025dc   0x20  Data  Lc  bsp.o [1]
m_app_ticks_per_100ms   0x200025ac    0x4  Data  Lc  bsp.o [1]
m_ble_evt_buffer_size   0x2000287a    0x2  Data  Lc  softdevice_handler.o [1]
m_ble_evt_handler       0x20002884    0x4  Data  Lc  softdevice_handler.o [1]
m_button_count          0x20002794    0x1  Data  Lc  app_button.o [1]
m_button_timer_id       0x0001e4cc    0x4  Data  Lc  bsp.o [1]
m_button_timer_id_data  0x200025fc   0x20  Data  Lc  bsp.o [1]
m_buttons_list          0x0001e4d0   0x10  Data  Lc  bsp.o [1]
m_cb                    0x200026d4   0x48  Data  Lc  nrf_drv_gpiote.o [1]
m_cb                    0x20002848   0x1c  Data  Lc  nrf_drv_uart.o [1]
m_change_param          0x20002739    0x1  Data  Lc  ble_conn_params.o [1]
m_clock_cb              0x20002864   0x14  Data  Lc  nrf_drv_clock.o [1]
m_conn_handle           0x2000273a    0x2  Data  Lc  ble_conn_params.o [1]
m_conn_handle           0x2000218c    0x2  Data  Lc  main.o [1]
m_conn_params_config    0x2000271c   0x1c  Data  Lc  ble_conn_params.o [1]
m_conn_params_timer_id  0x0001f358    0x4  Data  Lc  ble_conn_params.o [1]
m_conn_params_timer_id_data
                        0x2000273c   0x20  Data  Lc  ble_conn_params.o [1]
m_current_conn_params   0x2000289c    0x8  Data  Lc  ble_conn_params.o [1]
m_current_slave_link_conn_handle
                        0x20002178    0x2  Data  Lc  ble_advertising.o [1]
m_detection_delay       0x2000279c    0x4  Data  Lc  app_button.o [1]
m_detection_delay_timer_id
                        0x0001e640    0x4  Data  Lc  app_button.o [1]
m_detection_delay_timer_id_data
                        0x200027a8   0x20  Data  Lc  app_button.o [1]
m_error_handler         0x20002180    0x4  Data  Lc  ble_advertising.o [1]
m_error_handler         0x200028a4    0x4  Data  Lc  bsp_btn_ble.o [1]
m_event_handler         0x20002138    0x4  Data  Lc  app_uart_fifo.o [1]
m_events_list           0x20002598    0xc  Data  Lc  bsp.o [1]
m_evt_handler           0x2000217c    0x4  Data  Lc  ble_advertising.o [1]
m_evt_schedule_func     0x200027e4    0x4  Data  Lc  app_timer.o [1]
m_evt_schedule_func     0x2000287c    0x4  Data  Lc  softdevice_handler.o [1]
m_indication_type       0x200025b0    0x4  Data  Lc  bsp.o [1]
m_initialized           0x20002170    0x1  Data  Lc  ble_advertising.o [1]
m_leds_timer_id         0x0001e4c4    0x4  Data  Lc  bsp.o [1]
m_leds_timer_id_data    0x200025bc   0x20  Data  Lc  bsp.o [1]
m_manuf_data_array      0x20002484   0x20  Data  Lc  ble_advertising.o [1]
m_manuf_specific_data   0x200024c4    0xc  Data  Lc  ble_advertising.o [1]
m_num_connections       0x200028a8    0x4  Data  Lc  bsp_btn_ble.o [1]
m_nus                   0x200021a8   0x1c  Data  Lc  main.o [1]
m_op_queue              0x200027c8    0x8  Data  Lc  app_timer.o [1]
m_p_whitelist_addrs     0x20002808   0x20  Data  Lc  ble_advertising.o [1]
m_p_whitelist_irks      0x20002828   0x20  Data  Lc  ble_advertising.o [1]
m_peer_addr_reply_expected
                        0x20002174    0x1  Data  Lc  ble_advertising.o [1]
m_peer_address          0x20002168    0x8  Data  Lc  ble_advertising.o [1]
m_pin_state             0x200027a0    0x4  Data  Lc  app_button.o [1]
m_pin_transition        0x200027a4    0x4  Data  Lc  app_button.o [1]
m_preferred_conn_params
                        0x20002894    0x8  Data  Lc  ble_conn_params.o [1]
m_queue                 0x2000261c   0x68  Data  Lc  fstorage.o [1]
m_registered_callback   0x200025b8    0x4  Data  Lc  bsp.o [1]
m_rtc1_reset            0x200027d3    0x1  Data  Lc  app_timer.o [1]
m_rtc1_running          0x200027d2    0x1  Data  Lc  app_timer.o [1]
m_rx_fifo               0x20002128   0x10  Data  Lc  app_uart_fifo.o [1]
m_rx_ovf                0x20002124    0x1  Data  Lc  app_uart_fifo.o [1]
m_service_data          0x200024d0    0xc  Data  Lc  ble_advertising.o [1]
m_service_data_array    0x200024a4   0x20  Data  Lc  ble_advertising.o [1]
m_slave_conn_int        0x200024dc    0x4  Data  Lc  ble_advertising.o [1]
m_softdevice_enabled    0x20002878    0x1  Data  Lc  softdevice_handler.o [1]
m_stable_state          0x200025a4    0x1  Data  Lc  bsp.o [1]
m_suspended             0x20002879    0x1  Data  Lc  softdevice_handler.o [1]
m_sys_evt_handler       0x20002888    0x4  Data  Lc  softdevice_handler.o [1]
m_ticks_elapsed         0x200027dc    0x8  Data  Lc  app_timer.o [1]
m_ticks_elapsed_q_read_ind
                        0x200027d0    0x1  Data  Lc  app_timer.o [1]
m_ticks_elapsed_q_write_ind
                        0x200027d1    0x1  Data  Lc  app_timer.o [1]
m_ticks_latest          0x200027d8    0x4  Data  Lc  app_timer.o [1]
m_tx_fifo               0x20002148   0x10  Data  Lc  app_uart_fifo.o [1]
m_update_count          0x20002738    0x1  Data  Lc  ble_conn_params.o [1]
m_whitelist             0x20002158   0x10  Data  Lc  ble_advertising.o [1]
m_whitelist_addrs       0x200024e0   0x38  Data  Lc  ble_advertising.o [1]
m_whitelist_irks        0x20002518   0x80  Data  Lc  ble_advertising.o [1]
m_whitelist_reply_expected
                        0x20002176    0x1  Data  Lc  ble_advertising.o [1]
m_whitelist_temporarily_disabled
                        0x20002175    0x1  Data  Lc  ble_advertising.o [1]
main                    0x0001ecc1  0x168  Code  Gb  main.o [1]
malloc                  0x0001c3e5   0xb2  Code  Gb  xxmemxmalloc.o [3]
manuf_specific_data_encode
                        0x0001ddad   0x68  Code  Lc  ble_advdata.o [1]
mp_ble_evt_buffer       0x20002880    0x4  Data  Lc  softdevice_handler.o [1]
mp_buttons              0x20002798    0x4  Data  Lc  app_button.o [1]
mp_timer_id_head        0x200027d4    0x4  Data  Lc  app_timer.o [1]
name_encode             0x0001db93   0xa4  Code  Lc  ble_advdata.o [1]
nrf_clock_event_check   0x0001fc5f   0x10  Code  Lc  nrf_drv_clock.o [1]
nrf_clock_event_clear   0x0001fc55    0xa  Code  Lc  nrf_drv_clock.o [1]
nrf_delay_us            0x0001cebd   0x2a  Code  Lc  app_timer.o [1]
nrf_drv_clock_init      0x0001fc6f   0x30  Code  Gb  nrf_drv_clock.o [1]
nrf_drv_clock_on_sd_enable
                        0x0001fd13   0x30  Code  Gb  nrf_drv_clock.o [1]
nrf_drv_clock_on_soc_event
                        0x0001fd05    0xe  Code  Gb  nrf_drv_clock.o [1]
nrf_drv_common_irq_enable
                        0x0001dad9   0x54  Code  Gb  nrf_drv_common.o [1]
nrf_drv_get_IRQn        0x0001d57b    0x6  Code  Lc  nrf_drv_uart.o [1]
nrf_drv_gpiote_in_event_enable
                        0x0001e851   0x84  Code  Gb  nrf_drv_gpiote.o [1]
nrf_drv_gpiote_in_init  0x0001e7ad   0x9e  Code  Gb  nrf_drv_gpiote.o [1]
nrf_drv_gpiote_in_is_set
                        0x0001e8dd    0xc  Code  Gb  nrf_drv_gpiote.o [1]
nrf_drv_gpiote_init     0x0001e743   0x4e  Code  Gb  nrf_drv_gpiote.o [1]
nrf_drv_gpiote_is_init  0x0001e791    0xc  Code  Gb  nrf_drv_gpiote.o [1]
nrf_drv_uart_init       0x0001d633   0x74  Code  Gb  nrf_drv_uart.o [1]
nrf_drv_uart_rx         0x0001d89d   0x72  Code  Gb  nrf_drv_uart.o [1]
nrf_drv_uart_rx_enable  0x0001d915   0x28  Code  Gb  nrf_drv_uart.o [1]
nrf_drv_uart_rx_for_uart
                        0x0001d7ed   0xac  Code  Lc  nrf_drv_uart.o [1]
nrf_drv_uart_tx         0x0001d6c7   0xae  Code  Gb  nrf_drv_uart.o [1]
nrf_drv_uart_tx_in_progress
                        0x0001d775   0x14  Code  Gb  nrf_drv_uart.o [1]
nrf_gpio_cfg            0x0001e65d   0x1c  Code  Lc  nrf_drv_gpiote.o [1]
nrf_gpio_cfg            0x0001d581   0x1c  Code  Lc  nrf_drv_uart.o [1]
nrf_gpio_cfg_input      0x0001d5b3   0x18  Code  Lc  nrf_drv_uart.o [1]
nrf_gpio_cfg_output     0x0001d59d   0x16  Code  Lc  nrf_drv_uart.o [1]
nrf_gpio_cfg_sense_set  0x0001e679   0x18  Code  Lc  nrf_drv_gpiote.o [1]
nrf_gpio_pin_set        0x0001d5cb    0xa  Code  Lc  nrf_drv_uart.o [1]
nrf_gpiote_event_clear  0x0001e655    0x8  Code  Lc  nrf_drv_gpiote.o [1]
nrf_gpiote_event_is_set
                        0x0001e649    0xc  Code  Lc  nrf_drv_gpiote.o [1]
nrf_nvic_state          0x2000288c    0x8  Data  Gb  app_util_platform.o [1]
nrf_uart_errorsrc_get_and_clear
                        0x0001d54f    0xc  Code  Lc  nrf_drv_uart.o [1]
nrf_uart_event_check    0x0001d527    0x6  Code  Lc  nrf_drv_uart.o [1]
nrf_uart_event_clear    0x0001d521    0x6  Code  Lc  nrf_drv_uart.o [1]
nrf_uart_hwfc_pins_set  0x0001d55f    0x4  Code  Lc  nrf_drv_uart.o [1]
nrf_uart_int_disable    0x0001d547    0x8  Code  Lc  nrf_drv_uart.o [1]
nrf_uart_int_enable     0x0001d52d    0x8  Code  Lc  nrf_drv_uart.o [1]
nrf_uart_int_enable_check
                        0x0001d535    0xa  Code  Lc  nrf_drv_uart.o [1]
nrf_uart_rxd_get        0x0001d56b    0xa  Code  Lc  nrf_drv_uart.o [1]
nrf_uart_task_trigger   0x0001d575    0x6  Code  Lc  nrf_drv_uart.o [1]
nrf_uart_txrx_pins_set  0x0001d55b    0x4  Code  Lc  nrf_drv_uart.o [1]
nus_data_handler        0x0001ea59   0x30  Code  Lc  main.o [1]
obuf                    0x20002684   0x50  Data  Lc  xfiles.o [3]
on_adv_evt              0x0001eacd   0x20  Code  Lc  main.o [1]
on_ble_evt              0x0001eaed   0xc0  Code  Lc  main.o [1]
on_conn_params_evt      0x0001ea89   0x14  Code  Lc  main.o [1]
pin_in_use_by_gpiote    0x0001e6b5    0xe  Code  Lc  nrf_drv_gpiote.o [1]
pin_in_use_by_port      0x0001e6a1   0x14  Code  Lc  nrf_drv_gpiote.o [1]
pin_in_use_by_te        0x0001e691   0x10  Code  Lc  nrf_drv_gpiote.o [1]
pin_in_use_clear        0x0001e6c3    0xe  Code  Lc  nrf_drv_gpiote.o [1]
printf                  0x0001fb59   0x24  Code  Gb  printf.o [3]
putchar                 0x0001fff1   0x10  Code  Gb  putchar.o [3]
rtc1_stop               0x0001cee7   0x32  Code  Lc  app_timer.o [1]
rx_buffer               0x2000213d    0x1  Data  Lc  app_uart_fifo.o [1]
rx_byte                 0x0001d7b5   0x38  Code  Lc  nrf_drv_uart.o [1]
rx_char_add             0x0001f35d   0x92  Code  Lc  ble_nus.o [1]
rx_done_event           0x0001d941   0x16  Code  Lc  nrf_drv_uart.o [1]
rx_enable               0x0001d799   0x1c  Code  Lc  nrf_drv_uart.o [1]
sd_nvic_EnableIRQ       0x0001f977   0x6e  Code  Lc  softdevice_handler.o [1]
service_data_encode     0x0001de15   0x86  Code  Lc  ble_advdata.o [1]
sleep_mode_enter        0x0001eaa5   0x1e  Code  Lc  main.o [1]
softdevice_ble_evt_handler_set
                        0x0001fabf   0x10  Code  Gb  softdevice_handler.o [1]
softdevice_enable       0x0001fb19   0x14  Code  Gb  softdevice_handler.o [1]
softdevice_enable_get_default_config
                        0x0001faeb   0x2e  Code  Gb  softdevice_handler.o [1]
softdevice_fault_handler
                        0x0001f9e5    0x8  Code  Gb  softdevice_handler.o [1]
softdevice_handler_init
                        0x0001fa6f   0x50  Code  Gb  softdevice_handler.o [1]
softdevice_handler_is_enabled
                        0x0001fa69    0x6  Code  Gb  softdevice_handler.o [1]
strlen                  0x0001c3b3   0x10  Code  Gb  strlen.o [5]
ticks_diff_get          0x0001cf19    0x8  Code  Lc  app_timer.o [1]
timer_list_handler      0x0001d135  0x132  Code  Lc  app_timer.o [1]
timer_stop_op_schedule  0x0001d299   0x48  Code  Lc  app_timer.o [1]
timer_timeouts_check    0x0001cf21   0x76  Code  Lc  app_timer.o [1]
tx_buffer               0x2000213c    0x1  Data  Lc  app_uart_fifo.o [1]
tx_byte                 0x0001d6a7   0x20  Code  Lc  nrf_drv_uart.o [1]
tx_char_add             0x0001f3ef   0x76  Code  Lc  ble_nus.o [1]
tx_done_event           0x0001d957   0x20  Code  Lc  nrf_drv_uart.o [1]
uart_event_handle       0x0001ec09   0x54  Code  Gb  main.o [1]
uart_event_handler      0x0001ee99   0xae  Code  Lc  app_uart_fifo.o [1]
uart_irq_handler        0x0001d985  0x13e  Code  Lc  nrf_drv_uart.o [1]
uint16_decode           0x0001fc27    0xa  Code  Lc  ble_srv_common.o [1]
uint16_encode           0x0001db2d    0xa  Code  Lc  ble_advdata.o [1]
update_timeout_handler  0x0001f1d1   0x54  Code  Lc  ble_conn_params.o [1]
user_op_alloc           0x0001d26d   0x28  Code  Lc  app_timer.o [1]
user_op_enque           0x0001d267    0x6  Code  Lc  app_timer.o [1]
uuid_list_encode        0x0001dce1   0x2a  Code  Lc  ble_advdata.o [1]
uuid_list_sized_encode  0x0001dc37   0xaa  Code  Lc  ble_advdata.o [1]
whitelist_has_entries   0x0001f58d   0x12  Code  Lc  ble_advertising.o [1]


[1] = D:\BLE_Lock\Sentry\examples\ble_peripheral\ble_app_uart\pca10028\s130\iar\_build
[2] = command line
[3] = dl6M_tlf.a
[4] = m6M_tl.a
[5] = rt6M_tl.a

  20 462 bytes of readonly  code memory
     162 bytes of readonly  data memory
   4 816 bytes of readwrite data memory

Errors: none
Warnings: none
