###############################################################################
#
# IAR ELF Linker V7.30.3.8024/W32 for ARM                 21/Oct/2016  10:31:51
# Copyright 2007-2014 IAR Systems AB.
#
#    Output file  =  
#        D:\BLE_Lock\Sentry\examples\ble_peripheral\ble_app_alert_notification\pca10028\s130\iar\_build\ble_app_alert_notification_pca10028_s130.out
#    Map file     =  
#        D:\BLE_Lock\Sentry\examples\ble_peripheral\ble_app_alert_notification\pca10028\s130\iar\_build\ble_app_alert_notification_pca10028_s130.map
#    Command line =  
#        D:\BLE_Lock\Sentry\examples\ble_peripheral\ble_app_alert_notification\pca10028\s130\iar\_build\app_button.o
#        D:\BLE_Lock\Sentry\examples\ble_peripheral\ble_app_alert_notification\pca10028\s130\iar\_build\app_error.o
#        D:\BLE_Lock\Sentry\examples\ble_peripheral\ble_app_alert_notification\pca10028\s130\iar\_build\app_error_weak.o
#        D:\BLE_Lock\Sentry\examples\ble_peripheral\ble_app_alert_notification\pca10028\s130\iar\_build\app_fifo.o
#        D:\BLE_Lock\Sentry\examples\ble_peripheral\ble_app_alert_notification\pca10028\s130\iar\_build\app_timer.o
#        D:\BLE_Lock\Sentry\examples\ble_peripheral\ble_app_alert_notification\pca10028\s130\iar\_build\app_util_platform.o
#        D:\BLE_Lock\Sentry\examples\ble_peripheral\ble_app_alert_notification\pca10028\s130\iar\_build\ble_advdata.o
#        D:\BLE_Lock\Sentry\examples\ble_peripheral\ble_app_alert_notification\pca10028\s130\iar\_build\ble_advertising.o
#        D:\BLE_Lock\Sentry\examples\ble_peripheral\ble_app_alert_notification\pca10028\s130\iar\_build\ble_ans_c.o
#        D:\BLE_Lock\Sentry\examples\ble_peripheral\ble_app_alert_notification\pca10028\s130\iar\_build\ble_conn_params.o
#        D:\BLE_Lock\Sentry\examples\ble_peripheral\ble_app_alert_notification\pca10028\s130\iar\_build\ble_conn_state.o
#        D:\BLE_Lock\Sentry\examples\ble_peripheral\ble_app_alert_notification\pca10028\s130\iar\_build\ble_db_discovery.o
#        D:\BLE_Lock\Sentry\examples\ble_peripheral\ble_app_alert_notification\pca10028\s130\iar\_build\ble_srv_common.o
#        D:\BLE_Lock\Sentry\examples\ble_peripheral\ble_app_alert_notification\pca10028\s130\iar\_build\bsp.o
#        D:\BLE_Lock\Sentry\examples\ble_peripheral\ble_app_alert_notification\pca10028\s130\iar\_build\bsp_btn_ble.o
#        D:\BLE_Lock\Sentry\examples\ble_peripheral\ble_app_alert_notification\pca10028\s130\iar\_build\crc16.o
#        D:\BLE_Lock\Sentry\examples\ble_peripheral\ble_app_alert_notification\pca10028\s130\iar\_build\fds.o
#        D:\BLE_Lock\Sentry\examples\ble_peripheral\ble_app_alert_notification\pca10028\s130\iar\_build\fstorage.o
#        D:\BLE_Lock\Sentry\examples\ble_peripheral\ble_app_alert_notification\pca10028\s130\iar\_build\gatt_cache_manager.o
#        D:\BLE_Lock\Sentry\examples\ble_peripheral\ble_app_alert_notification\pca10028\s130\iar\_build\gatts_cache_manager.o
#        D:\BLE_Lock\Sentry\examples\ble_peripheral\ble_app_alert_notification\pca10028\s130\iar\_build\hardfault_implementation.o
#        D:\BLE_Lock\Sentry\examples\ble_peripheral\ble_app_alert_notification\pca10028\s130\iar\_build\iar_startup_nrf51.o
#        D:\BLE_Lock\Sentry\examples\ble_peripheral\ble_app_alert_notification\pca10028\s130\iar\_build\id_manager.o
#        D:\BLE_Lock\Sentry\examples\ble_peripheral\ble_app_alert_notification\pca10028\s130\iar\_build\main.o
#        D:\BLE_Lock\Sentry\examples\ble_peripheral\ble_app_alert_notification\pca10028\s130\iar\_build\nrf_assert.o
#        D:\BLE_Lock\Sentry\examples\ble_peripheral\ble_app_alert_notification\pca10028\s130\iar\_build\nrf_drv_clock.o
#        D:\BLE_Lock\Sentry\examples\ble_peripheral\ble_app_alert_notification\pca10028\s130\iar\_build\nrf_drv_common.o
#        D:\BLE_Lock\Sentry\examples\ble_peripheral\ble_app_alert_notification\pca10028\s130\iar\_build\nrf_drv_gpiote.o
#        D:\BLE_Lock\Sentry\examples\ble_peripheral\ble_app_alert_notification\pca10028\s130\iar\_build\nrf_drv_uart.o
#        D:\BLE_Lock\Sentry\examples\ble_peripheral\ble_app_alert_notification\pca10028\s130\iar\_build\nrf_log_backend_serial.o
#        D:\BLE_Lock\Sentry\examples\ble_peripheral\ble_app_alert_notification\pca10028\s130\iar\_build\nrf_log_frontend.o
#        D:\BLE_Lock\Sentry\examples\ble_peripheral\ble_app_alert_notification\pca10028\s130\iar\_build\peer_data.o
#        D:\BLE_Lock\Sentry\examples\ble_peripheral\ble_app_alert_notification\pca10028\s130\iar\_build\peer_data_storage.o
#        D:\BLE_Lock\Sentry\examples\ble_peripheral\ble_app_alert_notification\pca10028\s130\iar\_build\peer_database.o
#        D:\BLE_Lock\Sentry\examples\ble_peripheral\ble_app_alert_notification\pca10028\s130\iar\_build\peer_id.o
#        D:\BLE_Lock\Sentry\examples\ble_peripheral\ble_app_alert_notification\pca10028\s130\iar\_build\peer_manager.o
#        D:\BLE_Lock\Sentry\examples\ble_peripheral\ble_app_alert_notification\pca10028\s130\iar\_build\pm_buffer.o
#        D:\BLE_Lock\Sentry\examples\ble_peripheral\ble_app_alert_notification\pca10028\s130\iar\_build\pm_mutex.o
#        D:\BLE_Lock\Sentry\examples\ble_peripheral\ble_app_alert_notification\pca10028\s130\iar\_build\RTT_Syscalls_IAR.o
#        D:\BLE_Lock\Sentry\examples\ble_peripheral\ble_app_alert_notification\pca10028\s130\iar\_build\sdk_mapped_flags.o
#        D:\BLE_Lock\Sentry\examples\ble_peripheral\ble_app_alert_notification\pca10028\s130\iar\_build\security_dispatcher.o
#        D:\BLE_Lock\Sentry\examples\ble_peripheral\ble_app_alert_notification\pca10028\s130\iar\_build\security_manager.o
#        D:\BLE_Lock\Sentry\examples\ble_peripheral\ble_app_alert_notification\pca10028\s130\iar\_build\SEGGER_RTT.o
#        D:\BLE_Lock\Sentry\examples\ble_peripheral\ble_app_alert_notification\pca10028\s130\iar\_build\SEGGER_RTT_printf.o
#        D:\BLE_Lock\Sentry\examples\ble_peripheral\ble_app_alert_notification\pca10028\s130\iar\_build\softdevice_handler.o
#        D:\BLE_Lock\Sentry\examples\ble_peripheral\ble_app_alert_notification\pca10028\s130\iar\_build\system_nrf51.o
#        --redirect _Printf=_PrintfFull --redirect _Scanf=_ScanfFull -o
#        D:\BLE_Lock\Sentry\examples\ble_peripheral\ble_app_alert_notification\pca10028\s130\iar\_build\ble_app_alert_notification_pca10028_s130.out
#        --map
#        D:\BLE_Lock\Sentry\examples\ble_peripheral\ble_app_alert_notification\pca10028\s130\iar\_build\ble_app_alert_notification_pca10028_s130.map
#        --config
#        D:\BLE_Lock\Sentry\examples\ble_peripheral\ble_app_alert_notification\pca10028\s130\iar\ble_app_alert_notification_iar_nRF5x.icf
#        --warnings_are_errors --entry __iar_program_start --inline --vfe
#
###############################################################################

*******************************************************************************
*** RUNTIME MODEL ATTRIBUTES
***

CppFlavor       = *
__SystemLibrary = DLib


*******************************************************************************
*** PLACEMENT SUMMARY
***

"A1":  place at 0x0001b000 { ro section .intvec };
"P1":  place in [from 0x0001b000 to 0x0003ffff] { ro };
"P2":  place in [from 0x20001fe8 to 0x20007fff] { rw, block CSTACK, block HEAP };

  Section            Kind        Address    Size  Object
  -------            ----        -------    ----  ------
"A1":                                       0xc0
  .intvec            ro code  0x0001b000    0xc0  iar_startup_nrf51.o [1]
                            - 0x0001b0c0    0xc0

"P1":                                     0x741b
  .text              ro code  0x0001b0c0   0xd68  fds.o [1]
  .text              ro code  0x0001be28   0x3b0  fstorage.o [1]
  .text              ro code  0x0001c1d8    0x5c  ABImemcpy.o [4]
  .text              ro code  0x0001c234    0x4c  ABImemset.o [4]
  .text              ro code  0x0001c280   0x750  security_dispatcher.o [1]
  .text              ro code  0x0001c9d0   0x41e  security_manager.o [1]
  .text              ro code  0x0001cdee    0x2a  zero_init3.o [4]
  .text              ro code  0x0001ce18   0x3cc  gatt_cache_manager.o [1]
  .text              ro code  0x0001d1e4   0x420  id_manager.o [1]
  .text              ro code  0x0001d604   0x1f0  ble_conn_state.o [1]
  .text              ro code  0x0001d7f4   0x554  peer_database.o [1]
  .text              ro code  0x0001dd48   0x69c  peer_manager.o [1]
  .text              ro code  0x0001e3e4   0x1f8  gatts_cache_manager.o [1]
  .text              ro code  0x0001e5dc    0x28  memcmp.o [4]
  .text              ro code  0x0001e604   0x45e  peer_data_storage.o [1]
  .text              ro code  0x0001ea62     0x2  iar_startup_nrf51.o [1]
  .text              ro code  0x0001ea64    0xf0  sdk_mapped_flags.o [1]
  .text              ro code  0x0001eb54    0x20  app_error.o [1]
  .text              ro code  0x0001eb74   0x100  pm_buffer.o [1]
  .text              ro code  0x0001ec74   0x140  peer_id.o [1]
  .text              ro code  0x0001edb4    0x1c  app_error_weak.o [1]
  .text              ro code  0x0001edd0    0xe8  pm_mutex.o [1]
  .text              ro code  0x0001eeb8    0x6c  app_util_platform.o [1]
  .text              ro code  0x0001ef24   0x654  main.o [1]
  .text              ro code  0x0001f578   0x468  bsp.o [1]
  .text              ro code  0x0001f9e0   0x4b0  ble_ans_c.o [1]
  .text              ro code  0x0001fe90   0x128  bsp_btn_ble.o [1]
  .text              ro code  0x0001ffb8   0x5a4  ble_db_discovery.o [1]
  .text              ro code  0x0002055c   0x1a4  ble_conn_params.o [1]
  .text              ro code  0x00020700   0x5e4  app_timer.o [1]
  .text              ro code  0x00020ce4   0x3b4  ble_advertising.o [1]
  .text              ro code  0x00021098   0x220  softdevice_handler.o [1]
  .text              ro code  0x000212b8    0xe0  I32DivModFast.o [4]
  .text              ro code  0x00021398   0x148  app_button.o [1]
  .text              ro code  0x000214e0    0x16  ble_srv_common.o [1]
  .text              ro code  0x000214f6     0x2  iar_startup_nrf51.o [1]
  .text              ro code  0x000214f8   0x56c  ble_advdata.o [1]
  .text              ro code  0x00021a64    0xfc  nrf_drv_clock.o [1]
  .text              ro code  0x00021b60   0x40c  nrf_drv_gpiote.o [1]
  .text              ro code  0x00021f6c    0x54  nrf_drv_common.o [1]
  .text              ro code  0x00021fc0   0x228  nrf_drv_uart.o [1]
  .text              ro code  0x000221e8    0xd8  packbits_init.o [4]
  .text              ro code  0x000222c0     0xa  abort.o [3]
  .text              ro code  0x000222ca     0x2  iar_startup_nrf51.o [1]
  .text              ro code  0x000222cc     0xc  XXexit.o [4]
  .text              ro code  0x000222d8    0xc4  system_nrf51.o [1]
  .text              ro code  0x0002239c    0x2c  iar_startup_nrf51.o [1]
  .text              ro code  0x000223c8    0x28  data_init.o [4]
  .iar.init_table    const    0x000223f0    0x48  - Linker created -
  .text              ro code  0x00022438    0x1a  cmain.o [4]
  .text              ro code  0x00022452     0x8  exit.o [3]
  .text              ro code  0x0002245a     0x2  iar_startup_nrf51.o [1]
  .text              ro code  0x0002245c     0xa  cexit.o [4]
  .text              ro code  0x00022466     0xc  cstartup_M.o [4]
  .text              ro code  0x00022472     0x2  iar_startup_nrf51.o [1]
  .rodata            const    0x00022474     0x8  gatts_cache_manager.o [1]
  .text              ro code  0x0002247c     0x2  iar_startup_nrf51.o [1]
  .text              ro code  0x0002247e     0x2  iar_startup_nrf51.o [1]
  .text              ro code  0x00022480     0x2  iar_startup_nrf51.o [1]
  .text              ro code  0x00022482     0x2  iar_startup_nrf51.o [1]
  .text              ro code  0x00022484     0x2  iar_startup_nrf51.o [1]
  .text              ro code  0x00022486     0x2  iar_startup_nrf51.o [1]
  .text              ro code  0x00022488     0x2  iar_startup_nrf51.o [1]
  .text              ro code  0x0002248a     0x2  iar_startup_nrf51.o [1]
  .text              ro code  0x0002248c     0x2  iar_startup_nrf51.o [1]
  .text              ro code  0x0002248e     0x2  iar_startup_nrf51.o [1]
  .text              ro code  0x00022490     0x2  iar_startup_nrf51.o [1]
  .text              ro code  0x00022492     0x2  iar_startup_nrf51.o [1]
  .text              ro code  0x00022494     0x2  iar_startup_nrf51.o [1]
  .text              ro code  0x00022496     0x2  iar_startup_nrf51.o [1]
  .text              ro code  0x00022498     0x2  iar_startup_nrf51.o [1]
  .text              ro code  0x0002249a     0x2  iar_startup_nrf51.o [1]
  .text              ro code  0x0002249c     0x2  iar_startup_nrf51.o [1]
  .text              ro code  0x0002249e     0x2  iar_startup_nrf51.o [1]
  .text              ro code  0x000224a0     0x2  iar_startup_nrf51.o [1]
  .rodata            const    0x000224a2     0x0  zero_init3.o [4]
  .rodata            const    0x000224a2     0x0  packbits_init.o [4]
  Initializer bytes  ro data  0x000224a2     0xb  <for fs_data-1>
  Initializer bytes  ro data  0x000224ad    0x2e  <for P2 s0>
                            - 0x000224db  0x741b

"P2":                                     0x17a8
  fs_data                     0x20001fe8    0x10  <Block>
    fs_data-1                 0x20001fe8    0x10  <Init block>
      fs_data        inited   0x20001fe8    0x10  fds.o [1]
  CSTACK                      0x20001ff8   0x800  <Block>
    CSTACK           uninit   0x20001ff8   0x800  <Block tail>
  P2 s0                       0x200027f8   0x223  <Init block>
    .data            inited   0x200027f8   0x1d0  main.o [1]
    .data            inited   0x200029c8    0x2c  ble_advertising.o [1]
    .data            inited   0x200029f4    0x14  security_manager.o [1]
    .data            inited   0x20002a08     0xc  fstorage.o [1]
    .data            inited   0x20002a14     0x4  system_nrf51.o [1]
    .data            inited   0x20002a18     0x3  security_dispatcher.o [1]
  .bss               zero     0x20002a1c   0x334  peer_database.o [1]
  .bss               zero     0x20002d50   0x1e0  ble_db_discovery.o [1]
  .bss               zero     0x20002f30   0x114  ble_advertising.o [1]
  .bss               zero     0x20003044    0xc0  main.o [1]
  .bss               zero     0x20003104    0xa0  ble_ans_c.o [1]
  .bss               zero     0x200031a4    0x84  bsp.o [1]
  .bss               zero     0x20003228    0x78  fds.o [1]
  .bss               zero     0x200032a0    0x70  main.o [1]
  .bss               zero     0x20003310    0x68  fstorage.o [1]
  .bss               zero     0x20003378    0x60  id_manager.o [1]
  .bss               zero     0x200033d8    0x48  fds.o [1]
  .bss               zero     0x20003420    0x48  nrf_drv_gpiote.o [1]
  .bss               zero     0x20003468    0x40  ble_conn_params.o [1]
  .bss               zero     0x200034a8    0x40  peer_id.o [1]
  .bss               zero     0x200034e8    0x40  security_dispatcher.o [1]
  .bss               zero     0x20003528    0x38  ble_advertising.o [1]
  .bss               zero     0x20003560    0x34  app_button.o [1]
  .bss               zero     0x20003594    0x34  ble_conn_state.o [1]
  .bss               zero     0x200035c8    0x34  fds.o [1]
  .bss               zero     0x200035fc    0x28  ble_db_discovery.o [1]
  .bss               zero     0x20003624    0x24  fds.o [1]
  .bss               zero     0x20003648    0x20  app_timer.o [1]
  .bss               zero     0x20003668    0x20  ble_advertising.o [1]
  .bss               zero     0x20003688    0x20  ble_advertising.o [1]
  .bss               zero     0x200036a8    0x20  ble_advertising.o [1]
  .bss               zero     0x200036c8    0x1c  fds.o [1]
  .bss               zero     0x200036e4    0x1c  nrf_drv_uart.o [1]
  .bss               zero     0x20003700    0x1c  peer_manager.o [1]
  .bss               zero     0x2000371c    0x14  nrf_drv_clock.o [1]
  .bss               zero     0x20003730    0x14  softdevice_handler.o [1]
  .bss               zero     0x20003744     0xc  id_manager.o [1]
  .bss               zero     0x20003750     0x8  app_util_platform.o [1]
  .bss               zero     0x20003758     0x8  ble_ans_c.o [1]
  .bss               zero     0x20003760     0x8  ble_conn_params.o [1]
  .bss               zero     0x20003768     0x8  ble_conn_params.o [1]
  .bss               zero     0x20003770     0x8  bsp_btn_ble.o [1]
  .bss               zero     0x20003778     0x8  peer_data_storage.o [1]
  .bss               zero     0x20003780     0x4  gatt_cache_manager.o [1]
  .bss               zero     0x20003784     0x4  peer_database.o [1]
  .bss               zero     0x20003788     0x2  gatts_cache_manager.o [1]
  .bss               zero     0x2000378a     0x2  gatts_cache_manager.o [1]
  .bss               zero     0x2000378c     0x2  peer_data_storage.o [1]
  .bss               zero     0x2000378e     0x1  fds.o [1]
                            - 0x2000378f  0x17a7


*******************************************************************************
*** INIT TABLE
***

          Address     Size
          -------     ----
Zero (__iar_zero_init3)
    1 destination range, total size 0xd73:
          0x20002a1c  0xd73

Copy/packbits (__iar_packbits_init3)
    1 source range, total size 0xb (68% of destination):
          0x000224a2    0xb
    1 destination range, total size 0x10:
          0x20001fe8   0x10

Copy/packbits (__iar_packbits_init3)
    1 source range, total size 0x2e (8% of destination):
          0x000224ad   0x2e
    1 destination range, total size 0x223:
          0x200027f8  0x223



*******************************************************************************
*** MODULE SUMMARY
***

    Module                 ro code  ro data  rw data
    ------                 -------  -------  -------
D:\BLE_Lock\Sentry\examples\ble_peripheral\ble_app_alert_notification\pca10028\s130\iar\_build: [1]
    app_button.o               328                52
    app_error.o                 32
    app_error_weak.o            28
    app_timer.o              1 508                32
    app_util_platform.o        108                 8
    ble_advdata.o            1 388
    ble_advertising.o          948        3      472
    ble_ans_c.o              1 200               168
    ble_conn_params.o          420                80
    ble_conn_state.o           496                52
    ble_db_discovery.o       1 444               520
    ble_srv_common.o            22
    bsp.o                    1 128               132
    bsp_btn_ble.o              296                 8
    fds.o                    3 432       11      325
    fstorage.o                 944        1      116
    gatt_cache_manager.o       972                 4
    gatts_cache_manager.o      504        8        4
    iar_startup_nrf51.o        284
    id_manager.o             1 056               108
    main.o                   1 620       39      768
    nrf_drv_clock.o            252                20
    nrf_drv_common.o            84
    nrf_drv_gpiote.o         1 036                72
    nrf_drv_uart.o             552                28
    peer_data_storage.o      1 118                10
    peer_database.o          1 364               824
    peer_id.o                  320                64
    peer_manager.o           1 692                28
    pm_buffer.o                256
    pm_mutex.o                 232
    sdk_mapped_flags.o         240
    security_dispatcher.o    1 872        1       67
    security_manager.o       1 054        2       20
    softdevice_handler.o       544                20
    system_nrf51.o             196                 4
    ------------------------------------------------
    Total:                  28 970       65    4 006

command line: [2]
    ------------------------------------------------
    Total:

dl6M_tlf.a: [3]
    abort.o                     10
    exit.o                       8
    ------------------------------------------------
    Total:                      18

rt6M_tl.a: [4]
    ABImemcpy.o                 92
    ABImemset.o                 76
    I32DivModFast.o            224
    XXexit.o                    12
    cexit.o                     10
    cmain.o                     26
    cstartup_M.o                12
    data_init.o                 40
    memcmp.o                    40
    packbits_init.o            216
    zero_init3.o                42
    ------------------------------------------------
    Total:                     790

    Gaps                                           1
    Linker created                       72    2 048
----------------------------------------------------
    Grand Total:            29 778      137    6 055


*******************************************************************************
*** ENTRY LIST
***

Entry                      Address   Size  Type      Object
-----                      -------   ----  ----      ------
?main                   0x00022439         Code  Gb  cmain.o [4]
CSTACK$$Base            0x20001ff8          --   Gb  - Linker created -
CSTACK$$Limit           0x200027f8          --   Gb  - Linker created -
GPIOTE_IRQHandler       0x00021e05  0x14e  Code  Gb  nrf_drv_gpiote.o [1]
InStream_Read           0x000221e9   0x22  Code  Lc  packbits_init.o [4]
NVIC_ClearPendingIRQ    0x0002071d    0xe  Code  Lc  app_timer.o [1]
NVIC_DisableIRQ         0x000210a7    0xe  Code  Lc  softdevice_handler.o [1]
NVIC_EnableIRQ          0x00020701    0xe  Code  Lc  app_timer.o [1]
NVIC_EnableIRQ          0x00021099    0xe  Code  Lc  softdevice_handler.o [1]
NVIC_SetPendingIRQ      0x0002070f    0xe  Code  Lc  app_timer.o [1]
NVIC_SetPriority        0x0002072b   0x32  Code  Lc  app_timer.o [1]
POWER_CLOCK_IRQHandler  0x00021ad1   0x44  Code  Gb  nrf_drv_clock.o [1]
RTC1_IRQHandler         0x00020b81   0x18  Code  Gb  app_timer.o [1]
Region$$Table$$Base     0x000223f0          --   Gb  - Linker created -
Region$$Table$$Limit    0x00022438          --   Gb  - Linker created -
SWI0_IRQHandler         0x00020b99    0x8  Code  Gb  app_timer.o [1]
SWI2_IRQHandler         0x0002122f   0x1c  Code  Gb  softdevice_handler.o [1]
SystemCoreClock         0x20002a14    0x4  Data  Gb  system_nrf51.o [1]
SystemInit              0x000222d9   0xa6  Code  Gb  system_nrf51.o [1]
UART0_IRQHandler        0x000221d3    0xc  Code  Gb  nrf_drv_uart.o [1]
__ICFEDIT_region_RAM_end__ {Abs}
                        0x20007fff          --   Gb  command line/config [2]
__ICFEDIT_region_RAM_start__ {Abs}
                        0x20001fe8          --   Gb  command line/config [2]
__Vectors               0x0001b000          --   Gb  iar_startup_nrf51.o [1]
__Vectors_End           0x0001b0c0         Data  Gb  iar_startup_nrf51.o [1]
__Vectors_Size {Abs}    0x000000c0          --   Gb  iar_startup_nrf51.o [1]
__aeabi_idiv            0x000212e5         Code  Gb  I32DivModFast.o [4]
__aeabi_idivmod         0x000212e5         Code  Gb  I32DivModFast.o [4]
__aeabi_memclr          0x0001c279         Code  Gb  ABImemset.o [4]
__aeabi_memclr4         0x0001c27d         Code  Gb  ABImemset.o [4]
__aeabi_memclr8         0x0001c27d         Code  Gb  ABImemset.o [4]
__aeabi_memcpy          0x0001c1d9         Code  Gb  ABImemcpy.o [4]
__aeabi_memcpy4         0x0001c201         Code  Wk  ABImemcpy.o [4]
__aeabi_uidiv           0x000212eb         Code  Gb  I32DivModFast.o [4]
__aeabi_uidivmod        0x000212eb         Code  Gb  I32DivModFast.o [4]
__cmain                 0x00022439         Code  Gb  cmain.o [4]
__exit                  0x000222cd         Code  Gb  XXexit.o [4]
__iar_Memset4_word      0x0001c249         Code  Gb  ABImemset.o [4]
__iar_Memset_word       0x0001c235         Code  Gb  ABImemset.o [4]
__iar_data_init3        0x000223c9   0x28  Code  Gb  data_init.o [4]
__iar_packbits_init3    0x0002220b   0xb6  Code  Gb  packbits_init.o [4]
__iar_program_start     0x00022467         Code  Gb  cstartup_M.o [4]
__iar_zero_init3        0x0001cdef   0x2a  Code  Gb  zero_init3.o [4]
__sd_nvic_app_accessible_irq
                        0x000210b5   0x12  Code  Lc  softdevice_handler.o [1]
__sd_nvic_irq_disable   0x0001eeb9    0x8  Code  Lc  app_util_platform.o [1]
__vector_table          0x0001b000         Data  Gb  iar_startup_nrf51.o [1]
_call_main              0x00022445         Code  Gb  cmain.o [4]
_exit                   0x0002245d         Code  Gb  cexit.o [4]
_main                   0x0002244f         Code  Gb  cmain.o [4]
abort                   0x000222c1    0xa  Code  Gb  abort.o [3]
addr_compare            0x0001d2b1   0x28  Code  Gb  id_manager.o [1]
adv_data_encode         0x00021867  0x196  Code  Gb  ble_advdata.o [1]
advertising_buttons_configure
                        0x0001fe91   0x3c  Code  Lc  bsp_btn_ble.o [1]
advertising_start       0x0001f329    0x8  Code  Lc  main.o [1]
ah                      0x0001d57d   0x48  Code  Gb  id_manager.o [1]
alert_notification_error_handler
                        0x0001f0e7    0x8  Code  Lc  main.o [1]
alert_notification_init
                        0x0001f0ef   0x3e  Code  Lc  main.o [1]
alert_timer_handler     0x0001f855   0x14  Code  Lc  bsp.o [1]
app_button_enable       0x000214ad   0x20  Code  Gb  app_button.o [1]
app_button_init         0x00021445   0x68  Code  Gb  app_button.o [1]
app_buttons             0x0001f9c0   0x20  Data  Lc  bsp.o [1]
app_error_fault_handler
                        0x0001edb5   0x1c  Code  Wk  app_error_weak.o [1]
app_error_handler_bare  0x0001eb55   0x1c  Code  Gb  app_error.o [1]
app_timer_create        0x00020bf5   0x2a  Code  Gb  app_timer.o [1]
app_timer_init          0x00020ba1   0x54  Code  Gb  app_timer.o [1]
app_timer_start         0x00020c25   0x82  Code  Gb  app_timer.o [1]
app_timer_stop          0x00020ca7   0x24  Code  Gb  app_timer.o [1]
app_util_critical_region_enter
                        0x0001eec1   0x2c  Code  Gb  app_util_platform.o [1]
app_util_critical_region_exit
                        0x0001eeed   0x24  Code  Gb  app_util_platform.o [1]
auth_status_success_process
                        0x0001c3e9   0x9e  Code  Lc  security_dispatcher.o [1]
ble_advdata_set         0x000219fd   0x68  Code  Gb  ble_advdata.o [1]
ble_advertising_init    0x00020cf7  0x13c  Code  Gb  ble_advertising.o [1]
ble_advertising_on_ble_evt
                        0x0002100d   0x54  Code  Gb  ble_advertising.o [1]
ble_advertising_on_sys_evt
                        0x00021061   0x2a  Code  Gb  ble_advertising.o [1]
ble_advertising_start   0x00020e41  0x1be  Code  Gb  ble_advertising.o [1]
ble_ans_c_control_point_write
                        0x0001fd4d   0x40  Code  Gb  ble_ans_c.o [1]
ble_ans_c_disable_notif_new_alert
                        0x0001fd0d   0x10  Code  Gb  ble_ans_c.o [1]
ble_ans_c_disable_notif_unread_alert
                        0x0001fd3d   0x10  Code  Gb  ble_ans_c.o [1]
ble_ans_c_enable_notif_new_alert
                        0x0001fcf1   0x1c  Code  Gb  ble_ans_c.o [1]
ble_ans_c_enable_notif_unread_alert
                        0x0001fd1d   0x1c  Code  Gb  ble_ans_c.o [1]
ble_ans_c_handles_assign
                        0x0001fe1d   0x74  Code  Gb  ble_ans_c.o [1]
ble_ans_c_init          0x0001fc2d   0x88  Code  Gb  ble_ans_c.o [1]
ble_ans_c_new_alert_notify
                        0x0001fe03    0x8  Code  Gb  ble_ans_c.o [1]
ble_ans_c_new_alert_read
                        0x0001fd8d   0x1a  Code  Gb  ble_ans_c.o [1]
ble_ans_c_on_ble_evt    0x0001fbad   0x80  Code  Gb  ble_ans_c.o [1]
ble_ans_c_on_db_disc_evt
                        0x0001fa59   0xbe  Code  Gb  ble_ans_c.o [1]
ble_ans_c_unread_alert_notify
                        0x0001fe0b    0x6  Code  Gb  ble_ans_c.o [1]
ble_ans_c_unread_alert_read
                        0x0001fdcd   0x24  Code  Gb  ble_ans_c.o [1]
ble_conn_params_init    0x000205c9   0x4a  Code  Gb  ble_conn_params.o [1]
ble_conn_params_on_ble_evt
                        0x0002066d   0x7c  Code  Gb  ble_conn_params.o [1]
ble_conn_state_conn_handles
                        0x0001d76b    0x8  Code  Gb  ble_conn_state.o [1]
ble_conn_state_encrypted
                        0x0001d751    0x8  Code  Gb  ble_conn_state.o [1]
ble_conn_state_mitm_protected
                        0x0001d761    0xa  Code  Gb  ble_conn_state.o [1]
ble_conn_state_on_ble_evt
                        0x0001d605   0xf0  Code  Gb  ble_conn_state.o [1]
ble_conn_state_role     0x0001d6f5   0x2e  Code  Gb  ble_conn_state.o [1]
ble_conn_state_status   0x0001d723   0x2e  Code  Gb  ble_conn_state.o [1]
ble_conn_state_user_flag_acquire
                        0x0001d77b   0x24  Code  Gb  ble_conn_state.o [1]
ble_conn_state_user_flag_collection
                        0x0001d7d7   0x14  Code  Gb  ble_conn_state.o [1]
ble_conn_state_user_flag_get
                        0x0001d79f   0x1a  Code  Gb  ble_conn_state.o [1]
ble_conn_state_user_flag_set
                        0x0001d7b9   0x1e  Code  Gb  ble_conn_state.o [1]
ble_db_discovery_evt_register
                        0x000203fb   0x3e  Code  Gb  ble_db_discovery.o [1]
ble_db_discovery_init   0x000203e1   0x1a  Code  Gb  ble_db_discovery.o [1]
ble_db_discovery_on_ble_evt
                        0x00020489   0xc6  Code  Gb  ble_db_discovery.o [1]
ble_db_discovery_start  0x00020439   0x50  Code  Gb  ble_db_discovery.o [1]
ble_device_addr_encode  0x00021503   0x5c  Code  Lc  ble_advdata.o [1]
ble_evt_dispatch        0x0001f26d   0x94  Code  Lc  main.o [1]
ble_srv_is_notification_enabled
                        0x000214eb    0xc  Code  Gb  ble_srv_common.o [1]
bsp_btn_ble_init        0x0001ff57   0x5c  Code  Gb  bsp_btn_ble.o [1]
bsp_btn_ble_on_ble_evt  0x0001fee1   0x76  Code  Gb  bsp_btn_ble.o [1]
bsp_btn_ble_sleep_mode_prepare
                        0x0001fecd   0x14  Code  Gb  bsp_btn_ble.o [1]
bsp_button_event_handler
                        0x0001f599   0x80  Code  Lc  bsp.o [1]
bsp_button_is_pressed   0x0001f579   0x20  Code  Gb  bsp.o [1]
bsp_event_handler       0x0001f197   0xce  Code  Lc  main.o [1]
bsp_event_to_button_action_assign
                        0x0001f915   0x3c  Code  Gb  bsp.o [1]
bsp_indication_set      0x0001f869   0x16  Code  Gb  bsp.o [1]
bsp_init                0x0001f889   0x84  Code  Gb  bsp.o [1]
bsp_led_indication      0x0001f625  0x214  Code  Lc  bsp.o [1]
bsp_wakeup_buttons_set  0x0001f951   0x36  Code  Gb  bsp.o [1]
button_timer_handler    0x0001f619    0xc  Code  Lc  bsp.o [1]
cccd_configure          0x0001fcb5   0x38  Code  Lc  ble_ans_c.o [1]
channel_free            0x00021c45   0x16  Code  Lc  nrf_drv_gpiote.o [1]
channel_handler_get     0x00021bf3    0x8  Code  Lc  nrf_drv_gpiote.o [1]
channel_port_alloc      0x00021bfb   0x4a  Code  Lc  nrf_drv_gpiote.o [1]
channel_port_get        0x00021be9    0xa  Code  Lc  nrf_drv_gpiote.o [1]
char_set                0x0001fa1b    0xa  Code  Lc  ble_ans_c.o [1]
characteristics_discover
                        0x0002013b   0x3c  Code  Lc  ble_db_discovery.o [1]
check_config            0x0001be71   0x1a  Code  Lc  fstorage.o [1]
chunk_queue_next        0x0001b379   0x16  Code  Gb  fds.o [1]
claim                   0x0001ec99   0x36  Code  Lc  peer_id.o [1]
clock_clk_started_notify
                        0x00021aaf   0x22  Code  Lc  nrf_drv_clock.o [1]
conn_int_encode         0x000216d7   0x98  Code  Lc  ble_advdata.o [1]
conn_params_error_handler
                        0x0001f141    0x8  Code  Lc  main.o [1]
conn_params_negotiation
                        0x00020613   0x5a  Code  Lc  ble_conn_params.o [1]
db_disc_handler         0x0001f12d    0xc  Code  Lc  main.o [1]
delete_execute          0x0001b7f9   0x94  Code  Lc  fds.o [1]
descriptors_discover    0x00020177   0x98  Code  Lc  ble_db_discovery.o [1]
detection_delay_timeout_handler
                        0x00021399   0x5e  Code  Lc  app_button.o [1]
discovery_complete_evt_trigger
                        0x00020011   0x76  Code  Lc  ble_db_discovery.o [1]
discovery_error_evt_trigger
                        0x0001ffe5   0x2c  Code  Lc  ble_db_discovery.o [1]
encryption_failure      0x0001c489   0x24  Code  Lc  security_dispatcher.o [1]
event_disconnect        0x0001fb7b   0x2c  Code  Lc  ble_ans_c.o [1]
event_notify            0x0001fb17   0x64  Code  Lc  ble_ans_c.o [1]
event_send              0x0001b0f1   0x1e  Code  Lc  fds.o [1]
events_send_from_err_code
                        0x0001ca39   0x34  Code  Lc  security_manager.o [1]
evt_send                0x0001ce21    0x8  Code  Lc  gatt_cache_manager.o [1]
evt_send                0x0001d1e5   0x10  Code  Lc  id_manager.o [1]
evt_send                0x0001dd49   0x1e  Code  Lc  peer_manager.o [1]
evt_send                0x0001c281   0x10  Code  Lc  security_dispatcher.o [1]
evt_send                0x0001c9d9    0x8  Code  Lc  security_manager.o [1]
exit                    0x00022453    0x8  Code  Gb  exit.o [3]
fds_evt_handler         0x0001e6ff  0x100  Code  Lc  peer_data_storage.o [1]
fds_file_delete         0x0001bd4d   0x44  Code  Gb  fds.o [1]
fds_gc                  0x0001bd95   0x40  Code  Gb  fds.o [1]
fds_init                0x0001bb99   0x96  Code  Gb  fds.o [1]
fds_record_close        0x0001bc6f   0x3e  Code  Gb  fds.o [1]
fds_record_find         0x0001bdd9    0xe  Code  Gb  fds.o [1]
fds_record_find_by_key  0x0001bde7   0x10  Code  Gb  fds.o [1]
fds_record_find_in_file
                        0x0001bdf7   0x10  Code  Gb  fds.o [1]
fds_record_id_from_desc
                        0x0001be07   0x14  Code  Gb  fds.o [1]
fds_record_open         0x0001bc2f   0x40  Code  Gb  fds.o [1]
fds_record_update       0x0001bd39    0xc  Code  Gb  fds.o [1]
fds_record_write        0x0001bd25    0x6  Code  Gb  fds.o [1]
fds_record_write_reserved
                        0x0001bd2b    0xe  Code  Gb  fds.o [1]
fds_register            0x0001bb75   0x1a  Code  Gb  fds.o [1]
fds_reserve             0x0001bcad   0x32  Code  Gb  fds.o [1]
fds_reserve_cancel      0x0001bcdf   0x40  Code  Gb  fds.o [1]
file_id_within_pm_range
                        0x0001e60d   0x16  Code  Lc  peer_data_storage.o [1]
flag_clear              0x0001b0d7    0xa  Code  Lc  fds.o [1]
flag_id_init            0x0001c565   0x12  Code  Lc  security_dispatcher.o [1]
flag_id_init            0x0001ccb1   0x12  Code  Lc  security_manager.o [1]
flag_is_set             0x0001b0e1   0x10  Code  Lc  fds.o [1]
flag_set                0x0001b0cd    0xa  Code  Lc  fds.o [1]
flags_set_from_err_code
                        0x0001c9e1   0x58  Code  Lc  security_manager.o [1]
fs_config               0x20001fe8   0x10  Data  Gb  fds.o [1]
fs_data$$Base           0x20001fe8          --   Gb  - Linker created -
fs_data$$Limit          0x20001ff8          --   Gb  - Linker created -
fs_erase                0x0001c089   0x82  Code  Gb  fstorage.o [1]
fs_event_handler        0x0001ba63    0xa  Code  Lc  fds.o [1]
fs_init                 0x0001bf59   0xa4  Code  Gb  fstorage.o [1]
fs_queued_op_count_get  0x0001c10b   0x12  Code  Gb  fstorage.o [1]
fs_store                0x0001bffd   0x8c  Code  Gb  fstorage.o [1]
fs_sys_event_handler    0x0001c129   0x98  Code  Gb  fstorage.o [1]
gc_execute              0x0001b88d   0x98  Code  Lc  fds.o [1]
gc_page_erase           0x0001b51d   0x38  Code  Lc  fds.o [1]
gc_record_copy          0x0001b55d   0x1e  Code  Lc  fds.o [1]
gc_record_find_next     0x0001b57b   0x1c  Code  Lc  fds.o [1]
gc_state_advance        0x0001b597   0x78  Code  Lc  fds.o [1]
gcm_ble_evt_handler     0x0001d0ad   0xe2  Code  Gb  gatt_cache_manager.o [1]
gcm_gscm_evt_handler    0x0001cef1   0x5c  Code  Gb  gatt_cache_manager.o [1]
gcm_im_evt_handler      0x0001cf4d   0x28  Code  Gb  gatt_cache_manager.o [1]
gcm_init                0x0001cf87   0x3a  Code  Gb  gatt_cache_manager.o [1]
gcm_local_database_has_changed
                        0x0001d18f   0x44  Code  Gb  gatt_cache_manager.o [1]
gcm_smd_evt_handler     0x0001cf75   0x12  Code  Gb  gatt_cache_manager.o [1]
get_connection_by_conn_handle
                        0x0001d21d   0x30  Code  Gb  id_manager.o [1]
get_free_connection     0x0001d1f5   0x28  Code  Gb  id_manager.o [1]
gpiote_event_handler    0x000213f7   0x4e  Code  Lc  app_button.o [1]
gscm_db_change_notification_done
                        0x0001e5b5   0x16  Code  Gb  gatts_cache_manager.o [1]
gscm_init               0x0001e459    0xa  Code  Gb  gatts_cache_manager.o [1]
gscm_local_database_has_changed
                        0x0001e551   0x12  Code  Gb  gatts_cache_manager.o [1]
gscm_local_db_cache_apply
                        0x0001e4e3   0x6e  Code  Gb  gatts_cache_manager.o [1]
gscm_local_db_cache_update
                        0x0001e463   0x80  Code  Gb  gatts_cache_manager.o [1]
gscm_pdb_evt_handler    0x0001e419   0x40  Code  Gb  gatts_cache_manager.o [1]
gscm_service_changed_ind_needed
                        0x0001e563   0x1e  Code  Gb  gatts_cache_manager.o [1]
gscm_service_changed_ind_send
                        0x0001e581   0x1e  Code  Gb  gatts_cache_manager.o [1]
header_is_valid         0x0001b10f   0x18  Code  Lc  fds.o [1]
iar_fs_data_end         0x20002a10    0x4  Data  Gb  fstorage.o [1]
iar_fs_data_start       0x20002a0c    0x4  Data  Gb  fstorage.o [1]
im_address_resolve      0x0001d5c5   0x40  Code  Gb  id_manager.o [1]
im_ble_addr_get         0x0001d455   0x28  Code  Gb  id_manager.o [1]
im_ble_evt_handler      0x0001d2d9   0x98  Code  Gb  id_manager.o [1]
im_conn_handle_get      0x0001d4f1   0x1e  Code  Gb  id_manager.o [1]
im_init                 0x0001d40b   0x32  Code  Gb  id_manager.o [1]
im_is_duplicate_bonding_data
                        0x0001d371   0x30  Code  Gb  id_manager.o [1]
im_master_id_is_valid   0x0001d515   0x1c  Code  Gb  id_manager.o [1]
im_master_ids_compare   0x0001d481   0x2c  Code  Gb  id_manager.o [1]
im_new_peer_id          0x0001d547    0x8  Code  Gb  id_manager.o [1]
im_pdb_evt_handler      0x0001d3a1   0x6a  Code  Gb  id_manager.o [1]
im_peer_free            0x0001d54f   0x26  Code  Gb  id_manager.o [1]
im_peer_id_get_by_conn_handle
                        0x0001d43d   0x18  Code  Gb  id_manager.o [1]
im_peer_id_get_by_master_id
                        0x0001d4ad   0x40  Code  Gb  id_manager.o [1]
init_execute            0x0001b61d   0xa6  Code  Lc  fds.o [1]
intern_softdevice_events_execute
                        0x0002113d   0x7c  Code  Gb  softdevice_handler.o [1]
is_conn_params_ok       0x0002055d   0x18  Code  Lc  ble_conn_params.o [1]
is_desc_discovery_reqd  0x000200f5   0x46  Code  Lc  ble_db_discovery.o [1]
is_valid_ans_srv_discovered
                        0x0001fa25   0x34  Code  Lc  ble_ans_c.o [1]
is_valid_irk            0x0001d29b   0x16  Code  Gb  id_manager.o [1]
is_word_aligned         0x0001b0c1    0xc  Code  Lc  fds.o [1]
leds_timer_handler      0x0001f83d   0x14  Code  Lc  bsp.o [1]
link_secure             0x0001ca6d   0x96  Code  Lc  security_manager.o [1]
link_secure_central     0x0001c7a9   0xfe  Code  Lc  security_dispatcher.o [1]
link_secure_central_existing_peer
                        0x0001c6d1   0xd8  Code  Lc  security_dispatcher.o [1]
link_secure_failure     0x0001c4b9   0x9e  Code  Lc  security_dispatcher.o [1]
link_secure_pending_process
                        0x0001cbe7   0x60  Code  Lc  security_manager.o [1]
list_deletions_handler  0x00020837   0x8a  Code  Lc  app_timer.o [1]
list_insertions_handler
                        0x000208c1   0xe4  Code  Lc  app_timer.o [1]
local_db_apply_in_evt   0x0001ce29   0x64  Code  Lc  gatt_cache_manager.o [1]
local_db_update_in_evt  0x0001ce8d   0x64  Code  Lc  gatt_cache_manager.o [1]
lock_by_mask            0x0001edd1   0x34  Code  Lc  pm_mutex.o [1]
m_adv_evt               0x200029e2    0x1  Data  Lc  ble_advertising.o [1]
m_adv_mode_current      0x200029e3    0x1  Data  Lc  ble_advertising.o [1]
m_adv_modes_config      0x20003668   0x20  Data  Lc  ble_advertising.o [1]
m_advdata               0x20003528   0x38  Data  Lc  ble_advertising.o [1]
m_advertising_start_pending
                        0x200029e1    0x1  Data  Lc  ble_advertising.o [1]
m_alert_mask            0x200031c0    0x4  Data  Lc  bsp.o [1]
m_alert_message_buffer  0x200032fc   0x14  Data  Lc  main.o [1]
m_alert_timer_id        0x0001f9a8    0x4  Data  Lc  bsp.o [1]
m_alert_timer_id_data   0x200031e8   0x20  Data  Lc  bsp.o [1]
m_ans_c                 0x200032a0   0x5c  Data  Lc  main.o [1]
m_app_ticks_per_100ms   0x200031b8    0x4  Data  Lc  bsp.o [1]
m_bcs                   0x20003594   0x34  Data  Lc  ble_conn_state.o [1]
m_ble_db_discovery      0x200027fc  0x1ac  Data  Lc  main.o [1]
m_ble_evt_buffer_size   0x20003732    0x2  Data  Lc  softdevice_handler.o [1]
m_ble_evt_handler       0x2000373c    0x4  Data  Lc  softdevice_handler.o [1]
m_bonding_flag_id       0x20003705    0x1  Data  Lc  peer_manager.o [1]
m_button_count          0x20003560    0x1  Data  Lc  app_button.o [1]
m_button_timer_id       0x0001f9ac    0x4  Data  Lc  bsp.o [1]
m_button_timer_id_data  0x20003208   0x20  Data  Lc  bsp.o [1]
m_buttons_list          0x0001f9b0   0x10  Data  Lc  bsp.o [1]
m_cb                    0x20003420   0x48  Data  Lc  nrf_drv_gpiote.o [1]
m_cb                    0x200036e4   0x1c  Data  Lc  nrf_drv_uart.o [1]
m_cb_table              0x20003628   0x20  Data  Lc  fds.o [1]
m_change_param          0x20003485    0x1  Data  Lc  ble_conn_params.o [1]
m_chunk_queue           0x200033d8   0x48  Data  Lc  fds.o [1]
m_clock_cb              0x2000371c   0x14  Data  Lc  nrf_drv_clock.o [1]
m_conn_handle           0x20003486    0x2  Data  Lc  ble_conn_params.o [1]
m_conn_params_config    0x20003468   0x1c  Data  Lc  ble_conn_params.o [1]
m_conn_params_timer_id  0x000206fc    0x4  Data  Lc  ble_conn_params.o [1]
m_conn_params_timer_id_data
                        0x20003488   0x20  Data  Lc  ble_conn_params.o [1]
m_conn_state_user_flag_id
                        0x20003744    0x1  Data  Lc  id_manager.o [1]
m_connections           0x20003378   0x60  Data  Lc  id_manager.o [1]
m_cur_conn_handle       0x200027fa    0x2  Data  Lc  main.o [1]
m_current_conn_params   0x20003768    0x8  Data  Lc  ble_conn_params.o [1]
m_current_highest_peer_rank
                        0x2000370c    0x4  Data  Lc  peer_manager.o [1]
m_current_id_addr       0x20003748    0x8  Data  Lc  id_manager.o [1]
m_current_sc_store_peer_id
                        0x20003788    0x2  Data  Lc  gatts_cache_manager.o [1]
m_current_slave_link_conn_handle
                        0x200029e8    0x2  Data  Lc  ble_advertising.o [1]
m_deleting_all          0x20003702    0x1  Data  Lc  peer_manager.o [1]
m_detection_delay       0x20003568    0x4  Data  Lc  app_button.o [1]
m_detection_delay_timer_id
                        0x000214d8    0x4  Data  Lc  app_button.o [1]
m_detection_delay_timer_id_data
                        0x20003574   0x20  Data  Lc  app_button.o [1]
m_error_handler         0x200029f0    0x4  Data  Lc  ble_advertising.o [1]
m_error_handler         0x20003770    0x4  Data  Lc  bsp_btn_ble.o [1]
m_events_list           0x200031a4    0xc  Data  Lc  bsp.o [1]
m_evt_handler           0x200029ec    0x4  Data  Lc  ble_advertising.o [1]
m_evt_handler           0x20003618    0x4  Data  Lc  ble_db_discovery.o [1]
m_evt_handlers          0x0001d894   0x14  Data  Lc  peer_database.o [1]
m_evt_handlers          0x20003710    0xc  Data  Lc  peer_manager.o [1]
m_evt_schedule_func     0x20003664    0x4  Data  Lc  app_timer.o [1]
m_evt_schedule_func     0x20003734    0x4  Data  Lc  softdevice_handler.o [1]
m_fds_ftok              0x20003778    0x8  Data  Lc  peer_data_storage.o [1]
m_fds_tl_dirty          0x0001b518    0x4  Data  Lc  fds.o [1]
m_flag_link_secure_force_repairing
                        0x200029ff    0x1  Data  Lc  security_manager.o [1]
m_flag_link_secure_null_params
                        0x20002a00    0x1  Data  Lc  security_manager.o [1]
m_flag_link_secure_pending_busy
                        0x200029fd    0x1  Data  Lc  security_manager.o [1]
m_flag_link_secure_pending_flash_full
                        0x200029fe    0x1  Data  Lc  security_manager.o [1]
m_flag_local_db_apply_pending
                        0x20003781    0x1  Data  Lc  gatt_cache_manager.o [1]
m_flag_local_db_update_pending
                        0x20003780    0x1  Data  Lc  gatt_cache_manager.o [1]
m_flag_params_reply_pending_busy
                        0x20002a01    0x1  Data  Lc  security_manager.o [1]
m_flag_params_reply_pending_flash_full
                        0x20002a02    0x1  Data  Lc  security_manager.o [1]
m_flag_reject_pairing   0x20002a03    0x1  Data  Lc  security_manager.o [1]
m_flag_sec_proc         0x20002a18    0x1  Data  Lc  security_dispatcher.o [1]
m_flag_sec_proc_new_peer
                        0x20002a1a    0x1  Data  Lc  security_dispatcher.o [1]
m_flag_sec_proc_pairing
                        0x20002a19    0x1  Data  Lc  security_dispatcher.o [1]
m_flag_service_changed_pending
                        0x20003782    0x1  Data  Lc  gatt_cache_manager.o [1]
m_flag_service_changed_sent
                        0x20003783    0x1  Data  Lc  gatt_cache_manager.o [1]
m_flags                 0x2000378e    0x1  Data  Lc  fds.o [1]
m_flags                 0x20002a08    0x1  Data  Lc  fstorage.o [1]
m_gc                    0x200036c8   0x10  Data  Lc  fds.o [1]
m_highest_ranked_peer   0x20003706    0x2  Data  Lc  peer_manager.o [1]
m_indication_type       0x200031bc    0x4  Data  Lc  bsp.o [1]
m_initialized           0x200029e0    0x1  Data  Lc  ble_advertising.o [1]
m_initialized           0x20003614    0x1  Data  Lc  ble_db_discovery.o [1]
m_latest_rec_id         0x200036e0    0x4  Data  Lc  fds.o [1]
m_leds_timer_id         0x0001f9a4    0x4  Data  Lc  bsp.o [1]
m_leds_timer_id_data    0x200031c8   0x20  Data  Lc  bsp.o [1]
m_manuf_data_array      0x20002f30   0x20  Data  Lc  ble_advertising.o [1]
m_manuf_specific_data   0x20002f70    0xc  Data  Lc  ble_advertising.o [1]
m_module_initialized    0x20003700    0x1  Data  Lc  peer_manager.o [1]
m_n_registrants         0x20003703    0x1  Data  Lc  peer_manager.o [1]
m_n_writes              0x20003784    0x4  Data  Lc  peer_database.o [1]
m_new_alert_state       0x200027f8    0x1  Data  Lc  main.o [1]
m_num_connections       0x20003774    0x4  Data  Lc  bsp_btn_ble.o [1]
m_num_of_handlers_reg   0x20003620    0x4  Data  Lc  ble_db_discovery.o [1]
m_op_queue              0x20003648    0x8  Data  Lc  app_timer.o [1]
m_op_queue              0x20003228   0x78  Data  Lc  fds.o [1]
m_p_public_key          0x20002a04    0x4  Data  Lc  security_manager.o [1]
m_p_whitelist_addrs     0x20003688   0x20  Data  Lc  ble_advertising.o [1]
m_p_whitelist_irks      0x200036a8   0x20  Data  Lc  ble_advertising.o [1]
m_pages                 0x200035c8   0x20  Data  Lc  fds.o [1]
m_pairing_flag_id       0x20003704    0x1  Data  Lc  peer_manager.o [1]
m_peer_addr_reply_expected
                        0x200029e4    0x1  Data  Lc  ble_advertising.o [1]
m_peer_address          0x200029d8    0x8  Data  Lc  ble_advertising.o [1]
m_peer_delete_ongoing   0x2000378d    0x1  Data  Lc  peer_data_storage.o [1]
m_peer_delete_queued    0x2000378c    0x1  Data  Lc  peer_data_storage.o [1]
m_peer_pk               0x200034e8   0x40  Data  Lc  security_dispatcher.o [1]
m_peer_rank_initialized
                        0x20003701    0x1  Data  Lc  peer_manager.o [1]
m_peer_rank_token       0x20003708    0x4  Data  Lc  peer_manager.o [1]
m_pending_user_evts     0x20002d50  0x1e0  Data  Lc  ble_db_discovery.o [1]
m_pending_usr_evt_index
                        0x2000361c    0x4  Data  Lc  ble_db_discovery.o [1]
m_pi                    0x200034a8   0x40  Data  Lc  peer_id.o [1]
m_pin_state             0x2000356c    0x4  Data  Lc  app_button.o [1]
m_pin_transition        0x20003570    0x4  Data  Lc  app_button.o [1]
m_preferred_conn_params
                        0x20003760    0x8  Data  Lc  ble_conn_params.o [1]
m_queue                 0x20003310   0x68  Data  Lc  fstorage.o [1]
m_registered_callback   0x200031c4    0x4  Data  Lc  bsp.o [1]
m_registered_handlers   0x200035fc   0x18  Data  Lc  ble_db_discovery.o [1]
m_retry_count           0x20002a09    0x1  Data  Lc  fstorage.o [1]
m_rtc1_reset            0x20003653    0x1  Data  Lc  app_timer.o [1]
m_rtc1_running          0x20003652    0x1  Data  Lc  app_timer.o [1]
m_sec_params            0x200029f4    0x8  Data  Lc  security_manager.o [1]
m_sec_params_valid      0x200029fc    0x1  Data  Lc  security_manager.o [1]
m_sec_req_timer_id      0x0001f570    0x4  Data  Lc  main.o [1]
m_sec_req_timer_id_data
                        0x200029a8   0x20  Data  Lc  main.o [1]
m_service_data          0x20002f7c    0xc  Data  Lc  ble_advertising.o [1]
m_service_data_array    0x20002f50   0x20  Data  Lc  ble_advertising.o [1]
m_slave_conn_int        0x20002f88    0x4  Data  Lc  ble_advertising.o [1]
m_softdevice_enabled    0x20003730    0x1  Data  Lc  softdevice_handler.o [1]
m_stable_state          0x200031b0    0x1  Data  Lc  bsp.o [1]
m_suspended             0x20003731    0x1  Data  Lc  softdevice_handler.o [1]
m_swap_page             0x200036d8    0x8  Data  Lc  fds.o [1]
m_sys_evt_handler       0x20003740    0x4  Data  Lc  softdevice_handler.o [1]
m_ticks_elapsed         0x2000365c    0x8  Data  Lc  app_timer.o [1]
m_ticks_elapsed_q_read_ind
                        0x20003650    0x1  Data  Lc  app_timer.o [1]
m_ticks_elapsed_q_write_ind
                        0x20003651    0x1  Data  Lc  app_timer.o [1]
m_ticks_latest          0x20003658    0x4  Data  Lc  app_timer.o [1]
m_tx_buffer             0x20003104   0xa0  Data  Lc  ble_ans_c.o [1]
m_tx_index              0x2000375c    0x4  Data  Lc  ble_ans_c.o [1]
m_tx_insert_index       0x20003758    0x4  Data  Lc  ble_ans_c.o [1]
m_unread_alert_state    0x200027f9    0x1  Data  Lc  main.o [1]
m_update_count          0x20003484    0x1  Data  Lc  ble_conn_params.o [1]
m_users                 0x20003624    0x1  Data  Lc  fds.o [1]
m_whitelist             0x200029c8   0x10  Data  Lc  ble_advertising.o [1]
m_whitelist_addrs       0x20002f8c   0x38  Data  Lc  ble_advertising.o [1]
m_whitelist_irks        0x20002fc4   0x80  Data  Lc  ble_advertising.o [1]
m_whitelist_reply_expected
                        0x200029e6    0x1  Data  Lc  ble_advertising.o [1]
m_whitelist_temporarily_disabled
                        0x200029e5    0x1  Data  Lc  ble_advertising.o [1]
m_write_buffer          0x20002ac0   0x10  Data  Lc  peer_database.o [1]
m_write_buffer_records  0x20002a1c   0xa0  Data  Lc  peer_database.o [1]
main                    0x0001f33d  0x1f8  Code  Gb  main.o [1]
manuf_specific_data_encode
                        0x00021779   0x68  Code  Lc  ble_advdata.o [1]
memcmp                  0x0001e5dd   0x28  Code  Gb  memcmp.o [4]
mp_ble_evt_buffer       0x20003738    0x4  Data  Lc  softdevice_handler.o [1]
mp_buttons              0x20003564    0x4  Data  Lc  app_button.o [1]
mp_timer_id_head        0x20003654    0x4  Data  Lc  app_timer.o [1]
name_encode             0x0002155f   0xa4  Code  Lc  ble_advdata.o [1]
new_connection          0x0001d24d   0x4e  Code  Gb  id_manager.o [1]
next_id_get             0x0001ed4b   0x2e  Code  Gb  peer_id.o [1]
nrf_clock_event_check   0x00021a6f   0x10  Code  Lc  nrf_drv_clock.o [1]
nrf_clock_event_clear   0x00021a65    0xa  Code  Lc  nrf_drv_clock.o [1]
nrf_delay_us            0x0002075d   0x2a  Code  Lc  app_timer.o [1]
nrf_drv_clock_init      0x00021a7f   0x30  Code  Gb  nrf_drv_clock.o [1]
nrf_drv_clock_on_sd_enable
                        0x00021b23   0x30  Code  Gb  nrf_drv_clock.o [1]
nrf_drv_clock_on_soc_event
                        0x00021b15    0xe  Code  Gb  nrf_drv_clock.o [1]
nrf_drv_common_irq_enable
                        0x00021f6d   0x54  Code  Gb  nrf_drv_common.o [1]
nrf_drv_gpiote_in_event_enable
                        0x00021d65   0x84  Code  Gb  nrf_drv_gpiote.o [1]
nrf_drv_gpiote_in_init  0x00021cc5   0x9c  Code  Gb  nrf_drv_gpiote.o [1]
nrf_drv_gpiote_in_is_set
                        0x00021df1    0xc  Code  Gb  nrf_drv_gpiote.o [1]
nrf_drv_gpiote_init     0x00021c5b   0x4e  Code  Gb  nrf_drv_gpiote.o [1]
nrf_drv_gpiote_is_init  0x00021ca9    0xc  Code  Gb  nrf_drv_gpiote.o [1]
nrf_gpio_cfg            0x00021b75   0x1c  Code  Lc  nrf_drv_gpiote.o [1]
nrf_gpio_cfg_sense_set  0x00021b91   0x18  Code  Lc  nrf_drv_gpiote.o [1]
nrf_gpiote_event_clear  0x00021b6d    0x8  Code  Lc  nrf_drv_gpiote.o [1]
nrf_gpiote_event_is_set
                        0x00021b61    0xc  Code  Lc  nrf_drv_gpiote.o [1]
nrf_nvic_state          0x20003750    0x8  Data  Gb  app_util_platform.o [1]
nrf_uart_errorsrc_get_and_clear
                        0x00021fe7    0xc  Code  Lc  nrf_drv_uart.o [1]
nrf_uart_event_check    0x00021fc7    0x6  Code  Lc  nrf_drv_uart.o [1]
nrf_uart_event_clear    0x00021fc1    0x6  Code  Lc  nrf_drv_uart.o [1]
nrf_uart_int_disable    0x00021fdf    0x8  Code  Lc  nrf_drv_uart.o [1]
nrf_uart_int_enable_check
                        0x00021fcd    0xa  Code  Lc  nrf_drv_uart.o [1]
nrf_uart_rxd_get        0x00021ff3    0xa  Code  Lc  nrf_drv_uart.o [1]
nrf_uart_task_trigger   0x00021ffd    0x6  Code  Lc  nrf_drv_uart.o [1]
on_adv_evt              0x0001f169   0x2e  Code  Lc  main.o [1]
on_ans_c_evt            0x0001efe3  0x104  Code  Lc  main.o [1]
on_characteristic_discovery_rsp
                        0x0002020f   0xfa  Code  Lc  ble_db_discovery.o [1]
on_descriptor_discovery_rsp
                        0x00020311   0xcc  Code  Lc  ble_db_discovery.o [1]
on_srv_disc_completion  0x00020087   0x68  Code  Lc  ble_db_discovery.o [1]
op_enqueue              0x0001b39d   0x72  Code  Lc  fds.o [1]
page_offsets_update     0x0001b185   0x14  Code  Lc  fds.o [1]
page_scan               0x0001b127   0x5e  Code  Lc  fds.o [1]
page_tag_write_data     0x0001b1b1    0xc  Code  Lc  fds.o [1]
page_tag_write_swap     0x0001b199   0x10  Code  Lc  fds.o [1]
pages_init              0x0001b41d   0xde  Code  Lc  fds.o [1]
params_reply_pending_process
                        0x0001cc47   0x42  Code  Lc  security_manager.o [1]
pdb_evt_send            0x0001d879   0x1a  Code  Lc  peer_database.o [1]
pdb_init                0x0001d9c3   0x3e  Code  Gb  peer_database.o [1]
pdb_next_deleted_peer_id_get
                        0x0001dd15    0x8  Code  Gb  peer_database.o [1]
pdb_next_peer_id_get    0x0001dd0d    0x8  Code  Gb  peer_database.o [1]
pdb_pds_evt_handler     0x0001d8a9  0x11a  Code  Gb  peer_database.o [1]
pdb_peer_allocate       0x0001da0d    0x8  Code  Gb  peer_database.o [1]
pdb_peer_data_load      0x0001dd1d   0x10  Code  Gb  peer_database.o [1]
pdb_peer_data_ptr_get   0x0001da61    0xa  Code  Gb  peer_database.o [1]
pdb_peer_free           0x0001da15   0x4c  Code  Gb  peer_database.o [1]
pdb_raw_store           0x0001dd2d    0xc  Code  Gb  peer_database.o [1]
pdb_write_buf_get       0x0001daaf  0x104  Code  Gb  peer_database.o [1]
pdb_write_buf_release   0x0001dbb9   0x2a  Code  Gb  peer_database.o [1]
pdb_write_buf_store     0x0001dc49   0xb8  Code  Gb  peer_database.o [1]
pdb_write_buf_store_prepare
                        0x0001dbe5   0x62  Code  Gb  peer_database.o [1]
pds_evt_send            0x0001e605    0x8  Code  Lc  peer_data_storage.o [1]
pds_init                0x0001e7ff   0x5e  Code  Gb  peer_data_storage.o [1]
pds_next_deleted_peer_id_get
                        0x0001ea5b    0x8  Code  Gb  peer_data_storage.o [1]
pds_next_peer_id_get    0x0001ea53    0x8  Code  Gb  peer_data_storage.o [1]
pds_peer_data_iterate   0x0001e8d9   0x52  Code  Gb  peer_data_storage.o [1]
pds_peer_data_iterate_prepare
                        0x0001e8cb    0xa  Code  Gb  peer_data_storage.o [1]
pds_peer_data_read      0x0001e85d   0x6e  Code  Gb  peer_data_storage.o [1]
pds_peer_data_store     0x0001e973   0xa6  Code  Gb  peer_data_storage.o [1]
pds_peer_id_allocate    0x0001ea19    0xa  Code  Gb  peer_data_storage.o [1]
pds_peer_id_free        0x0001ea35   0x16  Code  Gb  peer_data_storage.o [1]
pds_peer_id_is_allocated
                        0x0001ea4b    0x8  Code  Gb  peer_data_storage.o [1]
pds_space_reserve       0x0001e931   0x32  Code  Gb  peer_data_storage.o [1]
pds_space_reserve_cancel
                        0x0001e963   0x10  Code  Gb  peer_data_storage.o [1]
peer_data_const_point_to_buffer
                        0x0001da7d    0xa  Code  Lc  peer_database.o [1]
peer_data_delete        0x0001e659   0x74  Code  Lc  peer_data_storage.o [1]
peer_data_find          0x0001e6cd   0x32  Code  Lc  peer_data_storage.o [1]
peer_data_id_is_valid   0x0001e639   0x20  Code  Lc  peer_data_storage.o [1]
peer_data_point_to_buffer
                        0x0001da6b   0x12  Code  Lc  peer_database.o [1]
peer_id_allocate        0x0001ece3    0xa  Code  Gb  peer_id.o [1]
peer_id_delete          0x0001eced   0x1e  Code  Gb  peer_id.o [1]
peer_id_free            0x0001ed0b   0x18  Code  Gb  peer_id.o [1]
peer_id_get_next_deleted
                        0x0001ed9f    0xa  Code  Gb  peer_id.o [1]
peer_id_get_next_used   0x0001ed79   0x26  Code  Gb  peer_id.o [1]
peer_id_init            0x0001ec75   0x24  Code  Gb  peer_id.o [1]
peer_id_is_allocated    0x0001ed23   0x14  Code  Gb  peer_id.o [1]
peer_id_is_deleted      0x0001ed37   0x14  Code  Gb  peer_id.o [1]
peer_id_set             0x0001d531   0x16  Code  Lc  id_manager.o [1]
pin_in_use_by_gpiote    0x00021bcd    0xe  Code  Lc  nrf_drv_gpiote.o [1]
pin_in_use_by_port      0x00021bb9   0x14  Code  Lc  nrf_drv_gpiote.o [1]
pin_in_use_by_te        0x00021ba9   0x10  Code  Lc  nrf_drv_gpiote.o [1]
pin_in_use_clear        0x00021bdb    0xe  Code  Lc  nrf_drv_gpiote.o [1]
pm_buffer_block_acquire
                        0x0001ebbb   0x5e  Code  Gb  pm_buffer.o [1]
pm_buffer_init          0x0001eb75   0x46  Code  Gb  pm_buffer.o [1]
pm_buffer_ptr_get       0x0001ec19   0x30  Code  Gb  pm_buffer.o [1]
pm_buffer_release       0x0001ec49   0x2c  Code  Gb  pm_buffer.o [1]
pm_conn_sec_config_reply
                        0x0001e165    0x8  Code  Gb  peer_manager.o [1]
pm_conn_sec_status_get  0x0001e185   0x78  Code  Gb  peer_manager.o [1]
pm_conn_secure          0x0001e151   0x14  Code  Gb  peer_manager.o [1]
pm_evt_handler          0x0001ef25   0x82  Code  Lc  main.o [1]
pm_gcm_evt_handler      0x0001dfc5   0x74  Code  Gb  peer_manager.o [1]
pm_im_evt_handler       0x0001e039   0x4a  Code  Gb  peer_manager.o [1]
pm_init                 0x0001e0a9   0x6c  Code  Gb  peer_manager.o [1]
pm_local_database_has_changed
                        0x0001e16d   0x12  Code  Gb  peer_manager.o [1]
pm_mutex_init           0x0001ee05   0x12  Code  Gb  pm_mutex.o [1]
pm_mutex_lock           0x0001ee17   0x1e  Code  Gb  pm_mutex.o [1]
pm_mutex_lock_first_available
                        0x0001ee6d   0x34  Code  Gb  pm_mutex.o [1]
pm_mutex_lock_status_get
                        0x0001eea1   0x18  Code  Gb  pm_mutex.o [1]
pm_mutex_unlock         0x0001ee35   0x38  Code  Gb  pm_mutex.o [1]
pm_on_ble_evt           0x0001e089   0x20  Code  Gb  peer_manager.o [1]
pm_pdb_evt_handler      0x0001dd69  0x136  Code  Gb  peer_manager.o [1]
pm_peer_delete          0x0001e205   0x14  Code  Gb  peer_manager.o [1]
pm_peer_rank_highest    0x0001e315   0xba  Code  Gb  peer_manager.o [1]
pm_peer_ranks_get       0x0001e255   0xb6  Code  Gb  peer_manager.o [1]
pm_peers_delete         0x0001e219   0x34  Code  Gb  peer_manager.o [1]
pm_register             0x0001e115   0x24  Code  Gb  peer_manager.o [1]
pm_sec_params_set       0x0001e13d   0x14  Code  Gb  peer_manager.o [1]
pm_sm_evt_handler       0x0001dea1  0x120  Code  Gb  peer_manager.o [1]
queue_advance           0x0001be8b   0x22  Code  Lc  fstorage.o [1]
queue_get_next_free     0x0001bf29   0x30  Code  Lc  fstorage.o [1]
queue_process           0x0001b935  0x110  Code  Lc  fds.o [1]
queue_process           0x0001bead   0x62  Code  Lc  fstorage.o [1]
queue_start             0x0001ba49   0x1a  Code  Lc  fds.o [1]
queue_start             0x0001bf0f   0x1a  Code  Lc  fstorage.o [1]
record_find             0x0001b303   0x76  Code  Lc  fds.o [1]
record_find_by_desc     0x0001b26f   0x94  Code  Lc  fds.o [1]
record_find_next        0x0001b21f   0x50  Code  Lc  fds.o [1]
record_header_flag_dirty
                        0x0001b4fd   0x1a  Code  Lc  fds.o [1]
record_key_within_pm_range
                        0x0001e623   0x16  Code  Lc  peer_data_storage.o [1]
registered_handler_get  0x0001ffb9   0x2c  Code  Lc  ble_db_discovery.o [1]
release                 0x0001eccf   0x14  Code  Lc  peer_id.o [1]
rtc1_stop               0x00020787   0x32  Code  Lc  app_timer.o [1]
rx_byte                 0x00022023   0x38  Code  Lc  nrf_drv_uart.o [1]
rx_done_event           0x0002205b   0x16  Code  Lc  nrf_drv_uart.o [1]
sd_nvic_EnableIRQ       0x000210c7   0x6e  Code  Lc  softdevice_handler.o [1]
sdk_mapped_flags_any_set
                        0x0001ce19    0x8  Code  Lc  gatt_cache_manager.o [1]
sdk_mapped_flags_any_set
                        0x0001c9d1    0x8  Code  Lc  security_manager.o [1]
sdk_mapped_flags_bulk_update_by_key
                        0x0001eaa7   0x42  Code  Gb  sdk_mapped_flags.o [1]
sdk_mapped_flags_first_key_index_get
                        0x0001ea73   0x22  Code  Gb  sdk_mapped_flags.o [1]
sdk_mapped_flags_get_by_index
                        0x0001ea65    0xe  Code  Lc  sdk_mapped_flags.o [1]
sdk_mapped_flags_get_by_key
                        0x0001eae9   0x26  Code  Gb  sdk_mapped_flags.o [1]
sdk_mapped_flags_key_list_get
                        0x0001eb0f   0x46  Code  Gb  sdk_mapped_flags.o [1]
sdk_mapped_flags_update_by_key
                        0x0001ea99    0xe  Code  Gb  sdk_mapped_flags.o [1]
sec_info_request_process
                        0x0001c33d   0xac  Code  Lc  security_dispatcher.o [1]
sec_params_verify       0x0001cd29   0x70  Code  Lc  security_manager.o [1]
sec_proc_start          0x0001c2f5   0x48  Code  Lc  security_dispatcher.o [1]
sec_req_timeout_handler
                        0x0001efad   0x36  Code  Lc  main.o [1]
sec_start_send          0x0001c291   0x1c  Code  Lc  security_dispatcher.o [1]
send_event              0x0001be29   0x48  Code  Lc  fstorage.o [1]
service_changed_pending_flags_check
                        0x0001cfc1   0xde  Code  Lc  gatt_cache_manager.o [1]
service_changed_pending_set
                        0x0001e3e5   0x34  Code  Lc  gatts_cache_manager.o [1]
service_data_encode     0x000217e1   0x86  Code  Lc  ble_advdata.o [1]
sleep_mode_enter        0x0001f149   0x20  Code  Lc  main.o [1]
sm_ble_evt_handler      0x0001cd11   0x10  Code  Gb  security_manager.o [1]
sm_conn_sec_config_reply
                        0x0001cdc5   0x12  Code  Gb  security_manager.o [1]
sm_init                 0x0001ccc3   0x4a  Code  Gb  security_manager.o [1]
sm_link_secure          0x0001cde1    0xe  Code  Gb  security_manager.o [1]
sm_pdb_evt_handler      0x0001cc89   0x28  Code  Gb  security_manager.o [1]
sm_sec_params_set       0x0001cd99   0x2c  Code  Gb  security_manager.o [1]
sm_smd_evt_handler      0x0001cb81   0x66  Code  Gb  security_manager.o [1]
smd_ble_evt_handler     0x0001c8e1   0xd6  Code  Gb  security_dispatcher.o [1]
smd_init                0x0001c577   0x30  Code  Gb  security_dispatcher.o [1]
smd_link_secure         0x0001c8ad   0x2c  Code  Gb  security_dispatcher.o [1]
smd_params_reply        0x0001c5b1  0x116  Code  Gb  security_dispatcher.o [1]
smd_params_reply_perform
                        0x0001cb03   0x7e  Code  Lc  security_manager.o [1]
smd_pdb_evt_handler     0x0001c2b9   0x30  Code  Gb  security_dispatcher.o [1]
softdevice_ble_evt_handler_set
                        0x0002120f   0x10  Code  Gb  softdevice_handler.o [1]
softdevice_enable       0x00021279   0x14  Code  Gb  softdevice_handler.o [1]
softdevice_enable_get_default_config
                        0x0002124b   0x2e  Code  Gb  softdevice_handler.o [1]
softdevice_fault_handler
                        0x00021135    0x8  Code  Gb  softdevice_handler.o [1]
softdevice_handler_init
                        0x000211bf   0x50  Code  Gb  softdevice_handler.o [1]
softdevice_handler_is_enabled
                        0x000211b9    0x6  Code  Gb  softdevice_handler.o [1]
softdevice_sys_evt_handler_set
                        0x0002121f   0x10  Code  Gb  softdevice_handler.o [1]
sys_evt_dispatch        0x0001f319   0x10  Code  Lc  main.o [1]
ticks_diff_get          0x000207b9    0x8  Code  Lc  app_timer.o [1]
timer_list_handler      0x000209d5  0x132  Code  Lc  app_timer.o [1]
timer_stop_op_schedule  0x00020b39   0x48  Code  Lc  app_timer.o [1]
timer_timeouts_check    0x000207c1   0x76  Code  Lc  app_timer.o [1]
tx_buffer_process       0x0001f9e1   0x3a  Code  Lc  ble_ans_c.o [1]
tx_byte                 0x00022003   0x20  Code  Lc  nrf_drv_uart.o [1]
tx_done_event           0x00022071   0x20  Code  Lc  nrf_drv_uart.o [1]
uart_irq_handler        0x00022095  0x13e  Code  Lc  nrf_drv_uart.o [1]
uint16_decode           0x000214e1    0xa  Code  Lc  ble_srv_common.o [1]
uint16_encode           0x000214f9    0xa  Code  Lc  ble_advdata.o [1]
update_timeout_handler  0x00020575   0x54  Code  Lc  ble_conn_params.o [1]
user_op_alloc           0x00020b0d   0x28  Code  Lc  app_timer.o [1]
user_op_enque           0x00020b07    0x6  Code  Lc  app_timer.o [1]
uuid_list_encode        0x000216ad   0x2a  Code  Lc  ble_advdata.o [1]
uuid_list_sized_encode  0x00021603   0xaa  Code  Lc  ble_advdata.o [1]
whitelist_has_entries   0x00020ce5   0x12  Code  Lc  ble_advertising.o [1]
write_buf_length_words_set
                        0x0001da87   0x28  Code  Lc  peer_database.o [1]
write_buffer_record_find
                        0x0001d831   0x24  Code  Lc  peer_database.o [1]
write_buffer_record_find_next
                        0x0001d811   0x20  Code  Lc  peer_database.o [1]
write_buffer_record_invalidate
                        0x0001d7f5   0x1c  Code  Lc  peer_database.o [1]
write_buffer_record_release
                        0x0001d855   0x24  Code  Lc  peer_database.o [1]
write_enqueue           0x0001ba6d  0x108  Code  Lc  fds.o [1]
write_execute           0x0001b6cd  0x126  Code  Lc  fds.o [1]
write_space_free        0x0001b20f   0x10  Code  Lc  fds.o [1]
write_space_reserve     0x0001b1cd   0x42  Code  Lc  fds.o [1]


[1] = D:\BLE_Lock\Sentry\examples\ble_peripheral\ble_app_alert_notification\pca10028\s130\iar\_build
[2] = command line
[3] = dl6M_tlf.a
[4] = rt6M_tl.a

  29 778 bytes of readonly  code memory
     137 bytes of readonly  data memory
   6 055 bytes of readwrite data memory

Errors: none
Warnings: none
